06-27 14:16:04.175  1297  1314 E KernelCpuSpeedReader: Failed to read cpu-freq: /sys/devices/system/cpu/cpu0/cpufreq/stats/time_in_state (No such file or directory)
06-27 14:16:04.175  1297  1314 E KernelUidCpuTimeReader: Failed to read uid_cputime: /proc/uid_cputime/show_uid_stat (No such file or directory)
06-27 14:16:04.175  1297  1314 E BatteryStatsService: modem info is invalid: ModemActivityInfo{ mTimestamp=0 mSleepTimeMs=0 mIdleTimeMs=0 mTxTimeMs[]=[0, 0, 0, 0, 0] mRxTimeMs=0 mEnergyUsed=0}
06-27 14:18:00.003  1297  1311 I ProcessStatsService: Prepared write state in 1ms
06-27 14:18:33.528  1297  1297 V BackupManagerService: Scheduling immediate backup pass
06-27 14:18:33.529  1297  1297 W BackupManagerService: Backup pass but e=false p=true
06-27 14:25:35.452  1297  1310 I UsageStatsService: User[0] Flushing usage stats to disk
06-27 14:39:21.654  1297  1297 I JobServiceContext: Client timed out while executing (no jobFinished received). sending onStop. 32ccb96 #u0a36/-1693309448 dev.sunray.xzklmaster/com.google.android.datatransport.runtime.scheduling.jobscheduling.JobInfoSchedulerService
06-27 14:46:04.135  1297  1314 E BatteryStatsService: no controller energy info supplied
06-27 14:46:04.135  1297  1314 E BatteryStatsService: no controller energy info supplied
06-27 14:46:04.148  1297  1314 E KernelCpuSpeedReader: Failed to read cpu-freq: /sys/devices/system/cpu/cpu0/cpufreq/stats/time_in_state (No such file or directory)
06-27 14:46:04.148  1297  1314 E KernelUidCpuTimeReader: Failed to read uid_cputime: /proc/uid_cputime/show_uid_stat (No such file or directory)
06-27 14:46:04.148  1297  1314 E BatteryStatsService: modem info is invalid: ModemActivityInfo{ mTimestamp=0 mSleepTimeMs=0 mIdleTimeMs=0 mTxTimeMs[]=[0, 0, 0, 0, 0] mRxTimeMs=0 mEnergyUsed=0}
06-27 14:48:00.012  1297  1311 I ProcessStatsService: Prepared write state in 0ms
06-27 14:50:53.263  1297  1297 I JobServiceContext: Client timed out while executing (no jobFinished received). sending onStop. 30ace0f #u0a36/-1693309448 dev.sunray.xzklmaster/com.google.android.datatransport.runtime.scheduling.jobscheduling.JobInfoSchedulerService
06-27 15:05:06.772  1297  1309 I ActivityManager: START u0 {cmp=dev.sunray.xzklmaster/com.cocos.lib.CocosEditBoxActivity (has extras)} from uid 10036 on display 0
06-27 15:05:06.860  1708  1708 W ContextImpl: Calling a method in the system process without a qualified user: android.app.ContextImpl.startService:1358 android.content.ContextWrapper.startService:613 android.content.ContextWrapper.startService:613 com.android.coreservice.CoreBroadcastReceiver.onReceive:44 android.app.ActivityThread.handleReceiver:3073 
06-27 15:05:07.006  1708  1708 W ContextImpl: Calling a method in the system process without a qualified user: android.app.ContextImpl.startService:1358 android.content.ContextWrapper.startService:613 android.content.ContextWrapper.startService:613 com.android.coreservice.CoreBroadcastReceiver.onReceive:53 android.app.ActivityThread.handleReceiver:3073 
06-27 15:05:07.073  1297  1691 V KeyValueBackupJob: Scheduling k/v pass in 242 minutes
06-27 15:05:07.104  1708  1708 W ContextImpl: Calling a method in the system process without a qualified user: android.app.ContextImpl.startService:1358 android.content.ContextWrapper.startService:613 android.content.ContextWrapper.startService:613 com.android.coreservice.CoreBroadcastReceiver.onReceive:69 android.app.ActivityThread.handleReceiver:3073 
06-27 15:05:07.106  1708  1708 W ContextImpl: Calling a method in the system process without a qualified user: android.app.ContextImpl.startService:1358 android.content.ContextWrapper.startService:613 android.content.ContextWrapper.startService:613 com.android.coreservice.CoreBroadcastReceiver.onReceive:69 android.app.ActivityThread.handleReceiver:3073 
06-27 15:05:07.107  1708  1708 W ContextImpl: Calling a method in the system process without a qualified user: android.app.ContextImpl.startService:1358 android.content.ContextWrapper.startService:613 android.content.ContextWrapper.startService:613 com.android.coreservice.CoreBroadcastReceiver.onReceive:69 android.app.ActivityThread.handleReceiver:3073 
06-27 15:05:07.108  1708  1708 W ContextImpl: Calling a method in the system process without a qualified user: android.app.ContextImpl.startService:1358 android.content.ContextWrapper.startService:613 android.content.ContextWrapper.startService:613 com.android.coreservice.CoreBroadcastReceiver.onReceive:69 android.app.ActivityThread.handleReceiver:3073 
06-27 15:05:08.727  1708  1708 W ContextImpl: Calling a method in the system process without a qualified user: android.app.ContextImpl.startService:1358 android.content.ContextWrapper.startService:613 android.content.ContextWrapper.startService:613 com.android.coreservice.CoreBroadcastReceiver.onReceive:69 android.app.ActivityThread.handleReceiver:3073 
06-27 15:05:08.747  1297  1544 W ActivityManager: Duplicate finish request for ActivityRecord{74158ff u0 dev.sunray.xzklmaster/com.cocos.lib.CocosEditBoxActivity t5 f}
06-27 15:05:08.749  1708  1708 W ContextImpl: Calling a method in the system process without a qualified user: android.app.ContextImpl.startService:1358 android.content.ContextWrapper.startService:613 android.content.ContextWrapper.startService:613 com.android.coreservice.CoreBroadcastReceiver.onReceive:44 android.app.ActivityThread.handleReceiver:3073 
06-27 15:05:08.771  1708  1708 W ContextImpl: Calling a method in the system process without a qualified user: android.app.ContextImpl.startService:1358 android.content.ContextWrapper.startService:613 android.content.ContextWrapper.startService:613 com.android.coreservice.CoreBroadcastReceiver.onReceive:53 android.app.ActivityThread.handleReceiver:3073 
06-27 15:05:08.772  1708  1708 W ContextImpl: Calling a method in the system process without a qualified user: android.app.ContextImpl.startService:1358 android.content.ContextWrapper.startService:613 android.content.ContextWrapper.startService:613 com.android.coreservice.CoreBroadcastReceiver.onReceive:69 android.app.ActivityThread.handleReceiver:3073 
06-27 15:06:02.114  1297  1297 I JobServiceContext: Client timed out while executing (no jobFinished received). sending onStop. a5e05a3 #u0a36/-1693309448 dev.sunray.xzklmaster/com.google.android.datatransport.runtime.scheduling.jobscheduling.JobInfoSchedulerService
06-27 15:08:11.210  1297  2755 I ActivityManager: Force stopping dev.sunray.xzklmaster appid=10036 user=0: from pid 1708
06-27 15:08:11.255  1297  2755 I ActivityManager: Killing 3540:dev.sunray.xzklmaster/u0a36 (adj 0): stop dev.sunray.xzklmaster
06-27 15:08:11.256  1297  2755 D ActivityManager: cleanUpApplicationRecord -- 3540
06-27 15:08:11.256  1297  2755 W ActivityManager: Scheduling restart of crashed service dev.sunray.xzklmaster/com.google.android.datatransport.runtime.scheduling.jobscheduling.JobInfoSchedulerService in 1000ms
06-27 15:08:11.256  1297  2755 W ActivityManager: Force removing ActivityRecord{596d1c u0 dev.sunray.xzklmaster/com.cocos.game.AppActivity t5}: app died, no saved state
06-27 15:08:11.259  1297  2755 D WindowManager: updateRotationUncheckedLocked! mLastOrientation=5 old-mRotation=3 old-mAltOrientation=false new-mRotation=0 new-mAltOrientation=false
06-27 15:08:11.289  1297  2755 I ActivityManager: Config changes=480 {1.0 ?mcc?mnc [zh_CN] ldltr sw360dp w720dp h336dp 320dpi nrml long land finger qwerty/v/v -nav/h s.11}
06-27 15:08:11.322  1297  1544 D ConnectivityService: ConnectivityService NetworkRequestInfo binderDied(NetworkRequest [ TRACK_DEFAULT id=15, [ Capabilities: INTERNET&NOT_RESTRICTED&TRUSTED&NOT_VPN] ], android.os.BinderProxy@9a8aed7)
06-27 15:08:11.322  1297  2759 D ConnectivityService: ConnectivityService NetworkRequestInfo binderDied(NetworkRequest [ LISTEN id=14, [ Capabilities: INTERNET&NOT_RESTRICTED&TRUSTED&FOREGROUND] ], android.os.BinderProxy@36223c4)
06-27 15:08:11.322  1297  2005 D ConnectivityService: ConnectivityService NetworkRequestInfo binderDied(NetworkRequest [ TRACK_DEFAULT id=13, [ Capabilities: INTERNET&NOT_RESTRICTED&TRUSTED&NOT_VPN] ], android.os.BinderProxy@54722ad)
06-27 15:08:11.329  1297  2755 I ActivityManager:   Force stopping service ServiceRecord{a4f071 u0 dev.sunray.xzklmaster/com.google.android.datatransport.runtime.scheduling.jobscheduling.JobInfoSchedulerService}
06-27 15:08:11.330  1297  1356 E ConnectivityService: RemoteException caught trying to send a callback msg for NetworkRequest [ LISTEN id=14, [ Capabilities: INTERNET&NOT_RESTRICTED&TRUSTED&FOREGROUND] ]
06-27 15:08:11.330  1297  1356 D ConnectivityService: releasing NetworkRequest [ TRACK_DEFAULT id=13, [ Capabilities: INTERNET&NOT_RESTRICTED&TRUSTED&NOT_VPN] ]
06-27 15:08:11.331  1297  1356 E ConnectivityService: RemoteException caught trying to send a callback msg for NetworkRequest [ TRACK_DEFAULT id=13, [ Capabilities: INTERNET&NOT_RESTRICTED&TRUSTED&NOT_VPN] ]
06-27 15:08:11.331  1297  1356 D ConnectivityService: releasing NetworkRequest [ TRACK_DEFAULT id=15, [ Capabilities: INTERNET&NOT_RESTRICTED&TRUSTED&NOT_VPN] ]
06-27 15:08:11.331  1297  1356 E ConnectivityService: RemoteException caught trying to send a callback msg for NetworkRequest [ TRACK_DEFAULT id=15, [ Capabilities: INTERNET&NOT_RESTRICTED&TRUSTED&NOT_VPN] ]
06-27 15:08:11.339  1708  1708 W ContextImpl: Calling a method in the system process without a qualified user: android.app.ContextImpl.startService:1358 android.content.ContextWrapper.startService:613 android.content.ContextWrapper.startService:613 com.android.coreservice.CoreBroadcastReceiver.onReceive:53 android.app.ActivityThread.handleReceiver:3073 
06-27 15:08:11.352  1297  2763 W ActivityManager: Request to remove task ignored for non-existent task 5
06-27 15:08:11.355  1708  1708 W ContextImpl: Calling a method in the system process without a qualified user: android.app.ContextImpl.sendBroadcast:893 android.content.ContextWrapper.sendBroadcast:426 com.android.coreservice.TabManager.notifyClosing:345 com.android.coreservice.TabManager.updateInner:182 com.android.coreservice.TabManager.onUpdate:217 
06-27 15:08:11.392  1708  1708 W ContextImpl: Calling a method in the system process without a qualified user: android.app.ContextImpl.startService:1358 android.content.ContextWrapper.startService:613 android.content.ContextWrapper.startService:613 com.android.coreservice.CoreBroadcastReceiver.onReceive:44 android.app.ActivityThread.handleReceiver:3073 
06-27 15:08:11.392  1708  1708 W ContextImpl: Calling a method in the system process without a qualified user: android.app.ContextImpl.startService:1358 android.content.ContextWrapper.startService:613 android.content.ContextWrapper.startService:613 com.android.coreservice.CoreBroadcastReceiver.onReceive:53 android.app.ActivityThread.handleReceiver:3073 
06-27 15:08:11.487  1708  1708 W ContextImpl: Calling a method in the system process without a qualified user: android.app.ContextImpl.startService:1358 android.content.ContextWrapper.startService:613 android.content.ContextWrapper.startService:613 com.android.coreservice.CoreBroadcastReceiver.onReceive:69 android.app.ActivityThread.handleReceiver:3073 
06-27 15:08:11.573  1297  1318 I WindowManager: Screen frozen for +314ms due to Window{a9a2bed u0 StatusBar}
06-27 15:08:14.009  1297  1309 I ActivityManager: START u0 {act=android.intent.action.MAIN cat=[android.intent.category.LAUNCHER] flg=0x10200000 cmp=dev.sunray.xzklmaster/com.cocos.game.AppActivity bnds=[1144,105][1356,242] (has extras)} from uid 10029 on display 0
06-27 15:08:14.015  1708  1708 W ContextImpl: Calling a method in the system process without a qualified user: android.app.ContextImpl.startService:1358 android.content.ContextWrapper.startService:613 android.content.ContextWrapper.startService:613 com.android.coreservice.CoreBroadcastReceiver.onReceive:44 android.app.ActivityThread.handleReceiver:3073 
06-27 15:08:14.049  1297  2757 I ActivityManager: Start proc 4103:dev.sunray.xzklmaster/u0a36 for activity dev.sunray.xzklmaster/com.cocos.game.AppActivity
06-27 15:08:14.050  1297  2758 D WindowManager: updateRotationUncheckedLocked! mLastOrientation=1 old-mRotation=0 old-mAltOrientation=false new-mRotation=3 new-mAltOrientation=false
06-27 15:08:14.056  1297  2758 I ActivityManager: Config changes=480 {1.0 ?mcc?mnc [zh_CN] ldltr sw360dp w360dp h696dp 320dpi nrml long port finger qwerty/v/v -nav/h s.12}
06-27 15:08:14.065  1708  1708 W ContextImpl: Calling a method in the system process without a qualified user: android.app.ContextImpl.startService:1358 android.content.ContextWrapper.startService:613 android.content.ContextWrapper.startService:613 com.android.coreservice.CoreBroadcastReceiver.onReceive:53 android.app.ActivityThread.handleReceiver:3073 
06-27 15:08:15.051  1297  1318 W WindowManager: Window freeze timeout expired.
06-27 15:08:15.051  1297  1318 W WindowManager: Force clearing orientation change: Window{8934f92 u0 Starting dev.sunray.xzklmaster}
06-27 15:08:15.116  1297  2754 D ConnectivityService: requestNetwork for uid/pid:10036/4103 NetworkRequest [ TRACK_DEFAULT id=16, [ Capabilities: INTERNET&NOT_RESTRICTED&TRUSTED&NOT_VPN] ]
06-27 15:08:15.119  1297  2753 I ActivityManager: START u0 {act=android.content.pm.action.REQUEST_PERMISSIONS pkg=com.android.packageinstaller cmp=com.android.packageinstaller/.permission.ui.GrantPermissionsActivity (has extras)} from uid 10036 on display 0
06-27 15:08:15.128  1708  1708 W ContextImpl: Calling a method in the system process without a qualified user: android.app.ContextImpl.startService:1358 android.content.ContextWrapper.startService:613 android.content.ContextWrapper.startService:613 com.android.coreservice.CoreBroadcastReceiver.onReceive:44 android.app.ActivityThread.handleReceiver:3073 
06-27 15:08:15.155  1297  1309 W ActivityManager: Unable to start service Intent { act=com.google.android.gms.ads.identifier.service.START pkg=com.google.android.gms } U=0: not found
06-27 15:08:15.196  1708  1708 W ContextImpl: Calling a method in the system process without a qualified user: android.app.ContextImpl.startService:1358 android.content.ContextWrapper.startService:613 android.content.ContextWrapper.startService:613 com.android.coreservice.CoreBroadcastReceiver.onReceive:53 android.app.ActivityThread.handleReceiver:3073 
06-27 15:08:15.626  1297  1311 W ActivityManager: Activity pause timeout for ActivityRecord{ef1933a u0 dev.sunray.xzklmaster/com.cocos.game.AppActivity t6}
06-27 15:08:15.707  1297  1318 I WindowManager: Screen frozen for +1s657ms due to Window{8934f92 u0 Starting dev.sunray.xzklmaster}
06-27 15:08:15.775  1708  1708 W ContextImpl: Calling a method in the system process without a qualified user: android.app.ContextImpl.startService:1358 android.content.ContextWrapper.startService:613 android.content.ContextWrapper.startService:613 com.android.coreservice.CoreBroadcastReceiver.onReceive:53 android.app.ActivityThread.handleReceiver:3073 
06-27 15:08:15.783  1708  1708 W ContextImpl: Calling a method in the system process without a qualified user: android.app.ContextImpl.startService:1358 android.content.ContextWrapper.startService:613 android.content.ContextWrapper.startService:613 com.android.coreservice.CoreBroadcastReceiver.onReceive:44 android.app.ActivityThread.handleReceiver:3073 
06-27 15:08:16.043  1708  1708 W ContextImpl: Calling a method in the system process without a qualified user: android.app.ContextImpl.startService:1358 android.content.ContextWrapper.startService:613 android.content.ContextWrapper.startService:613 com.android.coreservice.CoreBroadcastReceiver.onReceive:69 android.app.ActivityThread.handleReceiver:3073 
06-27 15:08:16.049  1708  1708 W ContextImpl: Calling a method in the system process without a qualified user: android.app.ContextImpl.startService:1358 android.content.ContextWrapper.startService:613 android.content.ContextWrapper.startService:613 com.android.coreservice.CoreBroadcastReceiver.onReceive:69 android.app.ActivityThread.handleReceiver:3073 
06-27 15:08:16.069  1297  1544 D ConnectivityService: requestNetwork for uid/pid:10036/4103 NetworkRequest [ TRACK_DEFAULT id=18, [ Capabilities: INTERNET&NOT_RESTRICTED&TRUSTED&NOT_VPN] ]
06-27 15:08:16.077  1297  2753 W ActivityManager: Unable to start service Intent { act=com.google.android.gms.ads.identifier.service.START pkg=com.google.android.gms } U=0: not found
06-27 15:08:16.077  1297  2754 W ActivityManager: Unbind failed: could not find connection for android.os.BinderProxy@8bb9a20
06-27 15:08:16.172  4103  4141 E ActivityThread: Failed to find provider info for com.google.android.gms.phenotype
06-27 15:08:17.550  1297  2756 W ActivityManager: Unable to start service Intent { act=com.android.vending.licensing.ILicensingService pkg=com.android.vending } U=0: not found
06-27 15:08:18.310  1708  1708 W ContextImpl: Calling a method in the system process without a qualified user: android.app.ContextImpl.startService:1358 android.content.ContextWrapper.startService:613 android.content.ContextWrapper.startService:613 com.android.coreservice.CoreBroadcastReceiver.onReceive:53 android.app.ActivityThread.handleReceiver:3073 
06-27 15:08:20.552  1297  1308 W ActivityManager: Unable to start service Intent { act=com.android.vending.licensing.ILicensingService pkg=com.android.vending } U=0: not found
06-27 15:08:26.555  1297  2754 W ActivityManager: Unable to start service Intent { act=com.android.vending.licensing.ILicensingService pkg=com.android.vending } U=0: not found
06-27 15:16:04.149  1297  1314 E BatteryStatsService: no controller energy info supplied
06-27 15:16:04.149  1297  1314 E BatteryStatsService: no controller energy info supplied
06-27 15:16:04.164  1297  1314 E KernelCpuSpeedReader: Failed to read cpu-freq: /sys/devices/system/cpu/cpu0/cpufreq/stats/time_in_state (No such file or directory)
06-27 15:16:04.164  1297  1314 E KernelUidCpuTimeReader: Failed to read uid_cputime: /proc/uid_cputime/show_uid_stat (No such file or directory)
06-27 15:16:04.165  1297  1314 E BatteryStatsService: modem info is invalid: ModemActivityInfo{ mTimestamp=0 mSleepTimeMs=0 mIdleTimeMs=0 mTxTimeMs[]=[0, 0, 0, 0, 0] mRxTimeMs=0 mEnergyUsed=0}
06-27 15:18:00.014  1297  1311 I ProcessStatsService: Prepared write state in 0ms
06-27 15:25:06.877  1297  1310 I UsageStatsService: User[0] Flushing usage stats to disk
06-27 15:31:48.618  1297  1297 I JobServiceContext: Client timed out while executing (no jobFinished received). sending onStop. 9a0edb2 #u0a36/-1693309448 dev.sunray.xzklmaster/com.google.android.datatransport.runtime.scheduling.jobscheduling.JobInfoSchedulerService
06-27 15:46:04.137  1297  1314 E BatteryStatsService: no controller energy info supplied
06-27 15:46:04.137  1297  1314 E BatteryStatsService: no controller energy info supplied
06-27 15:46:04.138  1297  1314 E KernelCpuSpeedReader: Failed to read cpu-freq: /sys/devices/system/cpu/cpu0/cpufreq/stats/time_in_state (No such file or directory)
06-27 15:46:04.138  1297  1314 E KernelUidCpuTimeReader: Failed to read uid_cputime: /proc/uid_cputime/show_uid_stat (No such file or directory)
06-27 15:46:04.139  1297  1314 E BatteryStatsService: modem info is invalid: ModemActivityInfo{ mTimestamp=0 mSleepTimeMs=0 mIdleTimeMs=0 mTxTimeMs[]=[0, 0, 0, 0, 0] mRxTimeMs=0 mEnergyUsed=0}
06-27 15:46:50.762  1297  1297 I JobServiceContext: Client timed out while executing (no jobFinished received). sending onStop. a94810a #u0a36/-1693309448 dev.sunray.xzklmaster/com.google.android.datatransport.runtime.scheduling.jobscheduling.JobInfoSchedulerService
06-27 15:48:00.017  1297  1311 I ProcessStatsService: Prepared write state in 0ms
06-27 16:03:43.662  1297  2753 I ActivityManager: Force stopping dev.sunray.xzklmaster appid=10036 user=0: from pid 1708
06-27 16:03:43.663  1297  2753 I ActivityManager: Killing 4103:dev.sunray.xzklmaster/u0a36 (adj 0): stop dev.sunray.xzklmaster
06-27 16:03:43.664  1297  2753 D ActivityManager: cleanUpApplicationRecord -- 4103
06-27 16:03:43.664  1297  2753 W ActivityManager: Scheduling restart of crashed service dev.sunray.xzklmaster/com.google.android.datatransport.runtime.scheduling.jobscheduling.JobInfoSchedulerService in 1000ms
06-27 16:03:43.671  1297  2753 W ActivityManager: Force removing ActivityRecord{ef1933a u0 dev.sunray.xzklmaster/com.cocos.game.AppActivity t6}: app died, no saved state
06-27 16:03:43.704  1297  2753 D WindowManager: updateRotationUncheckedLocked! mLastOrientation=5 old-mRotation=3 old-mAltOrientation=false new-mRotation=0 new-mAltOrientation=false
06-27 16:03:43.715  1297  2757 D ConnectivityService: ConnectivityService NetworkRequestInfo binderDied(NetworkRequest [ TRACK_DEFAULT id=16, [ Capabilities: INTERNET&NOT_RESTRICTED&TRUSTED&NOT_VPN] ], android.os.BinderProxy@ec986c8)
06-27 16:03:43.715  1297  2763 D ConnectivityService: ConnectivityService NetworkRequestInfo binderDied(NetworkRequest [ LISTEN id=17, [ Capabilities: INTERNET&NOT_RESTRICTED&TRUSTED&FOREGROUND] ], android.os.BinderProxy@98f8361)
06-27 16:03:43.716  1297  2755 D ConnectivityService: ConnectivityService NetworkRequestInfo binderDied(NetworkRequest [ TRACK_DEFAULT id=18, [ Capabilities: INTERNET&NOT_RESTRICTED&TRUSTED&NOT_VPN] ], android.os.BinderProxy@a28ae86)
06-27 16:03:43.741  1297  1356 D ConnectivityService: releasing NetworkRequest [ TRACK_DEFAULT id=18, [ Capabilities: INTERNET&NOT_RESTRICTED&TRUSTED&NOT_VPN] ]
06-27 16:03:43.744  1297  1356 E ConnectivityService: RemoteException caught trying to send a callback msg for NetworkRequest [ TRACK_DEFAULT id=18, [ Capabilities: INTERNET&NOT_RESTRICTED&TRUSTED&NOT_VPN] ]
06-27 16:03:43.744  1297  1356 D ConnectivityService: releasing NetworkRequest [ TRACK_DEFAULT id=16, [ Capabilities: INTERNET&NOT_RESTRICTED&TRUSTED&NOT_VPN] ]
06-27 16:03:43.744  1297  1356 E ConnectivityService: RemoteException caught trying to send a callback msg for NetworkRequest [ TRACK_DEFAULT id=16, [ Capabilities: INTERNET&NOT_RESTRICTED&TRUSTED&NOT_VPN] ]
06-27 16:03:43.744  1297  1356 E ConnectivityService: RemoteException caught trying to send a callback msg for NetworkRequest [ LISTEN id=17, [ Capabilities: INTERNET&NOT_RESTRICTED&TRUSTED&FOREGROUND] ]
06-27 16:03:43.905  1297  2753 I ActivityManager: Config changes=480 {1.0 ?mcc?mnc [zh_CN] ldltr sw360dp w720dp h336dp 320dpi nrml long land finger qwerty/v/v -nav/h s.13}
06-27 16:03:43.931  1297  2753 I ActivityManager:   Force stopping service ServiceRecord{cd740ba u0 dev.sunray.xzklmaster/com.google.android.datatransport.runtime.scheduling.jobscheduling.JobInfoSchedulerService}
06-27 16:03:44.044  1708  1708 W ContextImpl: Calling a method in the system process without a qualified user: android.app.ContextImpl.startService:1358 android.content.ContextWrapper.startService:613 android.content.ContextWrapper.startService:613 com.android.coreservice.CoreBroadcastReceiver.onReceive:53 android.app.ActivityThread.handleReceiver:3073 
06-27 16:03:44.064  1297  2006 W ActivityManager: Request to remove task ignored for non-existent task 6
06-27 16:03:44.065  1708  1708 W ContextImpl: Calling a method in the system process without a qualified user: android.app.ContextImpl.sendBroadcast:893 android.content.ContextWrapper.sendBroadcast:426 com.android.coreservice.TabManager.notifyClosing:345 com.android.coreservice.TabManager.updateInner:182 com.android.coreservice.TabManager.onUpdate:217 
06-27 16:03:44.065  1708  1708 W ContextImpl: Calling a method in the system process without a qualified user: android.app.ContextImpl.startService:1358 android.content.ContextWrapper.startService:613 android.content.ContextWrapper.startService:613 com.android.coreservice.CoreBroadcastReceiver.onReceive:44 android.app.ActivityThread.handleReceiver:3073 
06-27 16:03:44.068  1708  1708 W ContextImpl: Calling a method in the system process without a qualified user: android.app.ContextImpl.startService:1358 android.content.ContextWrapper.startService:613 android.content.ContextWrapper.startService:613 com.android.coreservice.CoreBroadcastReceiver.onReceive:53 android.app.ActivityThread.handleReceiver:3073 
06-27 16:03:44.069  1708  1708 W ContextImpl: Calling a method in the system process without a qualified user: android.app.ContextImpl.startService:1358 android.content.ContextWrapper.startService:613 android.content.ContextWrapper.startService:613 com.android.coreservice.CoreBroadcastReceiver.onReceive:69 android.app.ActivityThread.handleReceiver:3073 
06-27 16:03:44.124  1297  1318 I WindowManager: Screen frozen for +420ms due to Window{19a1c11 u0 com.android.launcher3/com.android.launcher3.Launcher}
06-27 16:04:09.855  1297  1326 W PackageParser: Unknown element under <manifest>: queries at /data/app/vmdl1018006065.tmp/base.apk Binary XML file line #23
06-27 16:04:09.857  1297  1326 W PackageParser: Unknown element under <application>: property at /data/app/vmdl1018006065.tmp/base.apk Binary XML file line #224
06-27 16:04:09.857  1297  1326 W PackageParser: Unknown element under <application>: property at /data/app/vmdl1018006065.tmp/base.apk Binary XML file line #276
06-27 16:04:09.928  1297  1326 I PackageManager: do copyNativeBinariesForSupportedAbi copyRet=1
06-27 16:04:09.928  1297  1326 W PackageManager: Package dev.sunray.xzklmaster desires unavailable shared library android.ext.adservices; ignoring!
06-27 16:04:09.932  1297  1311 I ActivityManager: Force stopping dev.sunray.xzklmaster appid=10036 user=-1: installPackageLI
06-27 16:04:09.960  1297  1326 I PackageManager: Package dev.sunray.xzklmaster codePath changed from /data/app/dev.sunray.xzklmaster-2 to /data/app/dev.sunray.xzklmaster-1; Retaining data and using new
06-27 16:04:09.960  1297  1326 W PackageManager: Package dev.sunray.xzklmaster desires unavailable shared library android.ext.adservices; ignoring!
06-27 16:04:09.961  1297  1326 W PackageManager: Code path for dev.sunray.xzklmaster changing from /data/app/dev.sunray.xzklmaster-2 to /data/app/dev.sunray.xzklmaster-1
06-27 16:04:09.961  1297  1326 W PackageManager: Resource path for dev.sunray.xzklmaster changing from /data/app/dev.sunray.xzklmaster-2 to /data/app/dev.sunray.xzklmaster-1
06-27 16:04:09.967  1297  1326 W PackageManager: Unknown permission BIND_GET_INSTALL_REFERRER_SERVICE in package dev.sunray.xzklmaster
06-27 16:04:09.967  1297  1326 W PackageManager: Unknown permission com.android.vending.CHECK_LICENSE in package dev.sunray.xzklmaster
06-27 16:04:09.967  1297  1326 W PackageManager: Unknown permission com.google.android.gms.permission.AD_ID in package dev.sunray.xzklmaster
06-27 16:04:09.967  1297  1326 W PackageManager: Unknown permission com.google.android.finsky.permission.BIND_GET_INSTALL_REFERRER_SERVICE in package dev.sunray.xzklmaster
06-27 16:04:09.967  1297  1326 W PackageManager: Unknown permission com.android.vending.BILLING in package dev.sunray.xzklmaster
06-27 16:04:09.967  1297  1326 W PackageManager: Unknown permission android.permission.ACCESS_ADSERVICES_ATTRIBUTION in package dev.sunray.xzklmaster
06-27 16:04:09.967  1297  1326 W PackageManager: Unknown permission android.permission.ACCESS_ADSERVICES_AD_ID in package dev.sunray.xzklmaster
06-27 16:04:09.967  1297  1326 W PackageManager: Unknown permission android.permission.ACCESS_ADSERVICES_TOPICS in package dev.sunray.xzklmaster
06-27 16:04:09.967  1297  1326 W PackageManager: Unknown permission android.permission.FOREGROUND_SERVICE in package dev.sunray.xzklmaster
06-27 16:04:09.997  1297  1326 I ActivityManager: Force stopping dev.sunray.xzklmaster appid=10036 user=0: pkg removed
06-27 16:04:10.035  1708  1708 W ContextImpl: Calling a method in the system process without a qualified user: android.app.ContextImpl.startService:1358 android.content.ContextWrapper.startService:613 android.content.ContextWrapper.startService:613 com.android.coreservice.CoreBroadcastReceiver.onReceive:85 android.app.ActivityThread.handleReceiver:3073 
06-27 16:04:10.059  1742  1742 W ContextImpl: Calling a method in the system process without a qualified user: android.app.ContextImpl.startService:1358 android.content.ContextWrapper.startService:613 android.content.ContextWrapper.startService:613 com.android.keychain.KeyChainBroadcastReceiver.onReceive:12 android.app.ActivityThread.handleReceiver:3073 
06-27 16:04:10.093  1708  1708 W ContextImpl: Calling a method in the system process without a qualified user: android.app.ContextImpl.startService:1358 android.content.ContextWrapper.startService:613 android.content.ContextWrapper.startService:613 com.android.coreservice.CoreBroadcastReceiver.onReceive:77 android.app.ActivityThread.handleReceiver:3073 
06-27 16:04:10.095  1297  1310 W VoiceInteractionManagerService: no available voice recognition services found for user 0
06-27 16:04:10.320  1297  2005 W BackupManagerService: dataChanged but no participant pkg='com.android.launcher3' uid=10029
06-27 16:04:29.568  1297  1587 I ActivityManager: START u0 {act=android.intent.action.MAIN cat=[android.intent.category.LAUNCHER] flg=0x10200000 cmp=dev.sunray.xzklmaster/com.cocos.game.AppActivity bnds=[1144,105][1356,242] (has extras)} from uid 10029 on display 0
06-27 16:04:29.581  1708  1708 W ContextImpl: Calling a method in the system process without a qualified user: android.app.ContextImpl.startService:1358 android.content.ContextWrapper.startService:613 android.content.ContextWrapper.startService:613 com.android.coreservice.CoreBroadcastReceiver.onReceive:44 android.app.ActivityThread.handleReceiver:3073 
06-27 16:04:29.598  1297  2753 I ActivityManager: Start proc 4706:dev.sunray.xzklmaster/u0a36 for activity dev.sunray.xzklmaster/com.cocos.game.AppActivity
06-27 16:04:29.625  1297  1586 D WindowManager: updateRotationUncheckedLocked! mLastOrientation=1 old-mRotation=0 old-mAltOrientation=false new-mRotation=3 new-mAltOrientation=false
06-27 16:04:29.640  1297  1586 I ActivityManager: Config changes=480 {1.0 ?mcc?mnc [zh_CN] ldltr sw360dp w360dp h696dp 320dpi nrml long port finger qwerty/v/v -nav/h s.14}
06-27 16:04:29.673  1708  1708 W ContextImpl: Calling a method in the system process without a qualified user: android.app.ContextImpl.startService:1358 android.content.ContextWrapper.startService:613 android.content.ContextWrapper.startService:613 com.android.coreservice.CoreBroadcastReceiver.onReceive:53 android.app.ActivityThread.handleReceiver:3073 
06-27 16:04:30.626  1297  1318 W WindowManager: Window freeze timeout expired.
06-27 16:04:30.626  1297  1318 W WindowManager: Force clearing orientation change: Window{ca075e9 u0 Starting dev.sunray.xzklmaster}
06-27 16:04:30.626  1297  1318 W WindowManager: Force clearing orientation change: Window{97af37f u0 com.android.systemui.ImageWallpaper}
06-27 16:04:30.787  1297  2755 I ActivityManager: START u0 {act=android.content.pm.action.REQUEST_PERMISSIONS pkg=com.android.packageinstaller cmp=com.android.packageinstaller/.permission.ui.GrantPermissionsActivity (has extras)} from uid 10036 on display 0
06-27 16:04:30.797  1708  1708 W ContextImpl: Calling a method in the system process without a qualified user: android.app.ContextImpl.startService:1358 android.content.ContextWrapper.startService:613 android.content.ContextWrapper.startService:613 com.android.coreservice.CoreBroadcastReceiver.onReceive:44 android.app.ActivityThread.handleReceiver:3073 
06-27 16:04:30.800  1297  1308 D ConnectivityService: requestNetwork for uid/pid:10036/4706 NetworkRequest [ TRACK_DEFAULT id=19, [ Capabilities: INTERNET&NOT_RESTRICTED&TRUSTED&NOT_VPN] ]
06-27 16:04:30.836  1297  1587 W ActivityManager: Unable to start service Intent { act=com.google.android.gms.ads.identifier.service.START pkg=com.google.android.gms } U=0: not found
06-27 16:04:30.872  1708  1708 W ContextImpl: Calling a method in the system process without a qualified user: android.app.ContextImpl.startService:1358 android.content.ContextWrapper.startService:613 android.content.ContextWrapper.startService:613 com.android.coreservice.CoreBroadcastReceiver.onReceive:53 android.app.ActivityThread.handleReceiver:3073 
06-27 16:04:31.296  1297  1311 W ActivityManager: Activity pause timeout for ActivityRecord{6f441b1 u0 dev.sunray.xzklmaster/com.cocos.game.AppActivity t7}
06-27 16:04:31.443  1297  1318 I WindowManager: Screen frozen for +1s816ms due to Window{ca075e9 u0 Starting dev.sunray.xzklmaster}
06-27 16:04:31.581  1708  1708 W ContextImpl: Calling a method in the system process without a qualified user: android.app.ContextImpl.startService:1358 android.content.ContextWrapper.startService:613 android.content.ContextWrapper.startService:613 com.android.coreservice.CoreBroadcastReceiver.onReceive:53 android.app.ActivityThread.handleReceiver:3073 
06-27 16:04:31.607  1708  1708 W ContextImpl: Calling a method in the system process without a qualified user: android.app.ContextImpl.startService:1358 android.content.ContextWrapper.startService:613 android.content.ContextWrapper.startService:613 com.android.coreservice.CoreBroadcastReceiver.onReceive:44 android.app.ActivityThread.handleReceiver:3073 
06-27 16:04:31.643  1297  1587 D ConnectivityService: requestNetwork for uid/pid:10036/4706 NetworkRequest [ TRACK_DEFAULT id=21, [ Capabilities: INTERNET&NOT_RESTRICTED&TRUSTED&NOT_VPN] ]
06-27 16:04:31.786  1708  1708 W ContextImpl: Calling a method in the system process without a qualified user: android.app.ContextImpl.startService:1358 android.content.ContextWrapper.startService:613 android.content.ContextWrapper.startService:613 com.android.coreservice.CoreBroadcastReceiver.onReceive:69 android.app.ActivityThread.handleReceiver:3073 
06-27 16:04:31.792  1708  1708 W ContextImpl: Calling a method in the system process without a qualified user: android.app.ContextImpl.startService:1358 android.content.ContextWrapper.startService:613 android.content.ContextWrapper.startService:613 com.android.coreservice.CoreBroadcastReceiver.onReceive:69 android.app.ActivityThread.handleReceiver:3073 
06-27 16:04:31.832  1297  2753 W ActivityManager: Unable to start service Intent { act=com.google.android.gms.ads.identifier.service.START pkg=com.google.android.gms } U=0: not found
06-27 16:04:31.837  1297  1309 W ActivityManager: Unbind failed: could not find connection for android.os.BinderProxy@20a2d2e
06-27 16:04:32.255  4706  4744 E ActivityThread: Failed to find provider info for com.google.android.gms.phenotype
06-27 16:04:35.221  1708  1708 W ContextImpl: Calling a method in the system process without a qualified user: android.app.ContextImpl.startService:1358 android.content.ContextWrapper.startService:613 android.content.ContextWrapper.startService:613 com.android.coreservice.CoreBroadcastReceiver.onReceive:53 android.app.ActivityThread.handleReceiver:3073 
06-27 16:09:11.162  1297  1326 W PackageParser: Unknown element under <manifest>: queries at /data/app/vmdl701484948.tmp/base.apk Binary XML file line #23
06-27 16:09:11.163  1297  1326 W PackageParser: Unknown element under <application>: property at /data/app/vmdl701484948.tmp/base.apk Binary XML file line #224
06-27 16:09:11.163  1297  1326 W PackageParser: Unknown element under <application>: property at /data/app/vmdl701484948.tmp/base.apk Binary XML file line #276
06-27 16:09:11.233  1297  1326 I PackageManager: do copyNativeBinariesForSupportedAbi copyRet=1
06-27 16:09:11.233  1297  1326 W PackageManager: Package dev.sunray.xzklmaster desires unavailable shared library android.ext.adservices; ignoring!
06-27 16:09:11.238  1297  1311 I ActivityManager: Force stopping dev.sunray.xzklmaster appid=10036 user=-1: installPackageLI
06-27 16:09:11.238  1297  1311 I ActivityManager: Killing 4706:dev.sunray.xzklmaster/u0a36 (adj 0): stop dev.sunray.xzklmaster
06-27 16:09:11.238  1297  1311 D ActivityManager: cleanUpApplicationRecord -- 4706
06-27 16:09:11.239  1297  1311 W ActivityManager: Scheduling restart of crashed service dev.sunray.xzklmaster/com.google.android.datatransport.runtime.scheduling.jobscheduling.JobInfoSchedulerService in 1000ms
06-27 16:09:11.240  1297  1311 W ActivityManager: Force removing ActivityRecord{6f441b1 u0 dev.sunray.xzklmaster/com.cocos.game.AppActivity t7}: app died, no saved state
06-27 16:09:11.308  1297  2758 D ConnectivityService: ConnectivityService NetworkRequestInfo binderDied(NetworkRequest [ LISTEN id=20, [ Capabilities: INTERNET&NOT_RESTRICTED&TRUSTED&FOREGROUND] ], android.os.BinderProxy@eb7f645)
06-27 16:09:11.308  1297  2006 D ConnectivityService: ConnectivityService NetworkRequestInfo binderDied(NetworkRequest [ TRACK_DEFAULT id=19, [ Capabilities: INTERNET&NOT_RESTRICTED&TRUSTED&NOT_VPN] ], android.os.BinderProxy@fbb119a)
06-27 16:09:11.309  1297  2763 D ConnectivityService: ConnectivityService NetworkRequestInfo binderDied(NetworkRequest [ TRACK_DEFAULT id=21, [ Capabilities: INTERNET&NOT_RESTRICTED&TRUSTED&NOT_VPN] ], android.os.BinderProxy@91f9acb)
06-27 16:09:11.351  1297  1326 I PackageManager: Package dev.sunray.xzklmaster codePath changed from /data/app/dev.sunray.xzklmaster-1 to /data/app/dev.sunray.xzklmaster-2; Retaining data and using new
06-27 16:09:11.351  1297  1326 W PackageManager: Package dev.sunray.xzklmaster desires unavailable shared library android.ext.adservices; ignoring!
06-27 16:09:11.351  1297  1326 W PackageManager: Code path for dev.sunray.xzklmaster changing from /data/app/dev.sunray.xzklmaster-1 to /data/app/dev.sunray.xzklmaster-2
06-27 16:09:11.351  1297  1326 W PackageManager: Resource path for dev.sunray.xzklmaster changing from /data/app/dev.sunray.xzklmaster-1 to /data/app/dev.sunray.xzklmaster-2
06-27 16:09:11.359  1297  1326 W PackageManager: Unknown permission BIND_GET_INSTALL_REFERRER_SERVICE in package dev.sunray.xzklmaster
06-27 16:09:11.359  1297  1326 W PackageManager: Unknown permission com.android.vending.CHECK_LICENSE in package dev.sunray.xzklmaster
06-27 16:09:11.359  1297  1326 W PackageManager: Unknown permission com.google.android.gms.permission.AD_ID in package dev.sunray.xzklmaster
06-27 16:09:11.359  1297  1326 W PackageManager: Unknown permission com.google.android.finsky.permission.BIND_GET_INSTALL_REFERRER_SERVICE in package dev.sunray.xzklmaster
06-27 16:09:11.359  1297  1326 W PackageManager: Unknown permission com.android.vending.BILLING in package dev.sunray.xzklmaster
06-27 16:09:11.359  1297  1326 W PackageManager: Unknown permission android.permission.ACCESS_ADSERVICES_ATTRIBUTION in package dev.sunray.xzklmaster
06-27 16:09:11.359  1297  1326 W PackageManager: Unknown permission android.permission.ACCESS_ADSERVICES_AD_ID in package dev.sunray.xzklmaster
06-27 16:09:11.359  1297  1326 W PackageManager: Unknown permission android.permission.ACCESS_ADSERVICES_TOPICS in package dev.sunray.xzklmaster
06-27 16:09:11.359  1297  1326 W PackageManager: Unknown permission android.permission.FOREGROUND_SERVICE in package dev.sunray.xzklmaster
06-27 16:09:11.451  1297  2753 W WindowManager: Failed looking up window
06-27 16:09:11.451  1297  2753 W WindowManager: java.lang.IllegalArgumentException: Requested window android.os.BinderProxy@d1ee6c4 does not exist
06-27 16:09:11.451  1297  2753 W WindowManager: 	at com.android.server.wm.WindowManagerService.windowForClientLocked(WindowManagerService.java:9459)
06-27 16:09:11.451  1297  2753 W WindowManager: 	at com.android.server.wm.WindowManagerService.windowForClientLocked(WindowManagerService.java:9450)
06-27 16:09:11.451  1297  2753 W WindowManager: 	at com.android.server.wm.WindowState$DeathRecipient.binderDied(WindowState.java:1807)
06-27 16:09:11.451  1297  2753 W WindowManager: 	at android.os.BinderProxy.sendDeathNotice(Binder.java:688)
06-27 16:09:11.451  1297  2753 I WindowManager: WIN DEATH: null
06-27 16:09:11.452  1297  1356 E ConnectivityService: RemoteException caught trying to send a callback msg for NetworkRequest [ LISTEN id=20, [ Capabilities: INTERNET&NOT_RESTRICTED&TRUSTED&FOREGROUND] ]
06-27 16:09:11.452  1297  1356 D ConnectivityService: releasing NetworkRequest [ TRACK_DEFAULT id=19, [ Capabilities: INTERNET&NOT_RESTRICTED&TRUSTED&NOT_VPN] ]
06-27 16:09:11.453  1297  1356 E ConnectivityService: RemoteException caught trying to send a callback msg for NetworkRequest [ TRACK_DEFAULT id=19, [ Capabilities: INTERNET&NOT_RESTRICTED&TRUSTED&NOT_VPN] ]
06-27 16:09:11.453  1297  1356 D ConnectivityService: releasing NetworkRequest [ TRACK_DEFAULT id=21, [ Capabilities: INTERNET&NOT_RESTRICTED&TRUSTED&NOT_VPN] ]
06-27 16:09:11.453  1297  1356 E ConnectivityService: RemoteException caught trying to send a callback msg for NetworkRequest [ TRACK_DEFAULT id=21, [ Capabilities: INTERNET&NOT_RESTRICTED&TRUSTED&NOT_VPN] ]
06-27 16:09:11.503  1297  1309 W WindowManager: Failed looking up window
06-27 16:09:11.503  1297  1309 W WindowManager: java.lang.IllegalArgumentException: Requested window android.os.BinderProxy@ee3d82 does not exist
06-27 16:09:11.503  1297  1309 W WindowManager: 	at com.android.server.wm.WindowManagerService.windowForClientLocked(WindowManagerService.java:9459)
06-27 16:09:11.503  1297  1309 W WindowManager: 	at com.android.server.wm.WindowManagerService.windowForClientLocked(WindowManagerService.java:9450)
06-27 16:09:11.503  1297  1309 W WindowManager: 	at com.android.server.wm.WindowState$DeathRecipient.binderDied(WindowState.java:1807)
06-27 16:09:11.503  1297  1309 W WindowManager: 	at android.os.BinderProxy.sendDeathNotice(Binder.java:688)
06-27 16:09:11.503  1297  1309 I WindowManager: WIN DEATH: null
06-27 16:09:11.514  1297  1311 D WindowManager: updateRotationUncheckedLocked! mLastOrientation=5 old-mRotation=3 old-mAltOrientation=false new-mRotation=0 new-mAltOrientation=false
06-27 16:09:11.607  1297  1311 I ActivityManager: Config changes=480 {1.0 ?mcc?mnc [zh_CN] ldltr sw360dp w720dp h336dp 320dpi nrml long land finger qwerty/v/v -nav/h s.15}
06-27 16:09:11.633  1297  1311 I ActivityManager:   Force stopping service ServiceRecord{e059ea u0 dev.sunray.xzklmaster/com.google.android.datatransport.runtime.scheduling.jobscheduling.JobInfoSchedulerService}
06-27 16:09:11.639  1297  1326 I ActivityManager: Force stopping dev.sunray.xzklmaster appid=10036 user=0: pkg removed
06-27 16:09:11.731  1708  1708 W ContextImpl: Calling a method in the system process without a qualified user: android.app.ContextImpl.startService:1358 android.content.ContextWrapper.startService:613 android.content.ContextWrapper.startService:613 com.android.coreservice.CoreBroadcastReceiver.onReceive:44 android.app.ActivityThread.handleReceiver:3073 
06-27 16:09:11.740  1708  1708 W ContextImpl: Calling a method in the system process without a qualified user: android.app.ContextImpl.startService:1358 android.content.ContextWrapper.startService:613 android.content.ContextWrapper.startService:613 com.android.coreservice.CoreBroadcastReceiver.onReceive:85 android.app.ActivityThread.handleReceiver:3073 
06-27 16:09:11.748  1297  1310 W VoiceInteractionManagerService: no available voice recognition services found for user 0
06-27 16:09:11.812  1742  1742 W ContextImpl: Calling a method in the system process without a qualified user: android.app.ContextImpl.startService:1358 android.content.ContextWrapper.startService:613 android.content.ContextWrapper.startService:613 com.android.keychain.KeyChainBroadcastReceiver.onReceive:12 android.app.ActivityThread.handleReceiver:3073 
06-27 16:09:11.862  1708  1708 W ContextImpl: Calling a method in the system process without a qualified user: android.app.ContextImpl.startService:1358 android.content.ContextWrapper.startService:613 android.content.ContextWrapper.startService:613 com.android.coreservice.CoreBroadcastReceiver.onReceive:77 android.app.ActivityThread.handleReceiver:3073 
06-27 16:09:11.975  1708  1708 W ContextImpl: Calling a method in the system process without a qualified user: android.app.ContextImpl.startService:1358 android.content.ContextWrapper.startService:613 android.content.ContextWrapper.startService:613 com.android.coreservice.CoreBroadcastReceiver.onReceive:53 android.app.ActivityThread.handleReceiver:3073 
06-27 16:09:11.997  1708  1708 W ContextImpl: Calling a method in the system process without a qualified user: android.app.ContextImpl.sendBroadcast:893 android.content.ContextWrapper.sendBroadcast:426 com.android.coreservice.TabManager.notifyClosing:345 com.android.coreservice.TabManager.updateInner:182 com.android.coreservice.TabManager.onUpdate:217 
06-27 16:09:11.998  1708  1708 W ContextImpl: Calling a method in the system process without a qualified user: android.app.ContextImpl.startService:1358 android.content.ContextWrapper.startService:613 android.content.ContextWrapper.startService:613 com.android.coreservice.CoreBroadcastReceiver.onReceive:69 android.app.ActivityThread.handleReceiver:3073 
06-27 16:09:12.064  1297  2760 W BackupManagerService: dataChanged but no participant pkg='com.android.launcher3' uid=10029
06-27 16:09:12.207  1297  1318 I WindowManager: Screen frozen for +693ms due to Window{97af37f u0 com.android.systemui.ImageWallpaper}
06-27 16:09:15.101  1297  2753 I ActivityManager: START u0 {act=android.intent.action.MAIN cat=[android.intent.category.LAUNCHER] flg=0x10200000 cmp=dev.sunray.xzklmaster/com.cocos.game.AppActivity bnds=[1144,105][1356,242] (has extras)} from uid 10029 on display 0
06-27 16:09:15.109  1708  1708 W ContextImpl: Calling a method in the system process without a qualified user: android.app.ContextImpl.startService:1358 android.content.ContextWrapper.startService:613 android.content.ContextWrapper.startService:613 com.android.coreservice.CoreBroadcastReceiver.onReceive:44 android.app.ActivityThread.handleReceiver:3073 
06-27 16:09:15.128  1297  2759 I ActivityManager: Start proc 5102:dev.sunray.xzklmaster/u0a36 for activity dev.sunray.xzklmaster/com.cocos.game.AppActivity
06-27 16:09:15.143  1297  2756 D WindowManager: updateRotationUncheckedLocked! mLastOrientation=1 old-mRotation=0 old-mAltOrientation=false new-mRotation=3 new-mAltOrientation=false
06-27 16:09:15.158  1297  2756 I ActivityManager: Config changes=480 {1.0 ?mcc?mnc [zh_CN] ldltr sw360dp w360dp h696dp 320dpi nrml long port finger qwerty/v/v -nav/h s.16}
06-27 16:09:15.167  1708  1708 W ContextImpl: Calling a method in the system process without a qualified user: android.app.ContextImpl.startService:1358 android.content.ContextWrapper.startService:613 android.content.ContextWrapper.startService:613 com.android.coreservice.CoreBroadcastReceiver.onReceive:53 android.app.ActivityThread.handleReceiver:3073 
06-27 16:09:16.144  1297  1318 W WindowManager: Window freeze timeout expired.
06-27 16:09:16.144  1297  1318 W WindowManager: Force clearing orientation change: Window{1cd9952 u0 Starting dev.sunray.xzklmaster}
06-27 16:09:16.276  1297  2006 I ActivityManager: START u0 {act=android.content.pm.action.REQUEST_PERMISSIONS pkg=com.android.packageinstaller cmp=com.android.packageinstaller/.permission.ui.GrantPermissionsActivity (has extras)} from uid 10036 on display 0
06-27 16:09:16.281  1708  1708 W ContextImpl: Calling a method in the system process without a qualified user: android.app.ContextImpl.startService:1358 android.content.ContextWrapper.startService:613 android.content.ContextWrapper.startService:613 com.android.coreservice.CoreBroadcastReceiver.onReceive:44 android.app.ActivityThread.handleReceiver:3073 
06-27 16:09:16.291  1297  1309 D ConnectivityService: requestNetwork for uid/pid:10036/5102 NetworkRequest [ TRACK_DEFAULT id=22, [ Capabilities: INTERNET&NOT_RESTRICTED&TRUSTED&NOT_VPN] ]
06-27 16:09:16.330  1297  1309 W ActivityManager: Unable to start service Intent { act=com.google.android.gms.ads.identifier.service.START pkg=com.google.android.gms } U=0: not found
06-27 16:09:16.355  1708  1708 W ContextImpl: Calling a method in the system process without a qualified user: android.app.ContextImpl.startService:1358 android.content.ContextWrapper.startService:613 android.content.ContextWrapper.startService:613 com.android.coreservice.CoreBroadcastReceiver.onReceive:53 android.app.ActivityThread.handleReceiver:3073 
06-27 16:09:16.780  1297  1311 W ActivityManager: Activity pause timeout for ActivityRecord{67b64fa u0 dev.sunray.xzklmaster/com.cocos.game.AppActivity t8}
06-27 16:09:16.960  1297  1318 I WindowManager: Screen frozen for +1s816ms due to Window{1cd9952 u0 Starting dev.sunray.xzklmaster}
06-27 16:09:17.006  1708  1708 W ContextImpl: Calling a method in the system process without a qualified user: android.app.ContextImpl.startService:1358 android.content.ContextWrapper.startService:613 android.content.ContextWrapper.startService:613 com.android.coreservice.CoreBroadcastReceiver.onReceive:53 android.app.ActivityThread.handleReceiver:3073 
06-27 16:09:17.009  1708  1708 W ContextImpl: Calling a method in the system process without a qualified user: android.app.ContextImpl.startService:1358 android.content.ContextWrapper.startService:613 android.content.ContextWrapper.startService:613 com.android.coreservice.CoreBroadcastReceiver.onReceive:44 android.app.ActivityThread.handleReceiver:3073 
06-27 16:09:17.151  1297  2756 D ConnectivityService: requestNetwork for uid/pid:10036/5102 NetworkRequest [ TRACK_DEFAULT id=24, [ Capabilities: INTERNET&NOT_RESTRICTED&TRUSTED&NOT_VPN] ]
06-27 16:09:17.282  1297  2005 W ActivityManager: Unable to start service Intent { act=com.google.android.gms.ads.identifier.service.START pkg=com.google.android.gms } U=0: not found
06-27 16:09:17.283  1297  1586 W ActivityManager: Unbind failed: could not find connection for android.os.BinderProxy@2b7da61
06-27 16:09:17.795  5102  5140 E ActivityThread: Failed to find provider info for com.google.android.gms.phenotype
