06-27 16:09:20.847  1708  1708 W ContextImpl: Calling a method in the system process without a qualified user: android.app.ContextImpl.startService:1358 android.content.ContextWrapper.startService:613 android.content.ContextWrapper.startService:613 com.android.coreservice.CoreBroadcastReceiver.onReceive:53 android.app.ActivityThread.handleReceiver:3073 
06-27 16:09:21.031  1708  1708 W ContextImpl: Calling a method in the system process without a qualified user: android.app.ContextImpl.startService:1358 android.content.ContextWrapper.startService:613 android.content.ContextWrapper.startService:613 com.android.coreservice.CoreBroadcastReceiver.onReceive:69 android.app.ActivityThread.handleReceiver:3073 
06-27 16:09:21.033  1708  1708 W ContextImpl: Calling a method in the system process without a qualified user: android.app.ContextImpl.startService:1358 android.content.ContextWrapper.startService:613 android.content.ContextWrapper.startService:613 com.android.coreservice.CoreBroadcastReceiver.onReceive:69 android.app.ActivityThread.handleReceiver:3073 
06-27 16:16:04.149  1297  1314 E BatteryStatsService: no controller energy info supplied
06-27 16:16:04.149  1297  1314 E BatteryStatsService: no controller energy info supplied
06-27 16:16:04.163  1297  1314 E KernelCpuSpeedReader: Failed to read cpu-freq: /sys/devices/system/cpu/cpu0/cpufreq/stats/time_in_state (No such file or directory)
06-27 16:16:04.163  1297  1314 E KernelUidCpuTimeReader: Failed to read uid_cputime: /proc/uid_cputime/show_uid_stat (No such file or directory)
06-27 16:16:04.163  1297  1314 E BatteryStatsService: modem info is invalid: ModemActivityInfo{ mTimestamp=0 mSleepTimeMs=0 mIdleTimeMs=0 mTxTimeMs[]=[0, 0, 0, 0, 0] mRxTimeMs=0 mEnergyUsed=0}
06-27 16:16:20.592  1297  1297 I EntropyMixer: Writing entropy...
06-27 16:17:10.884  1297  1341 I ActivityManager: START u0 {act=android.intent.action.MAIN cat=[android.intent.category.HOME] flg=0x10200000 cmp=com.android.launcher3/.Launcher (has extras)} from uid 1000 on display 0
06-27 16:17:10.954  1297  2763 D WindowManager: updateRotationUncheckedLocked! mLastOrientation=5 old-mRotation=3 old-mAltOrientation=false new-mRotation=0 new-mAltOrientation=false
06-27 16:17:10.982  1708  1708 W ContextImpl: Calling a method in the system process without a qualified user: android.app.ContextImpl.startService:1358 android.content.ContextWrapper.startService:613 android.content.ContextWrapper.startService:613 com.android.coreservice.CoreBroadcastReceiver.onReceive:44 android.app.ActivityThread.handleReceiver:3073 
06-27 16:17:11.024  1297  2763 I ActivityManager: Config changes=480 {1.0 ?mcc?mnc [zh_CN] ldltr sw360dp w720dp h336dp 320dpi nrml long land finger qwerty/v/v -nav/h s.17}
06-27 16:17:11.250  1708  1708 W ContextImpl: Calling a method in the system process without a qualified user: android.app.ContextImpl.startService:1358 android.content.ContextWrapper.startService:613 android.content.ContextWrapper.startService:613 com.android.coreservice.CoreBroadcastReceiver.onReceive:53 android.app.ActivityThread.handleReceiver:3073 
06-27 16:17:11.446  1708  1708 W ContextImpl: Calling a method in the system process without a qualified user: android.app.ContextImpl.startService:1358 android.content.ContextWrapper.startService:613 android.content.ContextWrapper.startService:613 com.android.coreservice.CoreBroadcastReceiver.onReceive:69 android.app.ActivityThread.handleReceiver:3073 
06-27 16:17:11.447  1708  1708 W ContextImpl: Calling a method in the system process without a qualified user: android.app.ContextImpl.startService:1358 android.content.ContextWrapper.startService:613 android.content.ContextWrapper.startService:613 com.android.coreservice.CoreBroadcastReceiver.onReceive:69 android.app.ActivityThread.handleReceiver:3073 
06-27 16:17:11.510  1297  1318 I WindowManager: Screen frozen for +556ms due to Window{19a1c11 u0 com.android.launcher3/com.android.launcher3.Launcher}
--------- beginning of crash
06-27 16:17:11.817  5446  5446 F libc    : CANNOT LINK EXECUTABLE "/system/bin/app_process32": "/data/app/dev.sunray.xzklmaster-2/lib/arm/libEGL.so" has unexpected e_machine: 40
06-27 16:17:11.817  5446  5446 F libc    : Fatal signal 6 (SIGABRT), code -6 in tid 5446 (app_process32)
06-27 16:17:11.888  5447  5447 F DEBUG   : *** *** *** *** *** *** *** *** *** *** *** *** *** *** *** ***
06-27 16:17:11.888  5447  5447 F DEBUG   : Build fingerprint: 'google/android_x86/x86:7.1.2/N2G47H/G955FXXU1AQJ5:user/release-keys'
06-27 16:17:11.889  5447  5447 F DEBUG   : Revision: '0'
06-27 16:17:11.889  5447  5447 F DEBUG   : ABI: 'x86'
06-27 16:17:11.889  5447  5447 F DEBUG   : pid: 5446, tid: 5446, name: app_process32  >>> /system/bin/app_process32 <<<
06-27 16:17:11.889  5447  5447 F DEBUG   : signal 6 (SIGABRT), code -6 (SI_TKILL), fault addr --------
06-27 16:17:11.889  5447  5447 F DEBUG   :     eax 00000000  ebx 00001546  ecx 00001546  edx 00000006
06-27 16:17:11.889  5447  5447 F DEBUG   :     esi c7ffe98c  edi c7ffe934
06-27 16:17:11.889  5447  5447 F DEBUG   :     xcs 00000073  xds 0000007b  xes 0000007b  xfs 00000000  xss 0000007b
06-27 16:17:11.889  5447  5447 F DEBUG   :     eip c7f28c10  ebp cfffe838  esp cfffe7dc  flags 00000296
06-27 16:17:11.895  5447  5447 F DEBUG   : 
06-27 16:17:11.895  5447  5447 F DEBUG   : backtrace:
06-27 16:17:11.895  5447  5447 F DEBUG   :     #00 pc 00000c10  [vdso:c7f28000] (__kernel_vsyscall+16)
06-27 16:17:11.895  5447  5447 F DEBUG   :     #01 pc 0009387c  /system/bin/linker (__dl_tgkill+28)
06-27 16:17:11.895  5447  5447 F DEBUG   :     #02 pc 000927f5  /system/bin/linker (__dl_pthread_kill+85)
06-27 16:17:11.895  5447  5447 F DEBUG   :     #03 pc 00082faa  /system/bin/linker (__dl_raise+42)
06-27 16:17:11.895  5447  5447 F DEBUG   :     #04 pc 000801d6  /system/bin/linker (__dl_abort+86)
06-27 16:17:11.895  5447  5447 F DEBUG   :     #05 pc 00082898  /system/bin/linker (__dl___libc_fatal+40)
06-27 16:17:11.895  5447  5447 F DEBUG   :     #06 pc 000102c7  /system/bin/linker (__dl__ZL29__linker_init_post_relocationR19KernelArgumentBlockj+5127)
06-27 16:17:11.895  5447  5447 F DEBUG   :     #07 pc 0000edf6  /system/bin/linker (__dl___linker_init+630)
06-27 16:17:11.895  5447  5447 F DEBUG   :     #08 pc 0001abe3  /system/bin/linker (__dl__start+35)
06-27 16:17:11.895  5447  5447 F DEBUG   :     #09 pc 00000007  <unknown>
06-27 16:17:11.903  1297  1383 W NativeCrashListener: Couldn't find ProcessRecord for pid 5446
06-27 16:17:11.931  1297  1315 I BootReceiver: Copying /data/tombstones/tombstone_09 to DropBox (SYSTEM_TOMBSTONE)
06-27 16:17:11.939  1297  2756 I WindowManager: WIN DEATH: Window{c7792d4 u0 SurfaceView - dev.sunray.xzklmaster/com.cocos.game.AppActivity}
06-27 16:17:11.941  1297  1587 I WindowManager: WIN DEATH: Window{a5d4467 u0 dev.sunray.xzklmaster/com.cocos.game.AppActivity}
06-27 16:17:11.951  1297  2006 D ConnectivityService: ConnectivityService NetworkRequestInfo binderDied(NetworkRequest [ TRACK_DEFAULT id=24, [ Capabilities: INTERNET&NOT_RESTRICTED&TRUSTED&NOT_VPN] ], android.os.BinderProxy@19e4c7d)
06-27 16:17:11.951  1297  2757 D ConnectivityService: ConnectivityService NetworkRequestInfo binderDied(NetworkRequest [ TRACK_DEFAULT id=22, [ Capabilities: INTERNET&NOT_RESTRICTED&TRUSTED&NOT_VPN] ], android.os.BinderProxy@162d772)
06-27 16:17:11.951  1297  1308 D ConnectivityService: ConnectivityService NetworkRequestInfo binderDied(NetworkRequest [ LISTEN id=23, [ Capabilities: INTERNET&NOT_RESTRICTED&TRUSTED&FOREGROUND] ], android.os.BinderProxy@8e6a7c3)
06-27 16:17:11.951  1297  2758 I ActivityManager: Process dev.sunray.xzklmaster (pid 5102) has died
06-27 16:17:11.951  1297  2758 D ActivityManager: cleanUpApplicationRecord -- 5102
06-27 16:17:11.952  1297  1356 D ConnectivityService: releasing NetworkRequest [ TRACK_DEFAULT id=24, [ Capabilities: INTERNET&NOT_RESTRICTED&TRUSTED&NOT_VPN] ]
06-27 16:17:11.954  1297  2758 W ActivityManager: Scheduling restart of crashed service dev.sunray.xzklmaster/com.google.android.datatransport.runtime.scheduling.jobscheduling.JobInfoSchedulerService in 1000ms
06-27 16:17:11.955  1297  1356 E ConnectivityService: RemoteException caught trying to send a callback msg for NetworkRequest [ TRACK_DEFAULT id=24, [ Capabilities: INTERNET&NOT_RESTRICTED&TRUSTED&NOT_VPN] ]
06-27 16:17:11.955  1297  1356 D ConnectivityService: releasing NetworkRequest [ TRACK_DEFAULT id=22, [ Capabilities: INTERNET&NOT_RESTRICTED&TRUSTED&NOT_VPN] ]
06-27 16:17:11.955  1297  1356 E ConnectivityService: RemoteException caught trying to send a callback msg for NetworkRequest [ TRACK_DEFAULT id=22, [ Capabilities: INTERNET&NOT_RESTRICTED&TRUSTED&NOT_VPN] ]
06-27 16:17:11.956  1297  2758 W ActivityManager: Force removing ActivityRecord{67b64fa u0 dev.sunray.xzklmaster/com.cocos.game.AppActivity t8}: app died, no saved state
06-27 16:17:11.956  1297  1356 E ConnectivityService: RemoteException caught trying to send a callback msg for NetworkRequest [ LISTEN id=23, [ Capabilities: INTERNET&NOT_RESTRICTED&TRUSTED&FOREGROUND] ]
06-27 16:17:14.009  1297  1586 I ActivityManager: Force stopping dev.sunray.xzklmaster appid=10036 user=0: from pid 1708
06-27 16:17:14.010  1708  1708 W ContextImpl: Calling a method in the system process without a qualified user: android.app.ContextImpl.startService:1358 android.content.ContextWrapper.startService:613 android.content.ContextWrapper.startService:613 com.android.coreservice.CoreBroadcastReceiver.onReceive:53 android.app.ActivityThread.handleReceiver:3073 
06-27 16:17:14.059  1708  1708 W ContextImpl: Calling a method in the system process without a qualified user: android.app.ContextImpl.sendBroadcast:893 android.content.ContextWrapper.sendBroadcast:426 com.android.coreservice.TabManager.notifyClosing:345 com.android.coreservice.TabManager.updateInner:182 com.android.coreservice.TabManager.onUpdate:217 
06-27 16:17:42.982  1297  2756 I ActivityManager: START u0 {act=android.intent.action.MAIN cat=[android.intent.category.LAUNCHER] flg=0x10200000 cmp=dev.sunray.xzklmaster/com.cocos.game.AppActivity bnds=[1144,105][1356,242] (has extras)} from uid 10029 on display 0
06-27 16:17:42.990  1708  1708 W ContextImpl: Calling a method in the system process without a qualified user: android.app.ContextImpl.startService:1358 android.content.ContextWrapper.startService:613 android.content.ContextWrapper.startService:613 com.android.coreservice.CoreBroadcastReceiver.onReceive:44 android.app.ActivityThread.handleReceiver:3073 
06-27 16:17:43.017  1297  1587 I ActivityManager: Start proc 5471:dev.sunray.xzklmaster/u0a36 for activity dev.sunray.xzklmaster/com.cocos.game.AppActivity
06-27 16:17:43.026  1297  2006 D WindowManager: updateRotationUncheckedLocked! mLastOrientation=1 old-mRotation=0 old-mAltOrientation=false new-mRotation=3 new-mAltOrientation=false
06-27 16:17:43.040  1297  2006 I ActivityManager: Config changes=480 {1.0 ?mcc?mnc [zh_CN] ldltr sw360dp w360dp h696dp 320dpi nrml long port finger qwerty/v/v -nav/h s.18}
06-27 16:17:43.052  1708  1708 W ContextImpl: Calling a method in the system process without a qualified user: android.app.ContextImpl.startService:1358 android.content.ContextWrapper.startService:613 android.content.ContextWrapper.startService:613 com.android.coreservice.CoreBroadcastReceiver.onReceive:53 android.app.ActivityThread.handleReceiver:3073 
06-27 16:17:44.026  1297  1318 W WindowManager: Window freeze timeout expired.
06-27 16:17:44.026  1297  1318 W WindowManager: Force clearing orientation change: Window{a3107b3 u0 Starting dev.sunray.xzklmaster}
06-27 16:17:44.026  1297  1318 W WindowManager: Force clearing orientation change: Window{97af37f u0 com.android.systemui.ImageWallpaper}
06-27 16:17:44.309  1297  1544 I ActivityManager: START u0 {act=android.content.pm.action.REQUEST_PERMISSIONS pkg=com.android.packageinstaller cmp=com.android.packageinstaller/.permission.ui.GrantPermissionsActivity (has extras)} from uid 10036 on display 0
06-27 16:17:44.314  1708  1708 W ContextImpl: Calling a method in the system process without a qualified user: android.app.ContextImpl.startService:1358 android.content.ContextWrapper.startService:613 android.content.ContextWrapper.startService:613 com.android.coreservice.CoreBroadcastReceiver.onReceive:44 android.app.ActivityThread.handleReceiver:3073 
06-27 16:17:44.315  1297  1309 D ConnectivityService: requestNetwork for uid/pid:10036/5471 NetworkRequest [ TRACK_DEFAULT id=25, [ Capabilities: INTERNET&NOT_RESTRICTED&TRUSTED&NOT_VPN] ]
06-27 16:17:44.352  1297  1309 W ActivityManager: Unable to start service Intent { act=com.google.android.gms.ads.identifier.service.START pkg=com.google.android.gms } U=0: not found
06-27 16:17:44.391  1708  1708 W ContextImpl: Calling a method in the system process without a qualified user: android.app.ContextImpl.startService:1358 android.content.ContextWrapper.startService:613 android.content.ContextWrapper.startService:613 com.android.coreservice.CoreBroadcastReceiver.onReceive:53 android.app.ActivityThread.handleReceiver:3073 
06-27 16:17:44.814  1297  1311 W ActivityManager: Activity pause timeout for ActivityRecord{f534c3b u0 dev.sunray.xzklmaster/com.cocos.game.AppActivity t9}
06-27 16:17:44.876  1297  1318 I WindowManager: Screen frozen for +1s849ms due to Window{a3107b3 u0 Starting dev.sunray.xzklmaster}
06-27 16:17:45.015  1708  1708 W ContextImpl: Calling a method in the system process without a qualified user: android.app.ContextImpl.startService:1358 android.content.ContextWrapper.startService:613 android.content.ContextWrapper.startService:613 com.android.coreservice.CoreBroadcastReceiver.onReceive:53 android.app.ActivityThread.handleReceiver:3073 
06-27 16:17:45.020  1708  1708 W ContextImpl: Calling a method in the system process without a qualified user: android.app.ContextImpl.startService:1358 android.content.ContextWrapper.startService:613 android.content.ContextWrapper.startService:613 com.android.coreservice.CoreBroadcastReceiver.onReceive:44 android.app.ActivityThread.handleReceiver:3073 
06-27 16:17:45.176  1297  2006 D ConnectivityService: requestNetwork for uid/pid:10036/5471 NetworkRequest [ TRACK_DEFAULT id=27, [ Capabilities: INTERNET&NOT_RESTRICTED&TRUSTED&NOT_VPN] ]
06-27 16:17:45.294  1297  1586 W ActivityManager: Unable to start service Intent { act=com.google.android.gms.ads.identifier.service.START pkg=com.google.android.gms } U=0: not found
06-27 16:17:45.295  1297  2755 W ActivityManager: Unbind failed: could not find connection for android.os.BinderProxy@8c7a9c4
06-27 16:17:46.355  5471  5509 E ActivityThread: Failed to find provider info for com.google.android.gms.phenotype
06-27 16:17:47.766  1708  1708 W ContextImpl: Calling a method in the system process without a qualified user: android.app.ContextImpl.startService:1358 android.content.ContextWrapper.startService:613 android.content.ContextWrapper.startService:613 com.android.coreservice.CoreBroadcastReceiver.onReceive:53 android.app.ActivityThread.handleReceiver:3073 
06-27 16:17:48.022  1708  1708 W ContextImpl: Calling a method in the system process without a qualified user: android.app.ContextImpl.startService:1358 android.content.ContextWrapper.startService:613 android.content.ContextWrapper.startService:613 com.android.coreservice.CoreBroadcastReceiver.onReceive:69 android.app.ActivityThread.handleReceiver:3073 
06-27 16:17:48.029  1708  1708 W ContextImpl: Calling a method in the system process without a qualified user: android.app.ContextImpl.startService:1358 android.content.ContextWrapper.startService:613 android.content.ContextWrapper.startService:613 com.android.coreservice.CoreBroadcastReceiver.onReceive:69 android.app.ActivityThread.handleReceiver:3073 
06-27 16:18:00.030  1297  1311 I ProcessStatsService: Prepared write state in 5ms
06-27 16:18:00.031  1297  1310 I ProcessStatsService: Pruning old procstats: /data/system/procstats/state-2024-06-25-13-27-00.bin
06-27 16:23:43.723  1297  1310 I UsageStatsService: User[0] Flushing usage stats to disk
06-27 16:38:46.895  1297  1297 I JobServiceContext: Client timed out while executing (no jobFinished received). sending onStop. eeff5b6 #u0a36/-1693309448 dev.sunray.xzklmaster/com.google.android.datatransport.runtime.scheduling.jobscheduling.JobInfoSchedulerService
06-27 16:46:04.144  1297  1314 E BatteryStatsService: no controller energy info supplied
06-27 16:46:04.144  1297  1314 E BatteryStatsService: no controller energy info supplied
06-27 16:46:04.161  1297  1314 E KernelCpuSpeedReader: Failed to read cpu-freq: /sys/devices/system/cpu/cpu0/cpufreq/stats/time_in_state (No such file or directory)
06-27 16:46:04.161  1297  1314 E KernelUidCpuTimeReader: Failed to read uid_cputime: /proc/uid_cputime/show_uid_stat (No such file or directory)
06-27 16:46:04.161  1297  1314 E BatteryStatsService: modem info is invalid: ModemActivityInfo{ mTimestamp=0 mSleepTimeMs=0 mIdleTimeMs=0 mTxTimeMs[]=[0, 0, 0, 0, 0] mRxTimeMs=0 mEnergyUsed=0}
06-27 16:49:00.004  1297  1311 I ProcessStatsService: Prepared write state in 1ms
06-27 16:49:00.004  1297  1311 I ProcessStatsService: Prepared write state in 0ms
06-27 16:50:18.910  1297  1297 I JobServiceContext: Client timed out while executing (no jobFinished received). sending onStop. 934058e #u0a36/-1693309448 dev.sunray.xzklmaster/com.google.android.datatransport.runtime.scheduling.jobscheduling.JobInfoSchedulerService
06-27 16:57:46.044  1297  2005 I ActivityManager: Force stopping dev.sunray.xzklmaster appid=10036 user=0: from pid 1708
06-27 16:57:46.045  1297  2005 I ActivityManager: Killing 5471:dev.sunray.xzklmaster/u0a36 (adj 0): stop dev.sunray.xzklmaster
06-27 16:57:46.046  1297  2005 D ActivityManager: cleanUpApplicationRecord -- 5471
06-27 16:57:46.046  1297  2005 W ActivityManager: Scheduling restart of crashed service dev.sunray.xzklmaster/com.google.android.datatransport.runtime.scheduling.jobscheduling.JobInfoSchedulerService in 1000ms
06-27 16:57:46.051  1297  2005 W ActivityManager: Force removing ActivityRecord{f534c3b u0 dev.sunray.xzklmaster/com.cocos.game.AppActivity t9}: app died, no saved state
06-27 16:57:46.088  1297  1544 D ConnectivityService: ConnectivityService NetworkRequestInfo binderDied(NetworkRequest [ LISTEN id=26, [ Capabilities: INTERNET&NOT_RESTRICTED&TRUSTED&FOREGROUND] ], android.os.BinderProxy@18d19ec)
06-27 16:57:46.089  1297  2759 D ConnectivityService: ConnectivityService NetworkRequestInfo binderDied(NetworkRequest [ TRACK_DEFAULT id=27, [ Capabilities: INTERNET&NOT_RESTRICTED&TRUSTED&NOT_VPN] ], android.os.BinderProxy@f8221b5)
06-27 16:57:46.090  1297  2006 D ConnectivityService: ConnectivityService NetworkRequestInfo binderDied(NetworkRequest [ TRACK_DEFAULT id=25, [ Capabilities: INTERNET&NOT_RESTRICTED&TRUSTED&NOT_VPN] ], android.os.BinderProxy@7abb04a)
06-27 16:57:46.091  1297  1356 D ConnectivityService: releasing NetworkRequest [ TRACK_DEFAULT id=27, [ Capabilities: INTERNET&NOT_RESTRICTED&TRUSTED&NOT_VPN] ]
06-27 16:57:46.094  1297  1356 E ConnectivityService: RemoteException caught trying to send a callback msg for NetworkRequest [ TRACK_DEFAULT id=27, [ Capabilities: INTERNET&NOT_RESTRICTED&TRUSTED&NOT_VPN] ]
06-27 16:57:46.094  1297  1356 E ConnectivityService: RemoteException caught trying to send a callback msg for NetworkRequest [ LISTEN id=26, [ Capabilities: INTERNET&NOT_RESTRICTED&TRUSTED&FOREGROUND] ]
06-27 16:57:46.095  1297  1356 D ConnectivityService: releasing NetworkRequest [ TRACK_DEFAULT id=25, [ Capabilities: INTERNET&NOT_RESTRICTED&TRUSTED&NOT_VPN] ]
06-27 16:57:46.095  1297  1356 E ConnectivityService: RemoteException caught trying to send a callback msg for NetworkRequest [ TRACK_DEFAULT id=25, [ Capabilities: INTERNET&NOT_RESTRICTED&TRUSTED&NOT_VPN] ]
06-27 16:57:46.116  1297  2005 D WindowManager: updateRotationUncheckedLocked! mLastOrientation=5 old-mRotation=3 old-mAltOrientation=false new-mRotation=0 new-mAltOrientation=false
06-27 16:57:46.141  1297  2005 I ActivityManager: Config changes=480 {1.0 ?mcc?mnc [zh_CN] ldltr sw360dp w720dp h336dp 320dpi nrml long land finger qwerty/v/v -nav/h s.19}
06-27 16:57:46.167  1297  2005 I ActivityManager:   Force stopping service ServiceRecord{c72ee3e u0 dev.sunray.xzklmaster/com.google.android.datatransport.runtime.scheduling.jobscheduling.JobInfoSchedulerService}
06-27 16:57:46.283  1708  1708 W ContextImpl: Calling a method in the system process without a qualified user: android.app.ContextImpl.startService:1358 android.content.ContextWrapper.startService:613 android.content.ContextWrapper.startService:613 com.android.coreservice.CoreBroadcastReceiver.onReceive:53 android.app.ActivityThread.handleReceiver:3073 
06-27 16:57:46.314  1297  1586 W ActivityManager: Request to remove task ignored for non-existent task 9
06-27 16:57:46.315  1708  1708 W ContextImpl: Calling a method in the system process without a qualified user: android.app.ContextImpl.sendBroadcast:893 android.content.ContextWrapper.sendBroadcast:426 com.android.coreservice.TabManager.notifyClosing:345 com.android.coreservice.TabManager.updateInner:182 com.android.coreservice.TabManager.onUpdate:217 
06-27 16:57:46.319  1708  1708 W ContextImpl: Calling a method in the system process without a qualified user: android.app.ContextImpl.startService:1358 android.content.ContextWrapper.startService:613 android.content.ContextWrapper.startService:613 com.android.coreservice.CoreBroadcastReceiver.onReceive:44 android.app.ActivityThread.handleReceiver:3073 
06-27 16:57:46.320  1708  1708 W ContextImpl: Calling a method in the system process without a qualified user: android.app.ContextImpl.startService:1358 android.content.ContextWrapper.startService:613 android.content.ContextWrapper.startService:613 com.android.coreservice.CoreBroadcastReceiver.onReceive:53 android.app.ActivityThread.handleReceiver:3073 
06-27 16:57:46.474  1708  1708 W ContextImpl: Calling a method in the system process without a qualified user: android.app.ContextImpl.startService:1358 android.content.ContextWrapper.startService:613 android.content.ContextWrapper.startService:613 com.android.coreservice.CoreBroadcastReceiver.onReceive:69 android.app.ActivityThread.handleReceiver:3073 
06-27 16:57:46.874  1297  1318 I WindowManager: Screen frozen for +758ms due to Window{97af37f u0 com.android.systemui.ImageWallpaper}
06-27 17:07:00.894  1297  1326 W PackageParser: Unknown element under <manifest>: queries at /data/app/vmdl867723890.tmp/base.apk Binary XML file line #23
06-27 17:07:00.895  1297  1326 W PackageParser: Unknown element under <application>: property at /data/app/vmdl867723890.tmp/base.apk Binary XML file line #224
06-27 17:07:00.896  1297  1326 W PackageParser: Unknown element under <application>: property at /data/app/vmdl867723890.tmp/base.apk Binary XML file line #276
06-27 17:07:00.958  1297  1326 I PackageManager: do copyNativeBinariesForSupportedAbi copyRet=1
06-27 17:07:00.959  1297  1326 W PackageManager: Package dev.sunray.xzklmaster desires unavailable shared library android.ext.adservices; ignoring!
06-27 17:07:00.967  1297  1311 I ActivityManager: Force stopping dev.sunray.xzklmaster appid=10036 user=-1: installPackageLI
06-27 17:07:00.999  1297  1326 I PackageManager: Package dev.sunray.xzklmaster codePath changed from /data/app/dev.sunray.xzklmaster-2 to /data/app/dev.sunray.xzklmaster-1; Retaining data and using new
06-27 17:07:00.999  1297  1326 W PackageManager: Package dev.sunray.xzklmaster desires unavailable shared library android.ext.adservices; ignoring!
06-27 17:07:01.000  1297  1326 W PackageManager: Code path for dev.sunray.xzklmaster changing from /data/app/dev.sunray.xzklmaster-2 to /data/app/dev.sunray.xzklmaster-1
06-27 17:07:01.000  1297  1326 W PackageManager: Resource path for dev.sunray.xzklmaster changing from /data/app/dev.sunray.xzklmaster-2 to /data/app/dev.sunray.xzklmaster-1
06-27 17:07:01.007  1297  1326 W PackageManager: Unknown permission BIND_GET_INSTALL_REFERRER_SERVICE in package dev.sunray.xzklmaster
06-27 17:07:01.007  1297  1326 W PackageManager: Unknown permission com.android.vending.CHECK_LICENSE in package dev.sunray.xzklmaster
06-27 17:07:01.007  1297  1326 W PackageManager: Unknown permission com.google.android.gms.permission.AD_ID in package dev.sunray.xzklmaster
06-27 17:07:01.007  1297  1326 W PackageManager: Unknown permission com.google.android.finsky.permission.BIND_GET_INSTALL_REFERRER_SERVICE in package dev.sunray.xzklmaster
06-27 17:07:01.007  1297  1326 W PackageManager: Unknown permission com.android.vending.BILLING in package dev.sunray.xzklmaster
06-27 17:07:01.007  1297  1326 W PackageManager: Unknown permission android.permission.ACCESS_ADSERVICES_ATTRIBUTION in package dev.sunray.xzklmaster
06-27 17:07:01.007  1297  1326 W PackageManager: Unknown permission android.permission.ACCESS_ADSERVICES_AD_ID in package dev.sunray.xzklmaster
06-27 17:07:01.007  1297  1326 W PackageManager: Unknown permission android.permission.ACCESS_ADSERVICES_TOPICS in package dev.sunray.xzklmaster
06-27 17:07:01.007  1297  1326 W PackageManager: Unknown permission android.permission.FOREGROUND_SERVICE in package dev.sunray.xzklmaster
06-27 17:07:01.041  1297  1326 I ActivityManager: Force stopping dev.sunray.xzklmaster appid=10036 user=0: pkg removed
06-27 17:07:01.096  1708  1708 W ContextImpl: Calling a method in the system process without a qualified user: android.app.ContextImpl.startService:1358 android.content.ContextWrapper.startService:613 android.content.ContextWrapper.startService:613 com.android.coreservice.CoreBroadcastReceiver.onReceive:85 android.app.ActivityThread.handleReceiver:3073 
06-27 17:07:01.157  1297  1310 W VoiceInteractionManagerService: no available voice recognition services found for user 0
06-27 17:07:01.164  1742  1742 W ContextImpl: Calling a method in the system process without a qualified user: android.app.ContextImpl.startService:1358 android.content.ContextWrapper.startService:613 android.content.ContextWrapper.startService:613 com.android.keychain.KeyChainBroadcastReceiver.onReceive:12 android.app.ActivityThread.handleReceiver:3073 
06-27 17:07:01.178  1708  1708 W ContextImpl: Calling a method in the system process without a qualified user: android.app.ContextImpl.startService:1358 android.content.ContextWrapper.startService:613 android.content.ContextWrapper.startService:613 com.android.coreservice.CoreBroadcastReceiver.onReceive:77 android.app.ActivityThread.handleReceiver:3073 
06-27 17:07:01.373  1297  2757 W BackupManagerService: dataChanged but no participant pkg='com.android.launcher3' uid=10029
06-27 17:07:07.219  1297  5893 I ActivityManager: START u0 {act=android.intent.action.MAIN cat=[android.intent.category.LAUNCHER] flg=0x10200000 cmp=dev.sunray.xzklmaster/com.cocos.game.AppActivity bnds=[1144,105][1356,242] (has extras)} from uid 10029 on display 0
06-27 17:07:07.263  1708  1708 W ContextImpl: Calling a method in the system process without a qualified user: android.app.ContextImpl.startService:1358 android.content.ContextWrapper.startService:613 android.content.ContextWrapper.startService:613 com.android.coreservice.CoreBroadcastReceiver.onReceive:44 android.app.ActivityThread.handleReceiver:3073 
06-27 17:07:07.298  1297  1587 I ActivityManager: Start proc 6030:dev.sunray.xzklmaster/u0a36 for activity dev.sunray.xzklmaster/com.cocos.game.AppActivity
06-27 17:07:07.321  1297  1586 D WindowManager: updateRotationUncheckedLocked! mLastOrientation=1 old-mRotation=0 old-mAltOrientation=false new-mRotation=3 new-mAltOrientation=false
06-27 17:07:07.341  1297  1586 I ActivityManager: Config changes=480 {1.0 ?mcc?mnc [zh_CN] ldltr sw360dp w360dp h696dp 320dpi nrml long port finger qwerty/v/v -nav/h s.20}
06-27 17:07:07.379  1708  1708 W ContextImpl: Calling a method in the system process without a qualified user: android.app.ContextImpl.startService:1358 android.content.ContextWrapper.startService:613 android.content.ContextWrapper.startService:613 com.android.coreservice.CoreBroadcastReceiver.onReceive:53 android.app.ActivityThread.handleReceiver:3073 
06-27 17:07:08.323  1297  1318 W WindowManager: Window freeze timeout expired.
06-27 17:07:08.323  1297  1318 W WindowManager: Force clearing orientation change: Window{6315e81 u0 Starting dev.sunray.xzklmaster}
06-27 17:07:08.541  1297  1309 I ActivityManager: START u0 {act=android.content.pm.action.REQUEST_PERMISSIONS pkg=com.android.packageinstaller cmp=com.android.packageinstaller/.permission.ui.GrantPermissionsActivity (has extras)} from uid 10036 on display 0
06-27 17:07:08.542  1297  2758 D ConnectivityService: requestNetwork for uid/pid:10036/6030 NetworkRequest [ TRACK_DEFAULT id=28, [ Capabilities: INTERNET&NOT_RESTRICTED&TRUSTED&NOT_VPN] ]
06-27 17:07:08.548  1708  1708 W ContextImpl: Calling a method in the system process without a qualified user: android.app.ContextImpl.startService:1358 android.content.ContextWrapper.startService:613 android.content.ContextWrapper.startService:613 com.android.coreservice.CoreBroadcastReceiver.onReceive:44 android.app.ActivityThread.handleReceiver:3073 
06-27 17:07:08.585  1297  2006 W ActivityManager: Unable to start service Intent { act=com.google.android.gms.ads.identifier.service.START pkg=com.google.android.gms } U=0: not found
06-27 17:07:08.622  1708  1708 W ContextImpl: Calling a method in the system process without a qualified user: android.app.ContextImpl.startService:1358 android.content.ContextWrapper.startService:613 android.content.ContextWrapper.startService:613 com.android.coreservice.CoreBroadcastReceiver.onReceive:53 android.app.ActivityThread.handleReceiver:3073 
06-27 17:07:09.047  1297  1311 W ActivityManager: Activity pause timeout for ActivityRecord{73c0f49 u0 dev.sunray.xzklmaster/com.cocos.game.AppActivity t10}
06-27 17:07:09.157  1297  1318 I WindowManager: Screen frozen for +1s836ms due to Window{6315e81 u0 Starting dev.sunray.xzklmaster}
06-27 17:07:09.247  1708  1708 W ContextImpl: Calling a method in the system process without a qualified user: android.app.ContextImpl.startService:1358 android.content.ContextWrapper.startService:613 android.content.ContextWrapper.startService:613 com.android.coreservice.CoreBroadcastReceiver.onReceive:53 android.app.ActivityThread.handleReceiver:3073 
06-27 17:07:09.264  1708  1708 W ContextImpl: Calling a method in the system process without a qualified user: android.app.ContextImpl.startService:1358 android.content.ContextWrapper.startService:613 android.content.ContextWrapper.startService:613 com.android.coreservice.CoreBroadcastReceiver.onReceive:44 android.app.ActivityThread.handleReceiver:3073 
06-27 17:07:09.509  1297  2759 W ActivityManager: Unable to start service Intent { act=com.google.android.gms.ads.identifier.service.START pkg=com.google.android.gms } U=0: not found
06-27 17:07:09.510  1297  2754 W ActivityManager: Unbind failed: could not find connection for android.os.BinderProxy@529f441
06-27 17:07:09.602  1297  2763 D ConnectivityService: requestNetwork for uid/pid:10036/6030 NetworkRequest [ TRACK_DEFAULT id=30, [ Capabilities: INTERNET&NOT_RESTRICTED&TRUSTED&NOT_VPN] ]
06-27 17:07:09.969  6030  6068 E ActivityThread: Failed to find provider info for com.google.android.gms.phenotype
06-27 17:07:13.135  1708  1708 W ContextImpl: Calling a method in the system process without a qualified user: android.app.ContextImpl.startService:1358 android.content.ContextWrapper.startService:613 android.content.ContextWrapper.startService:613 com.android.coreservice.CoreBroadcastReceiver.onReceive:53 android.app.ActivityThread.handleReceiver:3073 
06-27 17:07:13.391  1708  1708 W ContextImpl: Calling a method in the system process without a qualified user: android.app.ContextImpl.startService:1358 android.content.ContextWrapper.startService:613 android.content.ContextWrapper.startService:613 com.android.coreservice.CoreBroadcastReceiver.onReceive:69 android.app.ActivityThread.handleReceiver:3073 
06-27 17:07:13.429  1708  1708 W ContextImpl: Calling a method in the system process without a qualified user: android.app.ContextImpl.startService:1358 android.content.ContextWrapper.startService:613 android.content.ContextWrapper.startService:613 com.android.coreservice.CoreBroadcastReceiver.onReceive:69 android.app.ActivityThread.handleReceiver:3073 
06-27 17:16:04.143  1297  1314 E BatteryStatsService: no controller energy info supplied
06-27 17:16:04.143  1297  1314 E BatteryStatsService: no controller energy info supplied
06-27 17:16:04.167  1297  1314 E KernelCpuSpeedReader: Failed to read cpu-freq: /sys/devices/system/cpu/cpu0/cpufreq/stats/time_in_state (No such file or directory)
06-27 17:16:04.167  1297  1314 E KernelUidCpuTimeReader: Failed to read uid_cputime: /proc/uid_cputime/show_uid_stat (No such file or directory)
06-27 17:16:04.168  1297  1314 E BatteryStatsService: modem info is invalid: ModemActivityInfo{ mTimestamp=0 mSleepTimeMs=0 mIdleTimeMs=0 mTxTimeMs[]=[0, 0, 0, 0, 0] mRxTimeMs=0 mEnergyUsed=0}
06-27 17:17:38.024  1297  1297 I JobServiceContext: Client timed out while executing (no jobFinished received). sending onStop. e4fb514 #u0a36/-1693309448 dev.sunray.xzklmaster/com.google.android.datatransport.runtime.scheduling.jobscheduling.JobInfoSchedulerService
06-27 17:17:43.013  1297  1297 I JobServiceContext: Client timed out while executing (no jobFinished received). sending onStop. 68efde6 #u0a36/-1898040988 dev.sunray.xzklmaster/com.google.android.datatransport.runtime.scheduling.jobscheduling.JobInfoSchedulerService
06-27 17:17:46.063  1297  1310 I UsageStatsService: User[0] Flushing usage stats to disk
06-27 17:19:00.011  1297  1311 I ProcessStatsService: Prepared write state in 1ms
06-27 17:30:09.831  1297  1297 I JobServiceContext: Client timed out while executing (no jobFinished received). sending onStop. 551945d #u0a36/-1693309448 dev.sunray.xzklmaster/com.google.android.datatransport.runtime.scheduling.jobscheduling.JobInfoSchedulerService
06-27 17:46:04.143  1297  1314 E BatteryStatsService: no controller energy info supplied
06-27 17:46:04.143  1297  1314 E BatteryStatsService: no controller energy info supplied
06-27 17:46:04.145  1297  1314 E KernelCpuSpeedReader: Failed to read cpu-freq: /sys/devices/system/cpu/cpu0/cpufreq/stats/time_in_state (No such file or directory)
06-27 17:46:04.145  1297  1314 E KernelUidCpuTimeReader: Failed to read uid_cputime: /proc/uid_cputime/show_uid_stat (No such file or directory)
06-27 17:46:04.145  1297  1314 E BatteryStatsService: modem info is invalid: ModemActivityInfo{ mTimestamp=0 mSleepTimeMs=0 mIdleTimeMs=0 mTxTimeMs[]=[0, 0, 0, 0, 0] mRxTimeMs=0 mEnergyUsed=0}
06-27 17:49:00.015  1297  1311 I ProcessStatsService: Prepared write state in 0ms
06-27 17:53:19.853  1297  1297 I JobServiceContext: Client timed out while executing (no jobFinished received). sending onStop. 14abcb8 #u0a36/-1693309448 dev.sunray.xzklmaster/com.google.android.datatransport.runtime.scheduling.jobscheduling.JobInfoSchedulerService
06-27 18:15:56.956  1297  1587 I ActivityManager: Force stopping dev.sunray.xzklmaster appid=10036 user=0: from pid 1708
06-27 18:15:56.977  1297  1587 I ActivityManager: Killing 6030:dev.sunray.xzklmaster/u0a36 (adj 0): stop dev.sunray.xzklmaster
06-27 18:15:56.979  1297  1587 D ActivityManager: cleanUpApplicationRecord -- 6030
06-27 18:15:56.979  1297  1587 W ActivityManager: Scheduling restart of crashed service dev.sunray.xzklmaster/com.google.android.datatransport.runtime.scheduling.jobscheduling.JobInfoSchedulerService in 1000ms
06-27 18:15:57.003  1297  1587 W ActivityManager: Force removing ActivityRecord{73c0f49 u0 dev.sunray.xzklmaster/com.cocos.game.AppActivity t10}: app died, no saved state
06-27 18:15:57.040  1297  2754 W WindowManager: Failed looking up window
06-27 18:15:57.040  1297  2754 W WindowManager: java.lang.IllegalArgumentException: Requested window android.os.BinderProxy@a35af28 does not exist
06-27 18:15:57.040  1297  2754 W WindowManager: 	at com.android.server.wm.WindowManagerService.windowForClientLocked(WindowManagerService.java:9459)
06-27 18:15:57.040  1297  2754 W WindowManager: 	at com.android.server.wm.WindowManagerService.windowForClientLocked(WindowManagerService.java:9450)
06-27 18:15:57.040  1297  2754 W WindowManager: 	at com.android.server.wm.WindowState$DeathRecipient.binderDied(WindowState.java:1807)
06-27 18:15:57.040  1297  2754 W WindowManager: 	at android.os.BinderProxy.sendDeathNotice(Binder.java:688)
06-27 18:15:57.040  1297  2754 I WindowManager: WIN DEATH: null
06-27 18:15:57.040  1297  2760 W WindowManager: Failed looking up window
06-27 18:15:57.040  1297  2760 W WindowManager: java.lang.IllegalArgumentException: Requested window android.os.BinderProxy@aabf6ba does not exist
06-27 18:15:57.040  1297  2760 W WindowManager: 	at com.android.server.wm.WindowManagerService.windowForClientLocked(WindowManagerService.java:9459)
06-27 18:15:57.040  1297  2760 W WindowManager: 	at com.android.server.wm.WindowManagerService.windowForClientLocked(WindowManagerService.java:9450)
06-27 18:15:57.040  1297  2760 W WindowManager: 	at com.android.server.wm.WindowState$DeathRecipient.binderDied(WindowState.java:1807)
06-27 18:15:57.040  1297  2760 W WindowManager: 	at android.os.BinderProxy.sendDeathNotice(Binder.java:688)
06-27 18:15:57.040  1297  2760 I WindowManager: WIN DEATH: null
06-27 18:15:57.044  1297  2758 D ConnectivityService: ConnectivityService NetworkRequestInfo binderDied(NetworkRequest [ LISTEN id=29, [ Capabilities: INTERNET&NOT_RESTRICTED&TRUSTED&FOREGROUND] ], android.os.BinderProxy@da82800)
06-27 18:15:57.044  1297  2005 D ConnectivityService: ConnectivityService NetworkRequestInfo binderDied(NetworkRequest [ TRACK_DEFAULT id=28, [ Capabilities: INTERNET&NOT_RESTRICTED&TRUSTED&NOT_VPN] ], android.os.BinderProxy@cc93839)
06-27 18:15:57.044  1297  2753 D ConnectivityService: ConnectivityService NetworkRequestInfo binderDied(NetworkRequest [ TRACK_DEFAULT id=30, [ Capabilities: INTERNET&NOT_RESTRICTED&TRUSTED&NOT_VPN] ], android.os.BinderProxy@5e47e7e)
06-27 18:15:57.048  1297  1587 D WindowManager: updateRotationUncheckedLocked! mLastOrientation=5 old-mRotation=3 old-mAltOrientation=false new-mRotation=0 new-mAltOrientation=false
06-27 18:15:57.071  1297  1356 E ConnectivityService: RemoteException caught trying to send a callback msg for NetworkRequest [ LISTEN id=29, [ Capabilities: INTERNET&NOT_RESTRICTED&TRUSTED&FOREGROUND] ]
06-27 18:15:57.071  1297  1356 D ConnectivityService: releasing NetworkRequest [ TRACK_DEFAULT id=28, [ Capabilities: INTERNET&NOT_RESTRICTED&TRUSTED&NOT_VPN] ]
06-27 18:15:57.072  1297  1356 E ConnectivityService: RemoteException caught trying to send a callback msg for NetworkRequest [ TRACK_DEFAULT id=28, [ Capabilities: INTERNET&NOT_RESTRICTED&TRUSTED&NOT_VPN] ]
06-27 18:15:57.072  1297  1356 D ConnectivityService: releasing NetworkRequest [ TRACK_DEFAULT id=30, [ Capabilities: INTERNET&NOT_RESTRICTED&TRUSTED&NOT_VPN] ]
06-27 18:15:57.072  1297  1356 E ConnectivityService: RemoteException caught trying to send a callback msg for NetworkRequest [ TRACK_DEFAULT id=30, [ Capabilities: INTERNET&NOT_RESTRICTED&TRUSTED&NOT_VPN] ]
06-27 18:15:57.197  1297  1587 I ActivityManager: Config changes=480 {1.0 ?mcc?mnc [zh_CN] ldltr sw360dp w720dp h336dp 320dpi nrml long land finger qwerty/v/v -nav/h s.21}
06-27 18:15:57.268  1297  1587 I ActivityManager:   Force stopping service ServiceRecord{9743694 u0 dev.sunray.xzklmaster/com.google.android.datatransport.runtime.scheduling.jobscheduling.JobInfoSchedulerService}
06-27 18:15:57.280  1708  1708 W ContextImpl: Calling a method in the system process without a qualified user: android.app.ContextImpl.startService:1358 android.content.ContextWrapper.startService:613 android.content.ContextWrapper.startService:613 com.android.coreservice.CoreBroadcastReceiver.onReceive:53 android.app.ActivityThread.handleReceiver:3073 
06-27 18:15:57.318  1297  1587 W ActivityManager: Request to remove task ignored for non-existent task 10
06-27 18:15:57.319  1708  1708 W ContextImpl: Calling a method in the system process without a qualified user: android.app.ContextImpl.sendBroadcast:893 android.content.ContextWrapper.sendBroadcast:426 com.android.coreservice.TabManager.notifyClosing:345 com.android.coreservice.TabManager.updateInner:182 com.android.coreservice.TabManager.onUpdate:217 
06-27 18:15:57.321  1708  1708 W ContextImpl: Calling a method in the system process without a qualified user: android.app.ContextImpl.startService:1358 android.content.ContextWrapper.startService:613 android.content.ContextWrapper.startService:613 com.android.coreservice.CoreBroadcastReceiver.onReceive:44 android.app.ActivityThread.handleReceiver:3073 
06-27 18:15:57.323  1708  1708 W ContextImpl: Calling a method in the system process without a qualified user: android.app.ContextImpl.startService:1358 android.content.ContextWrapper.startService:613 android.content.ContextWrapper.startService:613 com.android.coreservice.CoreBroadcastReceiver.onReceive:53 android.app.ActivityThread.handleReceiver:3073 
06-27 18:15:57.442  1708  1708 W ContextImpl: Calling a method in the system process without a qualified user: android.app.ContextImpl.startService:1358 android.content.ContextWrapper.startService:613 android.content.ContextWrapper.startService:613 com.android.coreservice.CoreBroadcastReceiver.onReceive:69 android.app.ActivityThread.handleReceiver:3073 
06-27 18:15:57.540  1297  1318 I WindowManager: Screen frozen for +492ms due to Window{a9a2bed u0 StatusBar}
06-27 18:16:02.197  1297  2756 I ActivityManager: START u0 {act=android.intent.action.MAIN cat=[android.intent.category.LAUNCHER] flg=0x10200000 cmp=dev.sunray.xzkl/com.cocos.game.AppActivity bnds=[720,105][932,242] (has extras)} from uid 10029 on display 0
06-27 18:16:02.295  1708  1708 W ContextImpl: Calling a method in the system process without a qualified user: android.app.ContextImpl.startService:1358 android.content.ContextWrapper.startService:613 android.content.ContextWrapper.startService:613 com.android.coreservice.CoreBroadcastReceiver.onReceive:44 android.app.ActivityThread.handleReceiver:3073 
06-27 18:16:02.338  1297  2759 I ActivityManager: Start proc 6751:dev.sunray.xzkl/u0a34 for activity dev.sunray.xzkl/com.cocos.game.AppActivity
06-27 18:16:02.340  1297  1318 D WindowManager: updateRotationUncheckedLocked! mLastOrientation=1 old-mRotation=0 old-mAltOrientation=false new-mRotation=3 new-mAltOrientation=false
06-27 18:16:02.356  1297  1318 I ActivityManager: Config changes=480 {1.0 ?mcc?mnc [zh_CN] ldltr sw360dp w360dp h696dp 320dpi nrml long port finger qwerty/v/v -nav/h s.22}
06-27 18:16:02.409  1708  1708 W ContextImpl: Calling a method in the system process without a qualified user: android.app.ContextImpl.startService:1358 android.content.ContextWrapper.startService:613 android.content.ContextWrapper.startService:613 com.android.coreservice.CoreBroadcastReceiver.onReceive:53 android.app.ActivityThread.handleReceiver:3073 
06-27 18:16:04.150  1297  1314 E BatteryStatsService: no controller energy info supplied
06-27 18:16:04.150  1297  1314 E BatteryStatsService: no controller energy info supplied
06-27 18:16:04.159  1297  1314 E KernelCpuSpeedReader: Failed to read cpu-freq: /sys/devices/system/cpu/cpu0/cpufreq/stats/time_in_state (No such file or directory)
06-27 18:16:04.159  1297  1314 E KernelUidCpuTimeReader: Failed to read uid_cputime: /proc/uid_cputime/show_uid_stat (No such file or directory)
06-27 18:16:04.159  1297  1314 E BatteryStatsService: modem info is invalid: ModemActivityInfo{ mTimestamp=0 mSleepTimeMs=0 mIdleTimeMs=0 mTxTimeMs[]=[0, 0, 0, 0, 0] mRxTimeMs=0 mEnergyUsed=0}
06-27 18:16:04.406  1297  1318 W WindowManager: App freeze timeout expired.
06-27 18:16:04.406  1297  1318 W WindowManager: Force clearing freeze: AppWindowToken{53a9ae2 token=Token{65c6cc4 ActivityRecord{86a7bd7 u0 dev.sunray.xzkl/com.cocos.game.AppActivity t11}}}
06-27 18:16:04.406  1297  1318 I WindowManager: Screen frozen for +2s66ms due to Window{6530ecf u0 Starting dev.sunray.xzkl}
06-27 18:16:04.611  1297  2006 I ActivityManager: START u0 {act=android.content.pm.action.REQUEST_PERMISSIONS pkg=com.android.packageinstaller cmp=com.android.packageinstaller/.permission.ui.GrantPermissionsActivity (has extras)} from uid 10034 on display 0
06-27 18:16:04.638  1297  2754 D ConnectivityService: requestNetwork for uid/pid:10034/6751 NetworkRequest [ TRACK_DEFAULT id=31, [ Capabilities: INTERNET&NOT_RESTRICTED&TRUSTED&NOT_VPN] ]
06-27 18:16:04.656  1708  1708 W ContextImpl: Calling a method in the system process without a qualified user: android.app.ContextImpl.startService:1358 android.content.ContextWrapper.startService:613 android.content.ContextWrapper.startService:613 com.android.coreservice.CoreBroadcastReceiver.onReceive:44 android.app.ActivityThread.handleReceiver:3073 
06-27 18:16:04.694  1297  1668 W ActivityManager: Unable to start service Intent { act=com.google.android.gms.ads.identifier.service.START pkg=com.google.android.gms } U=0: not found
06-27 18:16:04.774  1708  1708 W ContextImpl: Calling a method in the system process without a qualified user: android.app.ContextImpl.startService:1358 android.content.ContextWrapper.startService:613 android.content.ContextWrapper.startService:613 com.android.coreservice.CoreBroadcastReceiver.onReceive:53 android.app.ActivityThread.handleReceiver:3073 
06-27 18:16:05.114  1297  1311 W ActivityManager: Activity pause timeout for ActivityRecord{86a7bd7 u0 dev.sunray.xzkl/com.cocos.game.AppActivity t11}
06-27 18:16:05.290  1708  1708 W ContextImpl: Calling a method in the system process without a qualified user: android.app.ContextImpl.startService:1358 android.content.ContextWrapper.startService:613 android.content.ContextWrapper.startService:613 com.android.coreservice.CoreBroadcastReceiver.onReceive:53 android.app.ActivityThread.handleReceiver:3073 
06-27 18:16:05.294  1708  1708 W ContextImpl: Calling a method in the system process without a qualified user: android.app.ContextImpl.startService:1358 android.content.ContextWrapper.startService:613 android.content.ContextWrapper.startService:613 com.android.coreservice.CoreBroadcastReceiver.onReceive:44 android.app.ActivityThread.handleReceiver:3073 
06-27 18:16:05.539  1297  2755 W ActivityManager: Unable to start service Intent { act=com.google.android.gms.ads.identifier.service.START pkg=com.google.android.gms } U=0: not found
06-27 18:16:05.539  1297  1586 W ActivityManager: Unbind failed: could not find connection for android.os.BinderProxy@80f9f69
06-27 18:16:05.787  1297  2756 D ConnectivityService: requestNetwork for uid/pid:10034/6751 NetworkRequest [ TRACK_DEFAULT id=33, [ Capabilities: INTERNET&NOT_RESTRICTED&TRUSTED&NOT_VPN] ]
06-27 18:16:09.350  1708  1708 W ContextImpl: Calling a method in the system process without a qualified user: android.app.ContextImpl.startService:1358 android.content.ContextWrapper.startService:613 android.content.ContextWrapper.startService:613 com.android.coreservice.CoreBroadcastReceiver.onReceive:53 android.app.ActivityThread.handleReceiver:3073 
06-27 18:16:09.555  1708  1708 W ContextImpl: Calling a method in the system process without a qualified user: android.app.ContextImpl.startService:1358 android.content.ContextWrapper.startService:613 android.content.ContextWrapper.startService:613 com.android.coreservice.CoreBroadcastReceiver.onReceive:69 android.app.ActivityThread.handleReceiver:3073 
06-27 18:16:09.581  1708  1708 W ContextImpl: Calling a method in the system process without a qualified user: android.app.ContextImpl.startService:1358 android.content.ContextWrapper.startService:613 android.content.ContextWrapper.startService:613 com.android.coreservice.CoreBroadcastReceiver.onReceive:69 android.app.ActivityThread.handleReceiver:3073 
06-27 18:19:00.020  1297  1311 I ProcessStatsService: Prepared write state in 1ms
06-27 18:26:33.521  1297  1297 I JobServiceContext: Client timed out while executing (no jobFinished received). sending onStop. 1f4ca06 #u0a34/-1658182804 dev.sunray.xzkl/com.google.android.datatransport.runtime.scheduling.jobscheduling.JobInfoSchedulerService
06-27 18:26:38.504  1297  1297 I JobServiceContext: Client timed out while executing (no jobFinished received). sending onStop. 56f0dee #u0a34/936521432 dev.sunray.xzkl/com.google.android.datatransport.runtime.scheduling.jobscheduling.JobInfoSchedulerService
06-27 18:35:57.026  1297  1310 I UsageStatsService: User[0] Flushing usage stats to disk
06-27 18:37:03.529  1297  1297 I JobServiceContext: Client timed out while executing (no jobFinished received). sending onStop. 4ca1376 #u0a34/-1658182804 dev.sunray.xzkl/com.google.android.datatransport.runtime.scheduling.jobscheduling.JobInfoSchedulerService
06-27 18:46:04.146  1297  1314 E BatteryStatsService: no controller energy info supplied
06-27 18:46:04.147  1297  1314 E BatteryStatsService: no controller energy info supplied
06-27 18:46:04.167  1297  1314 E KernelCpuSpeedReader: Failed to read cpu-freq: /sys/devices/system/cpu/cpu0/cpufreq/stats/time_in_state (No such file or directory)
06-27 18:46:04.167  1297  1314 E KernelUidCpuTimeReader: Failed to read uid_cputime: /proc/uid_cputime/show_uid_stat (No such file or directory)
06-27 18:46:04.167  1297  1314 E BatteryStatsService: modem info is invalid: ModemActivityInfo{ mTimestamp=0 mSleepTimeMs=0 mIdleTimeMs=0 mTxTimeMs[]=[0, 0, 0, 0, 0] mRxTimeMs=0 mEnergyUsed=0}
06-27 18:49:00.024  1297  1311 I ProcessStatsService: Prepared write state in 0ms
06-27 18:56:13.756  1297  1297 I JobServiceContext: Client timed out while executing (no jobFinished received). sending onStop. a66be05 #u0a34/-1658182804 dev.sunray.xzkl/com.google.android.datatransport.runtime.scheduling.jobscheduling.JobInfoSchedulerService
06-27 19:07:37.379  1297  1297 V BackupManagerService: Scheduling immediate backup pass
