06-27 10:17:48.955  1297  1318 W WindowManager: Force clearing orientation change: Window{49fbe74 u0 Starting dev.sunray.xzkl}
06-27 10:17:48.955  1297  1318 W WindowManager: Force clearing orientation change: Window{97af37f u0 com.android.systemui.ImageWallpaper}
06-27 10:17:49.976  1297  1318 W WindowManager: App freeze timeout expired.
06-27 10:17:49.976  1297  1318 W WindowManager: Force clearing freeze: AppWindowToken{5e52e6b token=Token{89e38e5 ActivityRecord{49b4fdc u0 dev.sunray.xzkl/com.cocos.game.AppActivity t3}}}
06-27 10:17:50.041  1297  1318 I WindowManager: Screen frozen for +2s85ms due to Window{49fbe74 u0 Starting dev.sunray.xzkl}
06-27 10:17:50.629  1297  1587 I ActivityManager: START u0 {act=android.content.pm.action.REQUEST_PERMISSIONS pkg=com.android.packageinstaller cmp=com.android.packageinstaller/.permission.ui.GrantPermissionsActivity (has extras)} from uid 10034 on display 0
06-27 10:17:50.634  1708  1708 W ContextImpl: Calling a method in the system process without a qualified user: android.app.ContextImpl.startService:1358 android.content.ContextWrapper.startService:613 android.content.ContextWrapper.startService:613 com.android.coreservice.CoreBroadcastReceiver.onReceive:44 android.app.ActivityThread.handleReceiver:3073 
06-27 10:17:50.642  1297  1587 D ConnectivityService: requestNetwork for uid/pid:10034/2066 NetworkRequest [ TRACK_DEFAULT id=7, [ Capabilities: INTERNET&NOT_RESTRICTED&TRUSTED&NOT_VPN] ]
06-27 10:17:50.707  1297  1308 W ActivityManager: Unable to start service Intent { act=com.google.android.gms.ads.identifier.service.START pkg=com.google.android.gms } U=0: not found
06-27 10:17:50.766  1708  1708 W ContextImpl: Calling a method in the system process without a qualified user: android.app.ContextImpl.startService:1358 android.content.ContextWrapper.startService:613 android.content.ContextWrapper.startService:613 com.android.coreservice.CoreBroadcastReceiver.onReceive:53 android.app.ActivityThread.handleReceiver:3073 
06-27 10:17:51.098  1297  1587 D ConnectivityService: requestNetwork for uid/pid:10034/2066 NetworkRequest [ TRACK_DEFAULT id=8, [ Capabilities: INTERNET&NOT_RESTRICTED&TRUSTED&NOT_VPN] ]
06-27 10:17:51.157  1297  1311 W ActivityManager: Activity pause timeout for ActivityRecord{49b4fdc u0 dev.sunray.xzkl/com.cocos.game.AppActivity t3}
06-27 10:17:51.190  1297  1311 I ActivityManager: Start proc 2190:com.android.packageinstaller/u0a12 for activity com.android.packageinstaller/.permission.ui.GrantPermissionsActivity
06-27 10:17:51.321  1708  1708 W ContextImpl: Calling a method in the system process without a qualified user: android.app.ContextImpl.startService:1358 android.content.ContextWrapper.startService:613 android.content.ContextWrapper.startService:613 com.android.coreservice.CoreBroadcastReceiver.onReceive:53 android.app.ActivityThread.handleReceiver:3073 
06-27 10:17:51.584  1297  1586 I ActivityManager: Start proc 2223:com.android.chrome:webview_service/u0a24 for service com.android.chrome/org.chromium.android_webview.services.VariationsSeedServer
06-27 10:17:51.662  1708  1708 W ContextImpl: Calling a method in the system process without a qualified user: android.app.ContextImpl.startService:1358 android.content.ContextWrapper.startService:613 android.content.ContextWrapper.startService:613 com.android.coreservice.CoreBroadcastReceiver.onReceive:53 android.app.ActivityThread.handleReceiver:3073 
06-27 10:17:52.017  1708  1708 W ContextImpl: Calling a method in the system process without a qualified user: android.app.ContextImpl.startService:1358 android.content.ContextWrapper.startService:613 android.content.ContextWrapper.startService:613 com.android.coreservice.CoreBroadcastReceiver.onReceive:53 android.app.ActivityThread.handleReceiver:3073 
06-27 10:17:52.020  1708  1708 W ContextImpl: Calling a method in the system process without a qualified user: android.app.ContextImpl.startService:1358 android.content.ContextWrapper.startService:613 android.content.ContextWrapper.startService:613 com.android.coreservice.CoreBroadcastReceiver.onReceive:44 android.app.ActivityThread.handleReceiver:3073 
06-27 10:17:57.831  1297  1311 W ActivityManager: Launch timeout has expired, giving up wake lock!
06-27 10:17:58.480  1297  1544 W ActivityManager: Unable to start service Intent { act=com.google.android.gms.ads.identifier.service.START pkg=com.google.android.gms } U=0: not found
06-27 10:17:58.481  1297  1586 W ActivityManager: Unbind failed: could not find connection for android.os.BinderProxy@8a32ece
06-27 10:18:00.946  1708  1708 W ContextImpl: Calling a method in the system process without a qualified user: android.app.ContextImpl.startService:1358 android.content.ContextWrapper.startService:613 android.content.ContextWrapper.startService:613 com.android.coreservice.CoreBroadcastReceiver.onReceive:53 android.app.ActivityThread.handleReceiver:3073 
06-27 10:18:00.989  1708  1708 W ContextImpl: Calling a method in the system process without a qualified user: android.app.ContextImpl.startService:1358 android.content.ContextWrapper.startService:613 android.content.ContextWrapper.startService:613 com.android.coreservice.CoreBroadcastReceiver.onReceive:69 android.app.ActivityThread.handleReceiver:3073 
06-27 10:18:00.997  1708  1708 W ContextImpl: Calling a method in the system process without a qualified user: android.app.ContextImpl.startService:1358 android.content.ContextWrapper.startService:613 android.content.ContextWrapper.startService:613 com.android.coreservice.CoreBroadcastReceiver.onReceive:69 android.app.ActivityThread.handleReceiver:3073 
06-27 10:33:49.741  1297  1297 I JobServiceContext: Client timed out while executing (no jobFinished received). sending onStop. c98b3e2 #u0a34/-1658182804 dev.sunray.xzkl/com.google.android.datatransport.runtime.scheduling.jobscheduling.JobInfoSchedulerService
06-27 10:36:21.054  1297  1310 I UsageStatsService: User[0] Flushing usage stats to disk
06-27 10:44:54.327  1297  1297 I JobServiceContext: Client timed out while executing (no jobFinished received). sending onStop. 3c52c65 #u0a34/-1658182804 dev.sunray.xzkl/com.google.android.datatransport.runtime.scheduling.jobscheduling.JobInfoSchedulerService
06-27 10:46:04.138  1297  1314 E BatteryStatsService: no controller energy info supplied
06-27 10:46:04.138  1297  1314 E BatteryStatsService: no controller energy info supplied
06-27 10:46:04.166  1297  1314 E KernelCpuSpeedReader: Failed to read cpu-freq: /sys/devices/system/cpu/cpu0/cpufreq/stats/time_in_state (No such file or directory)
06-27 10:46:04.167  1297  1314 E KernelUidCpuTimeReader: Failed to read uid_cputime: /proc/uid_cputime/show_uid_stat (No such file or directory)
06-27 10:46:04.167  1297  1314 E BatteryStatsService: modem info is invalid: ModemActivityInfo{ mTimestamp=0 mSleepTimeMs=0 mIdleTimeMs=0 mTxTimeMs[]=[0, 0, 0, 0, 0] mRxTimeMs=0 mEnergyUsed=0}
06-27 10:47:00.006  1297  1311 I ProcessStatsService: Prepared write state in 2ms
06-27 10:47:00.008  1297  1310 I ProcessStatsService: Pruning old procstats: /data/system/procstats/state-2024-06-24-18-42-30.bin
06-27 11:04:32.515  1297  1297 I JobServiceContext: Client timed out while executing (no jobFinished received). sending onStop. bf7fcde #u0a34/-1658182804 dev.sunray.xzkl/com.google.android.datatransport.runtime.scheduling.jobscheduling.JobInfoSchedulerService
06-27 11:16:04.126  1297  1314 E BatteryStatsService: no controller energy info supplied
06-27 11:16:04.126  1297  1314 E BatteryStatsService: no controller energy info supplied
06-27 11:16:04.127  1297  1314 E KernelCpuSpeedReader: Failed to read cpu-freq: /sys/devices/system/cpu/cpu0/cpufreq/stats/time_in_state (No such file or directory)
06-27 11:16:04.127  1297  1314 E KernelUidCpuTimeReader: Failed to read uid_cputime: /proc/uid_cputime/show_uid_stat (No such file or directory)
06-27 11:16:04.127  1297  1314 E BatteryStatsService: modem info is invalid: ModemActivityInfo{ mTimestamp=0 mSleepTimeMs=0 mIdleTimeMs=0 mTxTimeMs[]=[0, 0, 0, 0, 0] mRxTimeMs=0 mEnergyUsed=0}
06-27 11:17:00.010  1297  1311 I ProcessStatsService: Prepared write state in 0ms
06-27 11:33:18.010  1297  1297 I JobServiceContext: Client timed out while executing (no jobFinished received). sending onStop. ff295af #u0a34/-1658182804 dev.sunray.xzkl/com.google.android.datatransport.runtime.scheduling.jobscheduling.JobInfoSchedulerService
06-27 11:46:04.128  1297  1314 E BatteryStatsService: no controller energy info supplied
06-27 11:46:04.128  1297  1314 E BatteryStatsService: no controller energy info supplied
06-27 11:46:04.129  1297  1314 E KernelCpuSpeedReader: Failed to read cpu-freq: /sys/devices/system/cpu/cpu0/cpufreq/stats/time_in_state (No such file or directory)
06-27 11:46:04.129  1297  1314 E KernelUidCpuTimeReader: Failed to read uid_cputime: /proc/uid_cputime/show_uid_stat (No such file or directory)
06-27 11:46:04.129  1297  1314 E BatteryStatsService: modem info is invalid: ModemActivityInfo{ mTimestamp=0 mSleepTimeMs=0 mIdleTimeMs=0 mTxTimeMs[]=[0, 0, 0, 0, 0] mRxTimeMs=0 mEnergyUsed=0}
06-27 11:47:00.017  1297  1311 I ProcessStatsService: Prepared write state in 0ms
06-27 11:49:59.775  1297  1297 I JobServiceContext: Client timed out while executing (no jobFinished received). sending onStop. 4d98ba7 #u0a34/-1658182804 dev.sunray.xzkl/com.google.android.datatransport.runtime.scheduling.jobscheduling.JobInfoSchedulerService
06-27 12:03:45.383  1297  1326 W ActivityManager: Slow operation: 246ms so far, now at startProcess: returned from zygote!
06-27 12:03:45.385  1297  1326 W ActivityManager: Slow operation: 251ms so far, now at startProcess: done updating battery stats
06-27 12:03:45.395  1297  1326 W ActivityManager: Slow operation: 262ms so far, now at startProcess: building log message
06-27 12:03:45.395  1297  1326 I ActivityManager: Start proc 2737:com.android.defcontainer/u0a5 for service com.android.defcontainer/.DefaultContainerService
06-27 12:03:45.395  1297  1326 W ActivityManager: Slow operation: 262ms so far, now at startProcess: starting to update pids map
06-27 12:03:45.395  1297  1326 W ActivityManager: Slow operation: 262ms so far, now at startProcess: done updating pids map
06-27 12:03:45.395  1297  1326 W ActivityManager: Slow operation: 281ms so far, now at startProcess: done starting proc!
06-27 12:03:46.534  1297  2005 W ActivityManager: Slow operation: 119ms so far, now at attachApplicationLocked: immediately after bindApplication
06-27 12:03:46.534  1297  2005 W ActivityManager: Slow operation: 119ms so far, now at attachApplicationLocked: after updateLruProcessLocked
06-27 12:03:46.706  1297  2005 W ActivityManager: Slow operation: 291ms so far, now at attachApplicationLocked: after mServices.attachApplicationLocked
06-27 12:03:46.831  1297  1310 I UsageStatsService: User[0] Rolling over usage stats
06-27 12:03:46.832  1297  1310 I UsageStatsService: User[0] Flushing usage stats to disk
06-27 12:03:47.070  1297  1310 I UsageStatsService: User[0] Rollover scheduled @ 2024-06-28 12:03:45(1719547425582)
06-27 12:03:47.070  1297  1310 I UsageStatsService: User[0] Flushing usage stats to disk
06-27 12:03:47.072  1297  1310 I UsageStatsService: User[0] Rolling over usage stats complete. Took 241 milliseconds
06-27 12:03:47.292  1708  1708 W ContextImpl: Calling a method in the system process without a qualified user: android.app.ContextImpl.startService:1358 android.content.ContextWrapper.startService:613 android.content.ContextWrapper.startService:613 com.android.coreservice.CoreBroadcastReceiver.onReceive:53 android.app.ActivityThread.handleReceiver:3073 
06-27 12:03:48.703  1297  1326 W PackageParser: Unknown element under <manifest>: queries at /data/app/vmdl1124598162.tmp/base.apk Binary XML file line #23
06-27 12:03:48.703  1297  1326 W PackageParser: Unknown element under <application>: property at /data/app/vmdl1124598162.tmp/base.apk Binary XML file line #224
06-27 12:03:48.703  1297  1326 W PackageParser: Unknown element under <application>: property at /data/app/vmdl1124598162.tmp/base.apk Binary XML file line #276
06-27 12:03:48.810  1297  1326 I PackageManager: do copyNativeBinariesForSupportedAbi copyRet=1
06-27 12:03:48.810  1297  1326 W PackageManager: Package dev.sunray.xzkl desires unavailable shared library android.ext.adservices; ignoring!
06-27 12:03:48.884  1297  1311 I ActivityManager: Force stopping dev.sunray.xzkl appid=10034 user=-1: installPackageLI
06-27 12:03:48.884  1297  1311 I ActivityManager: Killing 2066:dev.sunray.xzkl/u0a34 (adj 0): stop dev.sunray.xzkl
06-27 12:03:48.888  1297  1311 D ActivityManager: cleanUpApplicationRecord -- 2066
06-27 12:03:48.903  1297  1311 W ActivityManager: Scheduling restart of crashed service dev.sunray.xzkl/com.google.android.datatransport.runtime.scheduling.jobscheduling.JobInfoSchedulerService in 1000ms
06-27 12:03:48.903  1297  1311 W ActivityManager: Force removing ActivityRecord{49b4fdc u0 dev.sunray.xzkl/com.cocos.game.AppActivity t3}: app died, no saved state
06-27 12:03:49.335  1297  2005 D ConnectivityService: ConnectivityService NetworkRequestInfo binderDied(NetworkRequest [ LISTEN id=9, [ Capabilities: INTERNET&NOT_RESTRICTED&TRUSTED&FOREGROUND] ], android.os.BinderProxy@9b5e987)
06-27 12:03:49.335  1297  2754 D ConnectivityService: ConnectivityService NetworkRequestInfo binderDied(NetworkRequest [ TRACK_DEFAULT id=8, [ Capabilities: INTERNET&NOT_RESTRICTED&TRUSTED&NOT_VPN] ], android.os.BinderProxy@505c0b4)
06-27 12:03:49.335  1297  1544 D ConnectivityService: ConnectivityService NetworkRequestInfo binderDied(NetworkRequest [ TRACK_DEFAULT id=7, [ Capabilities: INTERNET&NOT_RESTRICTED&TRUSTED&NOT_VPN] ], android.os.BinderProxy@36214dd)
06-27 12:03:49.478  1297  1356 E ConnectivityService: RemoteException caught trying to send a callback msg for NetworkRequest [ LISTEN id=9, [ Capabilities: INTERNET&NOT_RESTRICTED&TRUSTED&FOREGROUND] ]
06-27 12:03:49.478  1297  1356 D ConnectivityService: releasing NetworkRequest [ TRACK_DEFAULT id=8, [ Capabilities: INTERNET&NOT_RESTRICTED&TRUSTED&NOT_VPN] ]
06-27 12:03:49.479  1297  1356 E ConnectivityService: RemoteException caught trying to send a callback msg for NetworkRequest [ TRACK_DEFAULT id=8, [ Capabilities: INTERNET&NOT_RESTRICTED&TRUSTED&NOT_VPN] ]
06-27 12:03:49.479  1297  1356 D ConnectivityService: releasing NetworkRequest [ TRACK_DEFAULT id=7, [ Capabilities: INTERNET&NOT_RESTRICTED&TRUSTED&NOT_VPN] ]
06-27 12:03:49.479  1297  1356 E ConnectivityService: RemoteException caught trying to send a callback msg for NetworkRequest [ TRACK_DEFAULT id=7, [ Capabilities: INTERNET&NOT_RESTRICTED&TRUSTED&NOT_VPN] ]
06-27 12:03:49.573  1297  1326 I PackageManager: Package dev.sunray.xzkl codePath changed from /data/app/dev.sunray.xzkl-1 to /data/app/dev.sunray.xzkl-2; Retaining data and using new
06-27 12:03:49.573  1297  1326 W PackageManager: Package dev.sunray.xzkl desires unavailable shared library android.ext.adservices; ignoring!
06-27 12:03:49.573  1297  1586 W WindowManager: Failed looking up window
06-27 12:03:49.573  1297  1586 W WindowManager: java.lang.IllegalArgumentException: Requested window android.os.BinderProxy@ab0cc82 does not exist
06-27 12:03:49.573  1297  1586 W WindowManager: 	at com.android.server.wm.WindowManagerService.windowForClientLocked(WindowManagerService.java:9459)
06-27 12:03:49.573  1297  1586 W WindowManager: 	at com.android.server.wm.WindowManagerService.windowForClientLocked(WindowManagerService.java:9450)
06-27 12:03:49.573  1297  1586 W WindowManager: 	at com.android.server.wm.WindowState$DeathRecipient.binderDied(WindowState.java:1807)
06-27 12:03:49.573  1297  1586 W WindowManager: 	at android.os.BinderProxy.sendDeathNotice(Binder.java:688)
06-27 12:03:49.573  1297  1586 I WindowManager: WIN DEATH: null
06-27 12:03:49.573  1297  2753 W WindowManager: Failed looking up window
06-27 12:03:49.573  1297  2753 W WindowManager: java.lang.IllegalArgumentException: Requested window android.os.BinderProxy@4cf76ca does not exist
06-27 12:03:49.573  1297  2753 W WindowManager: 	at com.android.server.wm.WindowManagerService.windowForClientLocked(WindowManagerService.java:9459)
06-27 12:03:49.573  1297  2753 W WindowManager: 	at com.android.server.wm.WindowManagerService.windowForClientLocked(WindowManagerService.java:9450)
06-27 12:03:49.573  1297  2753 W WindowManager: 	at com.android.server.wm.WindowState$DeathRecipient.binderDied(WindowState.java:1807)
06-27 12:03:49.573  1297  2753 W WindowManager: 	at android.os.BinderProxy.sendDeathNotice(Binder.java:688)
06-27 12:03:49.573  1297  2753 I WindowManager: WIN DEATH: null
06-27 12:03:49.573  1297  1326 W PackageManager: Code path for dev.sunray.xzkl changing from /data/app/dev.sunray.xzkl-1 to /data/app/dev.sunray.xzkl-2
06-27 12:03:49.573  1297  1326 W PackageManager: Resource path for dev.sunray.xzkl changing from /data/app/dev.sunray.xzkl-1 to /data/app/dev.sunray.xzkl-2
06-27 12:03:49.574  1297  1311 D WindowManager: updateRotationUncheckedLocked! mLastOrientation=5 old-mRotation=3 old-mAltOrientation=false new-mRotation=0 new-mAltOrientation=false
06-27 12:03:49.602  1297  1326 W PackageManager: Unknown permission BIND_GET_INSTALL_REFERRER_SERVICE in package dev.sunray.xzkl
06-27 12:03:49.602  1297  1326 W PackageManager: Unknown permission com.android.vending.CHECK_LICENSE in package dev.sunray.xzkl
06-27 12:03:49.603  1297  1326 W PackageManager: Unknown permission com.google.android.gms.permission.AD_ID in package dev.sunray.xzkl
06-27 12:03:49.603  1297  1326 W PackageManager: Unknown permission com.google.android.finsky.permission.BIND_GET_INSTALL_REFERRER_SERVICE in package dev.sunray.xzkl
06-27 12:03:49.603  1297  1326 W PackageManager: Unknown permission com.android.vending.BILLING in package dev.sunray.xzkl
06-27 12:03:49.603  1297  1326 W PackageManager: Unknown permission android.permission.ACCESS_ADSERVICES_ATTRIBUTION in package dev.sunray.xzkl
06-27 12:03:49.603  1297  1326 W PackageManager: Unknown permission android.permission.ACCESS_ADSERVICES_AD_ID in package dev.sunray.xzkl
06-27 12:03:49.603  1297  1326 W PackageManager: Unknown permission android.permission.ACCESS_ADSERVICES_TOPICS in package dev.sunray.xzkl
06-27 12:03:49.603  1297  1326 W PackageManager: Unknown permission android.permission.FOREGROUND_SERVICE in package dev.sunray.xzkl
06-27 12:03:49.693  1297  1311 I ActivityManager: Config changes=480 {1.0 ?mcc?mnc [zh_CN] ldltr sw360dp w720dp h336dp 320dpi nrml long land finger qwerty/v/v -nav/h s.7}
06-27 12:03:49.945  1297  1311 I ActivityManager:   Force stopping service ServiceRecord{9e6ac97 u0 dev.sunray.xzkl/com.google.android.datatransport.runtime.scheduling.jobscheduling.JobInfoSchedulerService}
06-27 12:03:49.963  1708  1708 W ContextImpl: Calling a method in the system process without a qualified user: android.app.ContextImpl.startService:1358 android.content.ContextWrapper.startService:613 android.content.ContextWrapper.startService:613 com.android.coreservice.CoreBroadcastReceiver.onReceive:44 android.app.ActivityThread.handleReceiver:3073 
06-27 12:03:50.126  1297  1326 I ActivityManager: Force stopping dev.sunray.xzkl appid=10034 user=0: pkg removed
06-27 12:03:50.243  1708  1708 W ContextImpl: Calling a method in the system process without a qualified user: android.app.ContextImpl.startService:1358 android.content.ContextWrapper.startService:613 android.content.ContextWrapper.startService:613 com.android.coreservice.CoreBroadcastReceiver.onReceive:85 android.app.ActivityThread.handleReceiver:3073 
06-27 12:03:51.666  1297  2753 W ActivityManager: Slow operation: 120ms so far, now at startProcess: getting gids from package manager
06-27 12:03:51.668  1297  2753 W ActivityManager: Slow operation: 122ms so far, now at startProcess: building args
06-27 12:03:51.668  1297  2753 W ActivityManager: Slow operation: 122ms so far, now at startProcess: asking zygote to start proc
06-27 12:03:51.679  1297  2753 W ActivityManager: Slow operation: 133ms so far, now at startProcess: returned from zygote!
06-27 12:03:51.679  1297  2753 W ActivityManager: Slow operation: 133ms so far, now at startProcess: done updating battery stats
06-27 12:03:51.680  1297  2753 W ActivityManager: Slow operation: 133ms so far, now at startProcess: building log message
06-27 12:03:51.680  1297  2753 I ActivityManager: Start proc 2766:com.android.gallery3d/u0a27 for broadcast com.android.gallery3d/.app.PackagesMonitor
06-27 12:03:51.680  1297  2753 W ActivityManager: Slow operation: 133ms so far, now at startProcess: starting to update pids map
06-27 12:03:51.680  1297  2753 W ActivityManager: Slow operation: 133ms so far, now at startProcess: done updating pids map
06-27 12:03:51.680  1297  2753 W ActivityManager: Slow operation: 133ms so far, now at startProcess: done starting proc!
06-27 12:03:51.681  1297  1310 W VoiceInteractionManagerService: no available voice recognition services found for user 0
06-27 12:03:51.696  1297  1318 W WindowManager: App freeze timeout expired.
06-27 12:03:52.034  1297  1318 W WindowManager: Window freeze timeout expired.
06-27 12:03:52.034  1297  1318 W WindowManager: Force clearing orientation change: Window{97af37f u0 com.android.systemui.ImageWallpaper}
06-27 12:03:52.040  1297  1318 I WindowManager: Screen frozen for +2s466ms due to Window{97af37f u0 com.android.systemui.ImageWallpaper}
06-27 12:03:52.204  1297  2758 W BackupManagerService: dataChanged but no participant pkg='com.android.launcher3' uid=10029
06-27 12:03:52.248  1742  1742 W ContextImpl: Calling a method in the system process without a qualified user: android.app.ContextImpl.startService:1358 android.content.ContextWrapper.startService:613 android.content.ContextWrapper.startService:613 com.android.keychain.KeyChainBroadcastReceiver.onReceive:12 android.app.ActivityThread.handleReceiver:3073 
06-27 12:03:52.260  1297  2755 I ActivityManager: Start proc 2786:android.process.acore/u0a0 for broadcast com.android.providers.contacts/.PackageIntentReceiver
06-27 12:03:52.761  1297  2756 I ActivityManager: Killing 1964:com.android.managedprovisioning/u0a11 (adj 906): empty for 6442s
06-27 12:03:52.762  1708  1708 W ContextImpl: Calling a method in the system process without a qualified user: android.app.ContextImpl.startService:1358 android.content.ContextWrapper.startService:613 android.content.ContextWrapper.startService:613 com.android.coreservice.CoreBroadcastReceiver.onReceive:77 android.app.ActivityThread.handleReceiver:3073 
06-27 12:03:52.766  1297  2753 D ActivityManager: cleanUpApplicationRecord -- 1964
06-27 12:03:53.456  1708  1708 W ContextImpl: Calling a method in the system process without a qualified user: android.app.ContextImpl.startService:1358 android.content.ContextWrapper.startService:613 android.content.ContextWrapper.startService:613 com.android.coreservice.CoreBroadcastReceiver.onReceive:53 android.app.ActivityThread.handleReceiver:3073 
06-27 12:03:53.474  1708  1708 W ContextImpl: Calling a method in the system process without a qualified user: android.app.ContextImpl.sendBroadcast:893 android.content.ContextWrapper.sendBroadcast:426 com.android.coreservice.TabManager.notifyClosing:345 com.android.coreservice.TabManager.updateInner:182 com.android.coreservice.TabManager.onUpdate:217 
06-27 12:03:53.474  1708  1708 W ContextImpl: Calling a method in the system process without a qualified user: android.app.ContextImpl.startService:1358 android.content.ContextWrapper.startService:613 android.content.ContextWrapper.startService:613 com.android.coreservice.CoreBroadcastReceiver.onReceive:69 android.app.ActivityThread.handleReceiver:3073 
06-27 12:03:53.475  1708  1708 W ContextImpl: Calling a method in the system process without a qualified user: android.app.ContextImpl.startService:1358 android.content.ContextWrapper.startService:613 android.content.ContextWrapper.startService:613 com.android.coreservice.CoreBroadcastReceiver.onReceive:53 android.app.ActivityThread.handleReceiver:3073 
06-27 12:03:53.476  1708  1708 W ContextImpl: Calling a method in the system process without a qualified user: android.app.ContextImpl.startService:1358 android.content.ContextWrapper.startService:613 android.content.ContextWrapper.startService:613 com.android.coreservice.CoreBroadcastReceiver.onReceive:53 android.app.ActivityThread.handleReceiver:3073 
06-27 12:03:56.709  1297  2754 I ActivityManager: Killing 1918:com.android.carrierconfig/u0a2 (adj 906): empty for 6445s
06-27 12:03:56.712  1297  2005 D ActivityManager: cleanUpApplicationRecord -- 1918
06-27 12:03:58.744  1297  1544 I ActivityManager: Killing 1713:android.process.media/u0a7 (adj 906): empty for 6447s
06-27 12:03:58.769  1297  2753 D ActivityManager: cleanUpApplicationRecord -- 1713
06-27 12:04:39.670  1297  1297 I ActivityManager: Start proc 2901:dev.sunray.xzkl/u0a34 for service dev.sunray.xzkl/com.google.android.datatransport.runtime.scheduling.jobscheduling.JobInfoSchedulerService
06-27 12:04:39.760  1708  1708 W ContextImpl: Calling a method in the system process without a qualified user: android.app.ContextImpl.startService:1358 android.content.ContextWrapper.startService:613 android.content.ContextWrapper.startService:613 com.android.coreservice.CoreBroadcastReceiver.onReceive:53 android.app.ActivityThread.handleReceiver:3073 
06-27 12:10:12.820  1297  2759 I ActivityManager: START u0 {act=android.intent.action.MAIN cat=[android.intent.category.LAUNCHER] flg=0x10200000 cmp=dev.sunray.xzkl/com.cocos.game.AppActivity bnds=[720,105][932,242] (has extras)} from uid 10029 on display 0
06-27 12:10:12.825  1708  1708 W ContextImpl: Calling a method in the system process without a qualified user: android.app.ContextImpl.startService:1358 android.content.ContextWrapper.startService:613 android.content.ContextWrapper.startService:613 com.android.coreservice.CoreBroadcastReceiver.onReceive:44 android.app.ActivityThread.handleReceiver:3073 
06-27 12:10:12.893  1297  2763 D WindowManager: updateRotationUncheckedLocked! mLastOrientation=1 old-mRotation=0 old-mAltOrientation=false new-mRotation=3 new-mAltOrientation=false
06-27 12:10:13.058  1297  2763 I ActivityManager: Config changes=480 {1.0 ?mcc?mnc [zh_CN] ldltr sw360dp w360dp h696dp 320dpi nrml long port finger qwerty/v/v -nav/h s.8}
06-27 12:10:14.126  1297  2756 I ActivityManager: START u0 {act=android.content.pm.action.REQUEST_PERMISSIONS pkg=com.android.packageinstaller cmp=com.android.packageinstaller/.permission.ui.GrantPermissionsActivity (has extras)} from uid 10034 on display 0
06-27 12:10:14.264  1708  1708 W ContextImpl: Calling a method in the system process without a qualified user: android.app.ContextImpl.startService:1358 android.content.ContextWrapper.startService:613 android.content.ContextWrapper.startService:613 com.android.coreservice.CoreBroadcastReceiver.onReceive:44 android.app.ActivityThread.handleReceiver:3073 
06-27 12:10:14.266  1297  2755 D ConnectivityService: requestNetwork for uid/pid:10034/2901 NetworkRequest [ TRACK_DEFAULT id=10, [ Capabilities: INTERNET&NOT_RESTRICTED&TRUSTED&NOT_VPN] ]
06-27 12:10:14.329  1297  1309 W ActivityManager: Unable to start service Intent { act=com.google.android.gms.ads.identifier.service.START pkg=com.google.android.gms } U=0: not found
06-27 12:10:14.481  1708  1708 W ContextImpl: Calling a method in the system process without a qualified user: android.app.ContextImpl.startService:1358 android.content.ContextWrapper.startService:613 android.content.ContextWrapper.startService:613 com.android.coreservice.CoreBroadcastReceiver.onReceive:53 android.app.ActivityThread.handleReceiver:3073 
06-27 12:10:14.652  1297  1311 W ActivityManager: Activity pause timeout for ActivityRecord{a43e198 u0 dev.sunray.xzkl/com.cocos.game.AppActivity t4}
06-27 12:10:14.652  1297  1311 I WindowManager: Screen frozen for +1s759ms due to AppWindowToken{9e64857 token=Token{1338df1 ActivityRecord{a43e198 u0 dev.sunray.xzkl/com.cocos.game.AppActivity t4}}}
06-27 12:10:15.654  1708  1708 W ContextImpl: Calling a method in the system process without a qualified user: android.app.ContextImpl.startService:1358 android.content.ContextWrapper.startService:613 android.content.ContextWrapper.startService:613 com.android.coreservice.CoreBroadcastReceiver.onReceive:53 android.app.ActivityThread.handleReceiver:3073 
06-27 12:10:15.657  1708  1708 W ContextImpl: Calling a method in the system process without a qualified user: android.app.ContextImpl.startService:1358 android.content.ContextWrapper.startService:613 android.content.ContextWrapper.startService:613 com.android.coreservice.CoreBroadcastReceiver.onReceive:44 android.app.ActivityThread.handleReceiver:3073 
06-27 12:10:20.253  1297  1587 D ConnectivityService: requestNetwork for uid/pid:10034/2901 NetworkRequest [ TRACK_DEFAULT id=12, [ Capabilities: INTERNET&NOT_RESTRICTED&TRUSTED&NOT_VPN] ]
06-27 12:10:20.451  1297  1309 W ActivityManager: Unable to start service Intent { act=com.google.android.gms.ads.identifier.service.START pkg=com.google.android.gms } U=0: not found
06-27 12:10:20.451  1297  1544 W ActivityManager: Unbind failed: could not find connection for android.os.BinderProxy@9ca1004
06-27 12:10:22.826  1297  1311 W ActivityManager: Launch timeout has expired, giving up wake lock!
06-27 12:10:23.620  1708  1708 W ContextImpl: Calling a method in the system process without a qualified user: android.app.ContextImpl.startService:1358 android.content.ContextWrapper.startService:613 android.content.ContextWrapper.startService:613 com.android.coreservice.CoreBroadcastReceiver.onReceive:53 android.app.ActivityThread.handleReceiver:3073 
06-27 12:10:23.930  1708  1708 W ContextImpl: Calling a method in the system process without a qualified user: android.app.ContextImpl.startService:1358 android.content.ContextWrapper.startService:613 android.content.ContextWrapper.startService:613 com.android.coreservice.CoreBroadcastReceiver.onReceive:69 android.app.ActivityThread.handleReceiver:3073 
06-27 12:10:23.934  1708  1708 W ContextImpl: Calling a method in the system process without a qualified user: android.app.ContextImpl.startService:1358 android.content.ContextWrapper.startService:613 android.content.ContextWrapper.startService:613 com.android.coreservice.CoreBroadcastReceiver.onReceive:69 android.app.ActivityThread.handleReceiver:3073 
06-27 12:16:04.134  1297  1314 E BatteryStatsService: no controller energy info supplied
06-27 12:16:04.134  1297  1314 E BatteryStatsService: no controller energy info supplied
06-27 12:16:04.143  1297  1314 E KernelCpuSpeedReader: Failed to read cpu-freq: /sys/devices/system/cpu/cpu0/cpufreq/stats/time_in_state (No such file or directory)
06-27 12:16:04.143  1297  1314 E KernelUidCpuTimeReader: Failed to read uid_cputime: /proc/uid_cputime/show_uid_stat (No such file or directory)
06-27 12:16:04.144  1297  1314 E BatteryStatsService: modem info is invalid: ModemActivityInfo{ mTimestamp=0 mSleepTimeMs=0 mIdleTimeMs=0 mTxTimeMs[]=[0, 0, 0, 0, 0] mRxTimeMs=0 mEnergyUsed=0}
06-27 12:17:00.024  1297  1311 I ProcessStatsService: Prepared write state in 0ms
06-27 12:23:46.956  1297  1310 I UsageStatsService: User[0] Flushing usage stats to disk
06-27 12:38:46.989  1297  1297 I JobServiceContext: Client timed out while executing (no jobFinished received). sending onStop. 4ae3e91 #u0a34/-1658182804 dev.sunray.xzkl/com.google.android.datatransport.runtime.scheduling.jobscheduling.JobInfoSchedulerService
06-27 12:46:04.129  1297  1314 E BatteryStatsService: no controller energy info supplied
06-27 12:46:04.129  1297  1314 E BatteryStatsService: no controller energy info supplied
06-27 12:46:04.130  1297  1314 E KernelCpuSpeedReader: Failed to read cpu-freq: /sys/devices/system/cpu/cpu0/cpufreq/stats/time_in_state (No such file or directory)
06-27 12:46:04.130  1297  1314 E KernelUidCpuTimeReader: Failed to read uid_cputime: /proc/uid_cputime/show_uid_stat (No such file or directory)
06-27 12:46:04.130  1297  1314 E BatteryStatsService: modem info is invalid: ModemActivityInfo{ mTimestamp=0 mSleepTimeMs=0 mIdleTimeMs=0 mTxTimeMs[]=[0, 0, 0, 0, 0] mRxTimeMs=0 mEnergyUsed=0}
06-27 12:47:00.024  1297  1311 I ProcessStatsService: Prepared write state in 0ms
06-27 12:53:19.408  1297  1297 I JobServiceContext: Client timed out while executing (no jobFinished received). sending onStop. 2412ec9 #u0a34/-1658182804 dev.sunray.xzkl/com.google.android.datatransport.runtime.scheduling.jobscheduling.JobInfoSchedulerService
06-27 13:14:59.732  1297  1297 I JobServiceContext: Client timed out while executing (no jobFinished received). sending onStop. f969532 #u0a34/-1658182804 dev.sunray.xzkl/com.google.android.datatransport.runtime.scheduling.jobscheduling.JobInfoSchedulerService
06-27 13:16:04.131  1297  1314 E BatteryStatsService: no controller energy info supplied
06-27 13:16:04.131  1297  1314 E BatteryStatsService: no controller energy info supplied
06-27 13:16:04.131  1297  1314 E KernelCpuSpeedReader: Failed to read cpu-freq: /sys/devices/system/cpu/cpu0/cpufreq/stats/time_in_state (No such file or directory)
06-27 13:16:04.131  1297  1314 E KernelUidCpuTimeReader: Failed to read uid_cputime: /proc/uid_cputime/show_uid_stat (No such file or directory)
06-27 13:16:04.131  1297  1314 E BatteryStatsService: modem info is invalid: ModemActivityInfo{ mTimestamp=0 mSleepTimeMs=0 mIdleTimeMs=0 mTxTimeMs[]=[0, 0, 0, 0, 0] mRxTimeMs=0 mEnergyUsed=0}
06-27 13:16:20.572  1297  1297 I EntropyMixer: Writing entropy...
06-27 13:17:00.028  1297  1311 I ProcessStatsService: Prepared write state in 3ms
06-27 13:17:00.029  1297  1310 I ProcessStatsService: Pruning old procstats: /data/system/procstats/state-2024-06-25-10-26-15.bin
06-27 13:44:14.346  1297  1297 I JobServiceContext: Client timed out while executing (no jobFinished received). sending onStop. abaaee2 #u0a34/-1658182804 dev.sunray.xzkl/com.google.android.datatransport.runtime.scheduling.jobscheduling.JobInfoSchedulerService
06-27 13:46:04.133  1297  1314 E BatteryStatsService: no controller energy info supplied
06-27 13:46:04.133  1297  1314 E BatteryStatsService: no controller energy info supplied
06-27 13:46:04.133  1297  1314 E KernelCpuSpeedReader: Failed to read cpu-freq: /sys/devices/system/cpu/cpu0/cpufreq/stats/time_in_state (No such file or directory)
06-27 13:46:04.133  1297  1314 E KernelUidCpuTimeReader: Failed to read uid_cputime: /proc/uid_cputime/show_uid_stat (No such file or directory)
06-27 13:46:04.133  1297  1314 E BatteryStatsService: modem info is invalid: ModemActivityInfo{ mTimestamp=0 mSleepTimeMs=0 mIdleTimeMs=0 mTxTimeMs[]=[0, 0, 0, 0, 0] mRxTimeMs=0 mEnergyUsed=0}
06-27 13:47:51.684  1297  1311 I ProcessStatsService: Prepared write state in 0ms
06-27 14:05:35.329  1297  2757 I ActivityManager: Force stopping dev.sunray.xzkl appid=10034 user=0: from pid 1708
06-27 14:05:35.338  1297  2757 I ActivityManager: Killing 2901:dev.sunray.xzkl/u0a34 (adj 0): stop dev.sunray.xzkl
06-27 14:05:35.339  1297  2757 D ActivityManager: cleanUpApplicationRecord -- 2901
06-27 14:05:35.339  1297  2757 W ActivityManager: Scheduling restart of crashed service dev.sunray.xzkl/com.google.android.datatransport.runtime.scheduling.jobscheduling.JobInfoSchedulerService in 1000ms
06-27 14:05:35.345  1297  2757 W ActivityManager: Force removing ActivityRecord{a43e198 u0 dev.sunray.xzkl/com.cocos.game.AppActivity t4}: app died, no saved state
06-27 14:05:35.377  1297  2757 D WindowManager: updateRotationUncheckedLocked! mLastOrientation=5 old-mRotation=3 old-mAltOrientation=false new-mRotation=0 new-mAltOrientation=false
06-27 14:05:35.394  1297  2005 D ConnectivityService: ConnectivityService NetworkRequestInfo binderDied(NetworkRequest [ LISTEN id=11, [ Capabilities: INTERNET&NOT_RESTRICTED&TRUSTED&FOREGROUND] ], android.os.BinderProxy@2d53c8c)
06-27 14:05:35.394  1297  1668 D ConnectivityService: ConnectivityService NetworkRequestInfo binderDied(NetworkRequest [ TRACK_DEFAULT id=12, [ Capabilities: INTERNET&NOT_RESTRICTED&TRUSTED&NOT_VPN] ], android.os.BinderProxy@d859fd5)
06-27 14:05:35.394  1297  2754 D ConnectivityService: ConnectivityService NetworkRequestInfo binderDied(NetworkRequest [ TRACK_DEFAULT id=10, [ Capabilities: INTERNET&NOT_RESTRICTED&TRUSTED&NOT_VPN] ], android.os.BinderProxy@c5623ea)
06-27 14:05:35.404  1297  1356 E ConnectivityService: RemoteException caught trying to send a callback msg for NetworkRequest [ LISTEN id=11, [ Capabilities: INTERNET&NOT_RESTRICTED&TRUSTED&FOREGROUND] ]
06-27 14:05:35.404  1297  1356 D ConnectivityService: releasing NetworkRequest [ TRACK_DEFAULT id=12, [ Capabilities: INTERNET&NOT_RESTRICTED&TRUSTED&NOT_VPN] ]
06-27 14:05:35.405  1297  1356 E ConnectivityService: RemoteException caught trying to send a callback msg for NetworkRequest [ TRACK_DEFAULT id=12, [ Capabilities: INTERNET&NOT_RESTRICTED&TRUSTED&NOT_VPN] ]
06-27 14:05:35.405  1297  1356 D ConnectivityService: releasing NetworkRequest [ TRACK_DEFAULT id=10, [ Capabilities: INTERNET&NOT_RESTRICTED&TRUSTED&NOT_VPN] ]
06-27 14:05:35.406  1297  1356 E ConnectivityService: RemoteException caught trying to send a callback msg for NetworkRequest [ TRACK_DEFAULT id=10, [ Capabilities: INTERNET&NOT_RESTRICTED&TRUSTED&NOT_VPN] ]
06-27 14:05:35.424  1297  2757 I ActivityManager: Config changes=480 {1.0 ?mcc?mnc [zh_CN] ldltr sw360dp w720dp h336dp 320dpi nrml long land finger qwerty/v/v -nav/h s.9}
06-27 14:05:35.565  1297  2757 I ActivityManager:   Force stopping service ServiceRecord{a3f67de u0 dev.sunray.xzkl/com.google.android.datatransport.runtime.scheduling.jobscheduling.JobInfoSchedulerService}
06-27 14:05:35.594  1708  1708 W ContextImpl: Calling a method in the system process without a qualified user: android.app.ContextImpl.startService:1358 android.content.ContextWrapper.startService:613 android.content.ContextWrapper.startService:613 com.android.coreservice.CoreBroadcastReceiver.onReceive:53 android.app.ActivityThread.handleReceiver:3073 
06-27 14:05:35.663  1297  2757 W ActivityManager: Request to remove task ignored for non-existent task 4
06-27 14:05:35.664  1708  1708 W ContextImpl: Calling a method in the system process without a qualified user: android.app.ContextImpl.sendBroadcast:893 android.content.ContextWrapper.sendBroadcast:426 com.android.coreservice.TabManager.notifyClosing:345 com.android.coreservice.TabManager.updateInner:182 com.android.coreservice.TabManager.onUpdate:217 
06-27 14:05:35.668  1708  1708 W ContextImpl: Calling a method in the system process without a qualified user: android.app.ContextImpl.startService:1358 android.content.ContextWrapper.startService:613 android.content.ContextWrapper.startService:613 com.android.coreservice.CoreBroadcastReceiver.onReceive:44 android.app.ActivityThread.handleReceiver:3073 
06-27 14:05:35.670  1708  1708 W ContextImpl: Calling a method in the system process without a qualified user: android.app.ContextImpl.startService:1358 android.content.ContextWrapper.startService:613 android.content.ContextWrapper.startService:613 com.android.coreservice.CoreBroadcastReceiver.onReceive:53 android.app.ActivityThread.handleReceiver:3073 
06-27 14:05:35.869  1708  1708 W ContextImpl: Calling a method in the system process without a qualified user: android.app.ContextImpl.startService:1358 android.content.ContextWrapper.startService:613 android.content.ContextWrapper.startService:613 com.android.coreservice.CoreBroadcastReceiver.onReceive:69 android.app.ActivityThread.handleReceiver:3073 
06-27 14:05:35.908  1297  1318 I WindowManager: Screen frozen for +531ms due to Window{19a1c11 u0 com.android.launcher3/com.android.launcher3.Launcher}
06-27 14:09:13.084  1297  1326 W PackageParser: Unknown element under <manifest>: queries at /data/app/vmdl1033535721.tmp/base.apk Binary XML file line #23
06-27 14:09:13.085  1297  1326 W PackageParser: Unknown element under <application>: property at /data/app/vmdl1033535721.tmp/base.apk Binary XML file line #224
06-27 14:09:13.085  1297  1326 W PackageParser: Unknown element under <application>: property at /data/app/vmdl1033535721.tmp/base.apk Binary XML file line #276
06-27 14:09:13.143  1297  1326 I PackageManager: do copyNativeBinariesForSupportedAbi copyRet=1
06-27 14:09:13.143  1297  1326 W PackageManager: Package dev.sunray.xzklmaster desires unavailable shared library android.ext.adservices; ignoring!
06-27 14:09:13.169  1297  1311 I ActivityManager: Force stopping dev.sunray.xzklmaster appid=10036 user=-1: installPackageLI
06-27 14:09:13.290  1297  1326 I PackageManager: Package dev.sunray.xzklmaster codePath changed from /data/app/dev.sunray.xzklmaster-1 to /data/app/dev.sunray.xzklmaster-2; Retaining data and using new
06-27 14:09:13.290  1297  1326 W PackageManager: Package dev.sunray.xzklmaster desires unavailable shared library android.ext.adservices; ignoring!
06-27 14:09:13.308  1297  1326 W PackageManager: Code path for dev.sunray.xzklmaster changing from /data/app/dev.sunray.xzklmaster-1 to /data/app/dev.sunray.xzklmaster-2
06-27 14:09:13.308  1297  1326 W PackageManager: Resource path for dev.sunray.xzklmaster changing from /data/app/dev.sunray.xzklmaster-1 to /data/app/dev.sunray.xzklmaster-2
06-27 14:09:13.318  1297  1326 W PackageManager: Unknown permission BIND_GET_INSTALL_REFERRER_SERVICE in package dev.sunray.xzklmaster
06-27 14:09:13.318  1297  1326 W PackageManager: Unknown permission com.android.vending.CHECK_LICENSE in package dev.sunray.xzklmaster
06-27 14:09:13.318  1297  1326 W PackageManager: Unknown permission com.google.android.gms.permission.AD_ID in package dev.sunray.xzklmaster
06-27 14:09:13.318  1297  1326 W PackageManager: Unknown permission com.google.android.finsky.permission.BIND_GET_INSTALL_REFERRER_SERVICE in package dev.sunray.xzklmaster
06-27 14:09:13.318  1297  1326 W PackageManager: Unknown permission com.android.vending.BILLING in package dev.sunray.xzklmaster
06-27 14:09:13.318  1297  1326 W PackageManager: Unknown permission android.permission.ACCESS_ADSERVICES_ATTRIBUTION in package dev.sunray.xzklmaster
06-27 14:09:13.318  1297  1326 W PackageManager: Unknown permission android.permission.ACCESS_ADSERVICES_AD_ID in package dev.sunray.xzklmaster
06-27 14:09:13.318  1297  1326 W PackageManager: Unknown permission android.permission.ACCESS_ADSERVICES_TOPICS in package dev.sunray.xzklmaster
06-27 14:09:13.318  1297  1326 W PackageManager: Unknown permission android.permission.FOREGROUND_SERVICE in package dev.sunray.xzklmaster
06-27 14:09:13.413  1297  1326 I ActivityManager: Force stopping dev.sunray.xzklmaster appid=10036 user=0: pkg removed
06-27 14:09:13.506  1708  1708 W ContextImpl: Calling a method in the system process without a qualified user: android.app.ContextImpl.startService:1358 android.content.ContextWrapper.startService:613 android.content.ContextWrapper.startService:613 com.android.coreservice.CoreBroadcastReceiver.onReceive:85 android.app.ActivityThread.handleReceiver:3073 
06-27 14:09:13.584  1742  1742 W ContextImpl: Calling a method in the system process without a qualified user: android.app.ContextImpl.startService:1358 android.content.ContextWrapper.startService:613 android.content.ContextWrapper.startService:613 com.android.keychain.KeyChainBroadcastReceiver.onReceive:12 android.app.ActivityThread.handleReceiver:3073 
06-27 14:09:13.592  1297  1310 W VoiceInteractionManagerService: no available voice recognition services found for user 0
06-27 14:09:13.602  1708  1708 W ContextImpl: Calling a method in the system process without a qualified user: android.app.ContextImpl.startService:1358 android.content.ContextWrapper.startService:613 android.content.ContextWrapper.startService:613 com.android.coreservice.CoreBroadcastReceiver.onReceive:77 android.app.ActivityThread.handleReceiver:3073 
06-27 14:09:13.832  1297  1309 W BackupManagerService: dataChanged but no participant pkg='com.android.launcher3' uid=10029
06-27 14:09:18.069  1297  2760 I ActivityManager: START u0 {act=android.intent.action.MAIN cat=[android.intent.category.LAUNCHER] flg=0x10200000 cmp=dev.sunray.xzklmaster/com.cocos.game.AppActivity bnds=[1144,105][1356,242] (has extras)} from uid 10029 on display 0
06-27 14:09:18.078  1708  1708 W ContextImpl: Calling a method in the system process without a qualified user: android.app.ContextImpl.startService:1358 android.content.ContextWrapper.startService:613 android.content.ContextWrapper.startService:613 com.android.coreservice.CoreBroadcastReceiver.onReceive:44 android.app.ActivityThread.handleReceiver:3073 
06-27 14:09:18.093  1297  2758 I ActivityManager: Start proc 3540:dev.sunray.xzklmaster/u0a36 for activity dev.sunray.xzklmaster/com.cocos.game.AppActivity
06-27 14:09:18.189  1297  2759 D WindowManager: updateRotationUncheckedLocked! mLastOrientation=1 old-mRotation=0 old-mAltOrientation=false new-mRotation=3 new-mAltOrientation=false
06-27 14:09:18.207  1297  2759 I ActivityManager: Config changes=480 {1.0 ?mcc?mnc [zh_CN] ldltr sw360dp w360dp h696dp 320dpi nrml long port finger qwerty/v/v -nav/h s.10}
06-27 14:09:18.242  1708  1708 W ContextImpl: Calling a method in the system process without a qualified user: android.app.ContextImpl.startService:1358 android.content.ContextWrapper.startService:613 android.content.ContextWrapper.startService:613 com.android.coreservice.CoreBroadcastReceiver.onReceive:53 android.app.ActivityThread.handleReceiver:3073 
06-27 14:09:19.190  1297  1318 W WindowManager: Window freeze timeout expired.
06-27 14:09:19.190  1297  1318 W WindowManager: Force clearing orientation change: Window{3dc43b4 u0 Starting dev.sunray.xzklmaster}
06-27 14:09:19.648  1297  1586 I ActivityManager: START u0 {act=android.content.pm.action.REQUEST_PERMISSIONS pkg=com.android.packageinstaller cmp=com.android.packageinstaller/.permission.ui.GrantPermissionsActivity (has extras)} from uid 10036 on display 0
06-27 14:09:19.658  1708  1708 W ContextImpl: Calling a method in the system process without a qualified user: android.app.ContextImpl.startService:1358 android.content.ContextWrapper.startService:613 android.content.ContextWrapper.startService:613 com.android.coreservice.CoreBroadcastReceiver.onReceive:44 android.app.ActivityThread.handleReceiver:3073 
06-27 14:09:19.661  1297  2754 D ConnectivityService: requestNetwork for uid/pid:10036/3540 NetworkRequest [ TRACK_DEFAULT id=13, [ Capabilities: INTERNET&NOT_RESTRICTED&TRUSTED&NOT_VPN] ]
06-27 14:09:19.755  1297  2755 W ActivityManager: Unable to start service Intent { act=com.google.android.gms.ads.identifier.service.START pkg=com.google.android.gms } U=0: not found
06-27 14:09:19.781  1708  1708 W ContextImpl: Calling a method in the system process without a qualified user: android.app.ContextImpl.startService:1358 android.content.ContextWrapper.startService:613 android.content.ContextWrapper.startService:613 com.android.coreservice.CoreBroadcastReceiver.onReceive:53 android.app.ActivityThread.handleReceiver:3073 
06-27 14:09:20.181  1297  1311 W ActivityManager: Activity pause timeout for ActivityRecord{596d1c u0 dev.sunray.xzklmaster/com.cocos.game.AppActivity t5}
06-27 14:09:20.240  1297  1318 W WindowManager: App freeze timeout expired.
06-27 14:09:20.285  1297  1318 I WindowManager: Screen frozen for +2s68ms due to Window{3dc43b4 u0 Starting dev.sunray.xzklmaster}
06-27 14:09:20.382  1708  1708 W ContextImpl: Calling a method in the system process without a qualified user: android.app.ContextImpl.startService:1358 android.content.ContextWrapper.startService:613 android.content.ContextWrapper.startService:613 com.android.coreservice.CoreBroadcastReceiver.onReceive:53 android.app.ActivityThread.handleReceiver:3073 
06-27 14:09:20.387  1708  1708 W ContextImpl: Calling a method in the system process without a qualified user: android.app.ContextImpl.startService:1358 android.content.ContextWrapper.startService:613 android.content.ContextWrapper.startService:613 com.android.coreservice.CoreBroadcastReceiver.onReceive:44 android.app.ActivityThread.handleReceiver:3073 
06-27 14:09:20.691  1297  1544 W ActivityManager: Unable to start service Intent { act=com.google.android.gms.ads.identifier.service.START pkg=com.google.android.gms } U=0: not found
06-27 14:09:20.692  1297  2756 W ActivityManager: Unbind failed: could not find connection for android.os.BinderProxy@cd6c474
06-27 14:09:20.896  1297  1587 D ConnectivityService: requestNetwork for uid/pid:10036/3540 NetworkRequest [ TRACK_DEFAULT id=15, [ Capabilities: INTERNET&NOT_RESTRICTED&TRUSTED&NOT_VPN] ]
06-27 14:09:21.209  3540  3576 E ActivityThread: Failed to find provider info for com.google.android.gms.phenotype
06-27 14:09:24.543  1708  1708 W ContextImpl: Calling a method in the system process without a qualified user: android.app.ContextImpl.startService:1358 android.content.ContextWrapper.startService:613 android.content.ContextWrapper.startService:613 com.android.coreservice.CoreBroadcastReceiver.onReceive:53 android.app.ActivityThread.handleReceiver:3073 
06-27 14:09:24.723  1708  1708 W ContextImpl: Calling a method in the system process without a qualified user: android.app.ContextImpl.startService:1358 android.content.ContextWrapper.startService:613 android.content.ContextWrapper.startService:613 com.android.coreservice.CoreBroadcastReceiver.onReceive:69 android.app.ActivityThread.handleReceiver:3073 
06-27 14:09:24.731  1708  1708 W ContextImpl: Calling a method in the system process without a qualified user: android.app.ContextImpl.startService:1358 android.content.ContextWrapper.startService:613 android.content.ContextWrapper.startService:613 com.android.coreservice.CoreBroadcastReceiver.onReceive:69 android.app.ActivityThread.handleReceiver:3073 
06-27 14:16:04.156  1297  1314 E BatteryStatsService: no controller energy info supplied
06-27 14:16:04.156  1297  1314 E BatteryStatsService: no controller energy info supplied
