06-27 19:07:37.380  1297  1297 W BackupManagerService: Backup pass but e=false p=true
06-27 19:11:52.445  1297  1297 I JobServiceContext: Client timed out while executing (no jobFinished received). sending onStop. 7969eb2 #u0a34/-1658182804 dev.sunray.xzkl/com.google.android.datatransport.runtime.scheduling.jobscheduling.JobInfoSchedulerService
06-27 19:16:04.146  1297  1314 E BatteryStatsService: no controller energy info supplied
06-27 19:16:04.146  1297  1314 E BatteryStatsService: no controller energy info supplied
06-27 19:16:04.146  1297  1314 E KernelCpuSpeedReader: Failed to read cpu-freq: /sys/devices/system/cpu/cpu0/cpufreq/stats/time_in_state (No such file or directory)
06-27 19:16:04.146  1297  1314 E KernelUidCpuTimeReader: Failed to read uid_cputime: /proc/uid_cputime/show_uid_stat (No such file or directory)
06-27 19:16:04.146  1297  1314 E BatteryStatsService: modem info is invalid: ModemActivityInfo{ mTimestamp=0 mSleepTimeMs=0 mIdleTimeMs=0 mTxTimeMs[]=[0, 0, 0, 0, 0] mRxTimeMs=0 mEnergyUsed=0}
06-27 19:16:20.641  1297  1297 I EntropyMixer: Writing entropy...
--------- beginning of main
06-27 19:17:25.057  6751  6936 I chatty  : uid=10034(dev.sunray.xzkl) Thread-7 expire 165 lines
06-27 19:17:25.255  1115  4402 E MP3Extractor: Unable to resync. Signalling end of stream.
06-27 19:17:25.513  1116  7041 I NuPlayerDecoder: [audio] saw output EOS
06-27 19:17:26.066  1116  7038 D NuPlayerDriver: notifyListener_l(0xc7d26f00), (2, 0, 0), loop setting(0, 1)
06-27 19:17:26.068  1116  7038 D NuPlayerDriver: notifyListener_l(0xc7d26f00), (6, 0, 0), loop setting(0, 1)
06-27 19:17:28.877  6751  6801 I chatty  : uid=10034(dev.sunray.xzkl) Thread-7 expire 11 lines
06-27 19:17:44.965  6751  6751 I chatty  : uid=10034(dev.sunray.xzkl) expire 82 lines
06-27 19:17:45.073  6751  6936 I chatty  : uid=10034(dev.sunray.xzkl) Thread-7 expire 167 lines
06-27 19:18:04.653  6751  6795 I chatty  : uid=10034(dev.sunray.xzkl) pool-11-thread- expire 2 lines
06-27 19:18:05.407  6751  6936 I chatty  : uid=10034(dev.sunray.xzkl) Thread-7 expire 99 lines
06-27 19:18:05.492  6751  6751 I chatty  : uid=10034(dev.sunray.xzkl) expire 48 lines
06-27 19:18:17.448  1297  1352 D WifiStateMachine: setScanResults mScanResults.size=1
06-27 19:18:17.461  6751  6936 I chatty  : uid=10034(dev.sunray.xzkl) Thread-7 expire 72 lines
06-27 19:18:17.514  6751  6751 I chatty  : uid=10034(dev.sunray.xzkl) expire 118 lines
06-27 19:18:26.558  6751  6936 I chatty  : uid=10034(dev.sunray.xzkl) Thread-7 expire 166 lines
06-27 19:18:26.882  6751  6801 I chatty  : uid=10034(dev.sunray.xzkl) Thread-7 expire 11 lines
06-27 19:18:47.061  6751  6751 I chatty  : uid=10034(dev.sunray.xzkl) expire 84 lines
06-27 19:18:47.073  6751  6936 I chatty  : uid=10034(dev.sunray.xzkl) Thread-7 expire 336 lines
06-27 19:19:05.001  1297  1311 I ProcessStatsService: Prepared write state in 1ms
06-27 19:19:05.002  1297  1310 I ProcessStatsService: Pruning old procstats: /data/system/procstats/state-2024-06-25-16-29-00.bin
06-27 19:19:08.091  6751  6751 I chatty  : uid=10034(dev.sunray.xzkl) expire 82 lines
06-27 19:19:24.910  6751  6801 I chatty  : uid=10034(dev.sunray.xzkl) Thread-7 expire 7 lines
06-27 19:19:28.621  6751  6751 I chatty  : uid=10034(dev.sunray.xzkl) expire 83 lines
06-27 19:19:28.657  6751  6936 I chatty  : uid=10034(dev.sunray.xzkl) Thread-7 expire 335 lines
06-27 19:19:30.676  1115  1284 E MP3Extractor: Unable to resync. Signalling end of stream.
06-27 19:19:30.933  1115  4402 E MP3Extractor: Unable to resync. Signalling end of stream.
06-27 19:19:30.934  1115  1115 E MP3Extractor: Unable to resync. Signalling end of stream.
06-27 19:19:31.190  1116  7041 I NuPlayerDecoder: [audio] saw output EOS
06-27 19:19:31.667  1116  7038 D NuPlayerDriver: notifyListener_l(0xc7d26f00), (2, 0, 0), loop setting(0, 1)
06-27 19:19:31.670  1116  7038 D NuPlayerDriver: notifyListener_l(0xc7d26f00), (6, 0, 0), loop setting(0, 1)
06-27 19:19:49.151  6751  6751 I chatty  : uid=10034(dev.sunray.xzkl) expire 83 lines
06-27 19:19:54.374  6751  6801 I chatty  : uid=10034(dev.sunray.xzkl) Thread-7 expire 4 lines
06-27 19:20:05.106  6751  6795 I chatty  : uid=10034(dev.sunray.xzkl) pool-11-thread- expire 2 lines
06-27 19:20:10.119  6751  6936 I chatty  : uid=10034(dev.sunray.xzkl) Thread-7 expire 169 lines
06-27 19:20:10.194  6751  6751 I chatty  : uid=10034(dev.sunray.xzkl) expire 82 lines
06-27 19:20:23.376  6751  6801 I chatty  : uid=10034(dev.sunray.xzkl) Thread-7 expire 7 lines
06-27 19:20:30.723  6751  6751 I chatty  : uid=10034(dev.sunray.xzkl) expire 82 lines
06-27 19:20:30.756  6751  6936 I chatty  : uid=10034(dev.sunray.xzkl) Thread-7 expire 219 lines
06-27 19:20:51.250  6751  6751 I chatty  : uid=10034(dev.sunray.xzkl) expire 82 lines
06-27 19:20:52.378  6751  6801 I chatty  : uid=10034(dev.sunray.xzkl) Thread-7 expire 4 lines
06-27 19:20:57.448  1297  1352 D WifiStateMachine: setScanResults mScanResults.size=1
06-27 19:20:57.540  6751  6936 I chatty  : uid=10034(dev.sunray.xzkl) Thread-7 expire 288 lines
06-27 19:21:11.774  6751  6751 I chatty  : uid=10034(dev.sunray.xzkl) expire 83 lines
06-27 19:21:21.380  6751  6801 I chatty  : uid=10034(dev.sunray.xzkl) Thread-7 expire 11 lines
06-27 19:21:32.321  6751  6751 I chatty  : uid=10034(dev.sunray.xzkl) expire 81 lines
06-27 19:21:32.407  6751  6936 I chatty  : uid=10034(dev.sunray.xzkl) Thread-7 expire 334 lines
06-27 19:21:36.314  1115  4402 E MP3Extractor: Unable to resync. Signalling end of stream.
06-27 19:21:36.571  1115  1115 E MP3Extractor: Unable to resync. Signalling end of stream.
06-27 19:21:36.572  1115  1284 E MP3Extractor: Unable to resync. Signalling end of stream.
06-27 19:21:36.829  1116  7041 I NuPlayerDecoder: [audio] saw output EOS
06-27 19:21:37.300  1116  7038 D NuPlayerDriver: notifyListener_l(0xc7d26f00), (2, 0, 0), loop setting(0, 1)
06-27 19:21:37.303  1116  7038 D NuPlayerDriver: notifyListener_l(0xc7d26f00), (6, 0, 0), loop setting(0, 1)
06-27 19:21:52.847  6751  6751 I chatty  : uid=10034(dev.sunray.xzkl) expire 86 lines
06-27 19:22:05.480  6751  6795 I chatty  : uid=10034(dev.sunray.xzkl) pool-11-thread- expire 2 lines
06-27 19:22:14.040  6751  6936 I chatty  : uid=10034(dev.sunray.xzkl) Thread-7 expire 164 lines
06-27 19:22:14.381  6751  6751 I chatty  : uid=10034(dev.sunray.xzkl) expire 84 lines
06-27 19:22:19.396  6751  6801 I chatty  : uid=10034(dev.sunray.xzkl) Thread-7 expire 11 lines
06-27 19:22:22.452  1297  1297 I JobServiceContext: Client timed out while executing (no jobFinished received). sending onStop. 96f520a #u0a34/-1658182804 dev.sunray.xzkl/com.google.android.datatransport.runtime.scheduling.jobscheduling.JobInfoSchedulerService
06-27 19:22:34.974  6751  6936 I chatty  : uid=10034(dev.sunray.xzkl) Thread-7 expire 171 lines
06-27 19:22:35.423  6751  6751 I chatty  : uid=10034(dev.sunray.xzkl) expire 164 lines
06-27 19:22:55.374  6751  6936 I chatty  : uid=10034(dev.sunray.xzkl) Thread-7 expire 337 lines
06-27 19:23:16.473  6751  6751 I chatty  : uid=10034(dev.sunray.xzkl) expire 82 lines
06-27 19:23:17.415  6751  6801 I chatty  : uid=10034(dev.sunray.xzkl) Thread-7 expire 11 lines
06-27 19:23:36.574  6751  6936 I chatty  : uid=10034(dev.sunray.xzkl) Thread-7 expire 169 lines
06-27 19:23:37.000  6751  6751 I chatty  : uid=10034(dev.sunray.xzkl) expire 166 lines
06-27 19:23:37.449  1297  1352 D WifiStateMachine: setScanResults mScanResults.size=1
06-27 19:23:41.893  1115  1115 E MP3Extractor: Unable to resync. Signalling end of stream.
06-27 19:23:42.150  1115  1284 E MP3Extractor: Unable to resync. Signalling end of stream.
06-27 19:23:42.408  1116  7041 I NuPlayerDecoder: [audio] saw output EOS
06-27 19:23:42.925  1116  7038 D NuPlayerDriver: notifyListener_l(0xc7d26f00), (2, 0, 0), loop setting(0, 1)
06-27 19:23:42.928  1116  7038 D NuPlayerDriver: notifyListener_l(0xc7d26f00), (6, 0, 0), loop setting(0, 1)
06-27 19:23:57.256  6751  6936 I chatty  : uid=10034(dev.sunray.xzkl) Thread-7 expire 165 lines
06-27 19:24:05.803  6751  6795 I chatty  : uid=10034(dev.sunray.xzkl) pool-11-thread- expire 2 lines
06-27 19:24:15.433  6751  6801 I chatty  : uid=10034(dev.sunray.xzkl) Thread-7 expire 7 lines
06-27 19:24:18.089  6751  6936 I chatty  : uid=10034(dev.sunray.xzkl) Thread-7 expire 169 lines
06-27 19:24:18.585  6751  6751 I chatty  : uid=10034(dev.sunray.xzkl) expire 166 lines
06-27 19:24:39.196  6751  6936 I chatty  : uid=10034(dev.sunray.xzkl) Thread-7 expire 168 lines
06-27 19:24:44.439  6751  6801 I chatty  : uid=10034(dev.sunray.xzkl) Thread-7 expire 8 lines
06-27 19:24:59.639  6751  6936 I chatty  : uid=10034(dev.sunray.xzkl) Thread-7 expire 171 lines
06-27 19:25:00.129  6751  6751 I chatty  : uid=10034(dev.sunray.xzkl) expire 164 lines
06-27 19:25:20.224  6751  6936 I chatty  : uid=10034(dev.sunray.xzkl) Thread-7 expire 168 lines
06-27 19:25:33.864  6751  6801 I chatty  : uid=10034(dev.sunray.xzkl) Thread-7 expire 7 lines
06-27 19:25:40.858  6751  6936 I chatty  : uid=10034(dev.sunray.xzkl) Thread-7 expire 171 lines
06-27 19:25:41.188  6751  6751 I chatty  : uid=10034(dev.sunray.xzkl) expire 146 lines
06-27 19:25:47.530  1115  1115 E MP3Extractor: Unable to resync. Signalling end of stream.
06-27 19:25:47.788  1115  1284 E MP3Extractor: Unable to resync. Signalling end of stream.
06-27 19:25:48.044  1116  7041 I NuPlayerDecoder: [audio] saw output EOS
06-27 19:25:48.558  1116  7038 D NuPlayerDriver: notifyListener_l(0xc7d26f00), (2, 0, 0), loop setting(0, 1)
06-27 19:25:48.561  1116  7038 D NuPlayerDriver: notifyListener_l(0xc7d26f00), (6, 0, 0), loop setting(0, 1)
06-27 19:26:01.257  6751  6936 I chatty  : uid=10034(dev.sunray.xzkl) Thread-7 expire 135 lines
06-27 19:26:11.460  6751  6801 I chatty  : uid=10034(dev.sunray.xzkl) Thread-7 expire 4 lines
06-27 19:26:17.449  1297  1352 D WifiStateMachine: setScanResults mScanResults.size=1
06-27 19:26:17.540  6751  6936 I chatty  : uid=10034(dev.sunray.xzkl) Thread-7 expire 34 lines
06-27 19:26:17.749  6751  6751 I chatty  : uid=10034(dev.sunray.xzkl) expire 98 lines
06-27 19:26:21.590  6751  6936 I chatty  : uid=10034(dev.sunray.xzkl) Thread-7 expire 164 lines
06-27 19:26:33.877  6751  6801 I chatty  : uid=10034(dev.sunray.xzkl) Thread-7 expire 7 lines
06-27 19:26:36.006  6751  6795 I chatty  : uid=10034(dev.sunray.xzkl) pool-11-thread- expire 2 lines
06-27 19:26:41.857  6751  6936 I chatty  : uid=10034(dev.sunray.xzkl) Thread-7 expire 171 lines
06-27 19:26:42.285  6751  6751 I chatty  : uid=10034(dev.sunray.xzkl) expire 170 lines
06-27 19:27:03.427  6751  6936 I chatty  : uid=10034(dev.sunray.xzkl) Thread-7 expire 165 lines
06-27 19:27:09.493  6751  6801 I chatty  : uid=10034(dev.sunray.xzkl) Thread-7 expire 11 lines
06-27 19:27:24.857  6751  6936 I chatty  : uid=10034(dev.sunray.xzkl) Thread-7 expire 164 lines
06-27 19:27:24.879  6751  6751 I chatty  : uid=10034(dev.sunray.xzkl) expire 114 lines
06-27 19:27:45.590  6751  6936 I chatty  : uid=10034(dev.sunray.xzkl) Thread-7 expire 171 lines
06-27 19:27:53.192  1115  1115 E MP3Extractor: Unable to resync. Signalling end of stream.
06-27 19:27:53.431  6751  6751 I chatty  : uid=10034(dev.sunray.xzkl) expire 138 lines
06-27 19:27:53.450  1115  1284 E MP3Extractor: Unable to resync. Signalling end of stream.
06-27 19:27:53.707  1116  7041 I NuPlayerDecoder: [audio] saw output EOS
06-27 19:27:54.163  1116  7038 D NuPlayerDriver: notifyListener_l(0xc7d26f00), (2, 0, 0), loop setting(0, 1)
06-27 19:27:54.167  1116  7038 D NuPlayerDriver: notifyListener_l(0xc7d26f00), (6, 0, 0), loop setting(0, 1)
06-27 19:28:06.940  6751  6936 I chatty  : uid=10034(dev.sunray.xzkl) Thread-7 expire 167 lines
06-27 19:28:07.511  6751  6801 I chatty  : uid=10034(dev.sunray.xzkl) Thread-7 expire 11 lines
06-27 19:28:27.992  6751  6751 I chatty  : uid=10034(dev.sunray.xzkl) expire 84 lines
06-27 19:28:28.106  6751  6936 I chatty  : uid=10034(dev.sunray.xzkl) Thread-7 expire 232 lines
06-27 19:28:49.028  6751  6751 I chatty  : uid=10034(dev.sunray.xzkl) expire 84 lines
06-27 19:28:57.449  1297  1352 D WifiStateMachine: setScanResults mScanResults.size=1
06-27 19:28:57.457  6751  6936 I chatty  : uid=10034(dev.sunray.xzkl) Thread-7 expire 97 lines
06-27 19:29:05.526  6751  6801 I chatty  : uid=10034(dev.sunray.xzkl) Thread-7 expire 4 lines
06-27 19:29:08.653  6751  6795 I chatty  : uid=10034(dev.sunray.xzkl) pool-11-thread- expire 2 lines
06-27 19:29:10.022  6751  6936 I chatty  : uid=10034(dev.sunray.xzkl) Thread-7 expire 171 lines
06-27 19:29:10.063  6751  6751 I chatty  : uid=10034(dev.sunray.xzkl) expire 168 lines
06-27 19:29:30.690  6751  6936 I chatty  : uid=10034(dev.sunray.xzkl) Thread-7 expire 164 lines
06-27 19:29:33.921  6751  6801 I chatty  : uid=10034(dev.sunray.xzkl) Thread-7 expire 7 lines
06-27 19:29:52.130  6751  6751 D GooglePayHelper: GooglePayHelper.initSDK: BillingClient.startConnection failed in onBillingSetupFinished, reconnecting
06-27 19:29:52.130  6751  6751 E GooglePayHelper: GooglePayHelper.initSDK: BillingClient.startConnection failed in onBillingSetupFinished, responseCode[3]
06-27 19:29:52.630  6751  6751 D GooglePayHelper: GooglePayHelper.initSDK: BillingClient.startConnection failed in onBillingSetupFinished, reconnecting
06-27 19:29:52.631  6751  6751 E GooglePayHelper: GooglePayHelper.initSDK: BillingClient.startConnection failed in onBillingSetupFinished, responseCode[3]
06-27 19:29:53.131  6751  6751 D GooglePayHelper: GooglePayHelper.initSDK: BillingClient.startConnection failed in onBillingSetupFinished, reconnecting
06-27 19:29:53.132  6751  6751 E GooglePayHelper: GooglePayHelper.initSDK: BillingClient.startConnection failed in onBillingSetupFinished, responseCode[3]
06-27 19:29:53.633  6751  6751 D GooglePayHelper: GooglePayHelper.initSDK: BillingClient.startConnection failed in onBillingSetupFinished, reconnecting
06-27 19:29:53.634  6751  6751 E GooglePayHelper: GooglePayHelper.initSDK: BillingClient.startConnection failed in onBillingSetupFinished, responseCode[3]
06-27 19:29:54.134  6751  6751 D GooglePayHelper: GooglePayHelper.initSDK: BillingClient.startConnection failed in onBillingSetupFinished, reconnecting
06-27 19:29:54.134  6751  6751 E GooglePayHelper: GooglePayHelper.initSDK: BillingClient.startConnection failed in onBillingSetupFinished, responseCode[3]
06-27 19:29:54.634  6751  6751 D GooglePayHelper: GooglePayHelper.initSDK: BillingClient.startConnection failed in onBillingSetupFinished, reconnecting
06-27 19:29:54.635  6751  6751 E GooglePayHelper: GooglePayHelper.initSDK: BillingClient.startConnection failed in onBillingSetupFinished, responseCode[3]
06-27 19:29:55.135  6751  6751 D GooglePayHelper: GooglePayHelper.initSDK: BillingClient.startConnection failed in onBillingSetupFinished, reconnecting
06-27 19:29:55.135  6751  6751 E GooglePayHelper: GooglePayHelper.initSDK: BillingClient.startConnection failed in onBillingSetupFinished, responseCode[3]
06-27 19:29:55.636  6751  6751 D GooglePayHelper: GooglePayHelper.initSDK: BillingClient.startConnection failed in onBillingSetupFinished, reconnecting
06-27 19:29:55.636  6751  6751 E GooglePayHelper: GooglePayHelper.initSDK: BillingClient.startConnection failed in onBillingSetupFinished, responseCode[3]
06-27 19:29:56.136  6751  6751 D GooglePayHelper: GooglePayHelper.initSDK: BillingClient.startConnection failed in onBillingSetupFinished, reconnecting
06-27 19:29:56.136  6751  6751 E GooglePayHelper: GooglePayHelper.initSDK: BillingClient.startConnection failed in onBillingSetupFinished, responseCode[3]
06-27 19:29:56.636  6751  6751 D GooglePayHelper: GooglePayHelper.initSDK: BillingClient.startConnection failed in onBillingSetupFinished, reconnecting
06-27 19:29:56.636  6751  6751 E GooglePayHelper: GooglePayHelper.initSDK: BillingClient.startConnection failed in onBillingSetupFinished, responseCode[3]
06-27 19:29:57.136  6751  6751 D GooglePayHelper: GooglePayHelper.initSDK: BillingClient.startConnection failed in onBillingSetupFinished, reconnecting
06-27 19:29:57.137  6751  6751 E GooglePayHelper: GooglePayHelper.initSDK: BillingClient.startConnection failed in onBillingSetupFinished, responseCode[3]
06-27 19:29:57.636  6751  6751 D GooglePayHelper: GooglePayHelper.initSDK: BillingClient.startConnection failed in onBillingSetupFinished, reconnecting
06-27 19:29:57.636  6751  6751 E GooglePayHelper: GooglePayHelper.initSDK: BillingClient.startConnection failed in onBillingSetupFinished, responseCode[3]
06-27 19:29:58.137  6751  6751 D GooglePayHelper: GooglePayHelper.initSDK: BillingClient.startConnection failed in onBillingSetupFinished, reconnecting
06-27 19:29:58.137  6751  6751 E GooglePayHelper: GooglePayHelper.initSDK: BillingClient.startConnection failed in onBillingSetupFinished, responseCode[3]
06-27 19:29:58.637  6751  6751 D GooglePayHelper: GooglePayHelper.initSDK: BillingClient.startConnection failed in onBillingSetupFinished, reconnecting
06-27 19:29:58.637  6751  6751 E GooglePayHelper: GooglePayHelper.initSDK: BillingClient.startConnection failed in onBillingSetupFinished, responseCode[3]
06-27 19:29:58.749  1115  1115 E MP3Extractor: Unable to resync. Signalling end of stream.
06-27 19:29:59.006  1115  1284 E MP3Extractor: Unable to resync. Signalling end of stream.
06-27 19:29:59.138  6751  6751 D GooglePayHelper: GooglePayHelper.initSDK: BillingClient.startConnection failed in onBillingSetupFinished, reconnecting
06-27 19:29:59.139  6751  6751 E GooglePayHelper: GooglePayHelper.initSDK: BillingClient.startConnection failed in onBillingSetupFinished, responseCode[3]
06-27 19:29:59.262  1116  7041 I NuPlayerDecoder: [audio] saw output EOS
06-27 19:29:59.639  6751  6751 D GooglePayHelper: GooglePayHelper.initSDK: BillingClient.startConnection failed in onBillingSetupFinished, reconnecting
06-27 19:29:59.639  6751  6751 E GooglePayHelper: GooglePayHelper.initSDK: BillingClient.startConnection failed in onBillingSetupFinished, responseCode[3]
06-27 19:29:59.767  1116  7038 D NuPlayerDriver: notifyListener_l(0xc7d26f00), (2, 0, 0), loop setting(0, 1)
06-27 19:29:59.769  1116  7038 D NuPlayerDriver: notifyListener_l(0xc7d26f00), (6, 0, 0), loop setting(0, 1)
06-27 19:30:00.140  6751  6751 D GooglePayHelper: GooglePayHelper.initSDK: BillingClient.startConnection failed in onBillingSetupFinished, reconnecting
06-27 19:30:00.140  6751  6751 E GooglePayHelper: GooglePayHelper.initSDK: BillingClient.startConnection failed in onBillingSetupFinished, responseCode[3]
06-27 19:30:00.640  6751  6751 D GooglePayHelper: GooglePayHelper.initSDK: BillingClient.startConnection failed in onBillingSetupFinished, reconnecting
06-27 19:30:00.640  6751  6751 E GooglePayHelper: GooglePayHelper.initSDK: BillingClient.startConnection failed in onBillingSetupFinished, responseCode[3]
06-27 19:30:01.140  6751  6751 D GooglePayHelper: GooglePayHelper.initSDK: BillingClient.startConnection failed in onBillingSetupFinished, reconnecting
06-27 19:30:01.140  6751  6751 E GooglePayHelper: GooglePayHelper.initSDK: BillingClient.startConnection failed in onBillingSetupFinished, responseCode[3]
06-27 19:30:01.641  6751  6751 D GooglePayHelper: GooglePayHelper.initSDK: BillingClient.startConnection failed in onBillingSetupFinished, reconnecting
06-27 19:30:01.641  6751  6751 E GooglePayHelper: GooglePayHelper.initSDK: BillingClient.startConnection failed in onBillingSetupFinished, responseCode[3]
06-27 19:30:02.141  6751  6751 D GooglePayHelper: GooglePayHelper.initSDK: BillingClient.startConnection failed in onBillingSetupFinished, reconnecting
06-27 19:30:02.141  6751  6751 E GooglePayHelper: GooglePayHelper.initSDK: BillingClient.startConnection failed in onBillingSetupFinished, responseCode[3]
06-27 19:30:02.641  6751  6751 D GooglePayHelper: GooglePayHelper.initSDK: BillingClient.startConnection failed in onBillingSetupFinished, reconnecting
06-27 19:30:02.641  6751  6751 E GooglePayHelper: GooglePayHelper.initSDK: BillingClient.startConnection failed in onBillingSetupFinished, responseCode[3]
06-27 19:30:03.141  6751  6751 D GooglePayHelper: GooglePayHelper.initSDK: BillingClient.startConnection failed in onBillingSetupFinished, reconnecting
06-27 19:30:03.141  6751  6751 E GooglePayHelper: GooglePayHelper.initSDK: BillingClient.startConnection failed in onBillingSetupFinished, responseCode[3]
06-27 19:30:03.548  6751  6801 D Cocos   : 19:30:03 [DEBUG]: JS: WebSocket send, MsgID:1
06-27 19:30:03.564  6751  6801 D Cocos   : 19:30:03 [DEBUG]: JS: WebSocket recv, type: string
06-27 19:30:03.564  6751  6801 D Cocos   : 19:30:03 [DEBUG]: JS: WebSocket recv, MsgID: 0
06-27 19:30:03.564  6751  6801 D Cocos   : 19:30:03 [DEBUG]: JS: WebSocket recv error, MsgID: 0
06-27 19:30:03.641  6751  6751 D GooglePayHelper: GooglePayHelper.initSDK: BillingClient.startConnection failed in onBillingSetupFinished, reconnecting
06-27 19:30:03.641  6751  6751 E GooglePayHelper: GooglePayHelper.initSDK: BillingClient.startConnection failed in onBillingSetupFinished, responseCode[3]
06-27 19:30:04.141  6751  6751 D GooglePayHelper: GooglePayHelper.initSDK: BillingClient.startConnection failed in onBillingSetupFinished, reconnecting
06-27 19:30:04.142  6751  6751 E GooglePayHelper: GooglePayHelper.initSDK: BillingClient.startConnection failed in onBillingSetupFinished, responseCode[3]
06-27 19:30:04.643  6751  6751 D GooglePayHelper: GooglePayHelper.initSDK: BillingClient.startConnection failed in onBillingSetupFinished, reconnecting
06-27 19:30:04.643  6751  6751 E GooglePayHelper: GooglePayHelper.initSDK: BillingClient.startConnection failed in onBillingSetupFinished, responseCode[3]
06-27 19:30:05.144  6751  6751 D GooglePayHelper: GooglePayHelper.initSDK: BillingClient.startConnection failed in onBillingSetupFinished, reconnecting
06-27 19:30:05.144  6751  6751 E GooglePayHelper: GooglePayHelper.initSDK: BillingClient.startConnection failed in onBillingSetupFinished, responseCode[3]
06-27 19:30:05.644  6751  6751 D GooglePayHelper: GooglePayHelper.initSDK: BillingClient.startConnection failed in onBillingSetupFinished, reconnecting
06-27 19:30:05.644  6751  6751 E GooglePayHelper: GooglePayHelper.initSDK: BillingClient.startConnection failed in onBillingSetupFinished, responseCode[3]
06-27 19:30:06.145  6751  6751 D GooglePayHelper: GooglePayHelper.initSDK: BillingClient.startConnection failed in onBillingSetupFinished, reconnecting
06-27 19:30:06.145  6751  6751 E GooglePayHelper: GooglePayHelper.initSDK: BillingClient.startConnection failed in onBillingSetupFinished, responseCode[3]
06-27 19:30:06.645  6751  6751 D GooglePayHelper: GooglePayHelper.initSDK: BillingClient.startConnection failed in onBillingSetupFinished, reconnecting
06-27 19:30:06.645  6751  6751 E GooglePayHelper: GooglePayHelper.initSDK: BillingClient.startConnection failed in onBillingSetupFinished, responseCode[3]
06-27 19:30:07.146  6751  6751 D GooglePayHelper: GooglePayHelper.initSDK: BillingClient.startConnection failed in onBillingSetupFinished, reconnecting
06-27 19:30:07.146  6751  6751 E GooglePayHelper: GooglePayHelper.initSDK: BillingClient.startConnection failed in onBillingSetupFinished, responseCode[3]
06-27 19:30:07.646  6751  6751 D GooglePayHelper: GooglePayHelper.initSDK: BillingClient.startConnection failed in onBillingSetupFinished, reconnecting
06-27 19:30:07.646  6751  6751 E GooglePayHelper: GooglePayHelper.initSDK: BillingClient.startConnection failed in onBillingSetupFinished, responseCode[3]
06-27 19:30:08.147  6751  6751 D GooglePayHelper: GooglePayHelper.initSDK: BillingClient.startConnection failed in onBillingSetupFinished, reconnecting
06-27 19:30:08.147  6751  6751 E GooglePayHelper: GooglePayHelper.initSDK: BillingClient.startConnection failed in onBillingSetupFinished, responseCode[3]
06-27 19:30:08.647  6751  6751 D GooglePayHelper: GooglePayHelper.initSDK: BillingClient.startConnection failed in onBillingSetupFinished, reconnecting
06-27 19:30:08.648  6751  6751 E GooglePayHelper: GooglePayHelper.initSDK: BillingClient.startConnection failed in onBillingSetupFinished, responseCode[3]
06-27 19:30:09.149  6751  6751 D GooglePayHelper: GooglePayHelper.initSDK: BillingClient.startConnection failed in onBillingSetupFinished, reconnecting
06-27 19:30:09.149  6751  6751 E GooglePayHelper: GooglePayHelper.initSDK: BillingClient.startConnection failed in onBillingSetupFinished, responseCode[3]
06-27 19:30:09.650  6751  6751 D GooglePayHelper: GooglePayHelper.initSDK: BillingClient.startConnection failed in onBillingSetupFinished, reconnecting
06-27 19:30:09.651  6751  6751 E GooglePayHelper: GooglePayHelper.initSDK: BillingClient.startConnection failed in onBillingSetupFinished, responseCode[3]
06-27 19:30:10.147  1108  1287 W AudioFlinger: write blocked for 347 msecs, 3 delayed writes, thread 0xc5a80000
06-27 19:30:10.151  6751  6751 D GooglePayHelper: GooglePayHelper.initSDK: BillingClient.startConnection failed in onBillingSetupFinished, reconnecting
06-27 19:30:10.151  6751  6751 E GooglePayHelper: GooglePayHelper.initSDK: BillingClient.startConnection failed in onBillingSetupFinished, responseCode[3]
06-27 19:30:10.653  6751  6751 D GooglePayHelper: GooglePayHelper.initSDK: BillingClient.startConnection failed in onBillingSetupFinished, reconnecting
06-27 19:30:10.653  6751  6751 E GooglePayHelper: GooglePayHelper.initSDK: BillingClient.startConnection failed in onBillingSetupFinished, responseCode[3]
06-27 19:30:11.153  6751  6751 D GooglePayHelper: GooglePayHelper.initSDK: BillingClient.startConnection failed in onBillingSetupFinished, reconnecting
06-27 19:30:11.154  6751  6751 E GooglePayHelper: GooglePayHelper.initSDK: BillingClient.startConnection failed in onBillingSetupFinished, responseCode[3]
06-27 19:30:11.655  6751  6751 D GooglePayHelper: GooglePayHelper.initSDK: BillingClient.startConnection failed in onBillingSetupFinished, reconnecting
06-27 19:30:11.655  6751  6751 E GooglePayHelper: GooglePayHelper.initSDK: BillingClient.startConnection failed in onBillingSetupFinished, responseCode[3]
06-27 19:30:12.156  6751  6751 D GooglePayHelper: GooglePayHelper.initSDK: BillingClient.startConnection failed in onBillingSetupFinished, reconnecting
06-27 19:30:12.156  6751  6751 E GooglePayHelper: GooglePayHelper.initSDK: BillingClient.startConnection failed in onBillingSetupFinished, responseCode[3]
06-27 19:30:12.656  6751  6751 D GooglePayHelper: GooglePayHelper.initSDK: BillingClient.startConnection failed in onBillingSetupFinished, reconnecting
06-27 19:30:12.657  6751  6751 E GooglePayHelper: GooglePayHelper.initSDK: BillingClient.startConnection failed in onBillingSetupFinished, responseCode[3]
06-27 19:30:13.156  6751  6751 D GooglePayHelper: GooglePayHelper.initSDK: BillingClient.startConnection failed in onBillingSetupFinished, reconnecting
06-27 19:30:13.157  6751  6751 E GooglePayHelper: GooglePayHelper.initSDK: BillingClient.startConnection failed in onBillingSetupFinished, responseCode[3]
06-27 19:30:13.657  6751  6751 D GooglePayHelper: GooglePayHelper.initSDK: BillingClient.startConnection failed in onBillingSetupFinished, reconnecting
06-27 19:30:13.657  6751  6751 E GooglePayHelper: GooglePayHelper.initSDK: BillingClient.startConnection failed in onBillingSetupFinished, responseCode[3]
06-27 19:30:14.157  6751  6751 D GooglePayHelper: GooglePayHelper.initSDK: BillingClient.startConnection failed in onBillingSetupFinished, reconnecting
06-27 19:30:14.158  6751  6751 E GooglePayHelper: GooglePayHelper.initSDK: BillingClient.startConnection failed in onBillingSetupFinished, responseCode[3]
06-27 19:30:14.660  6751  6751 D GooglePayHelper: GooglePayHelper.initSDK: BillingClient.startConnection failed in onBillingSetupFinished, reconnecting
06-27 19:30:14.660  6751  6751 E GooglePayHelper: GooglePayHelper.initSDK: BillingClient.startConnection failed in onBillingSetupFinished, responseCode[3]
06-27 19:30:15.161  6751  6751 D GooglePayHelper: GooglePayHelper.initSDK: BillingClient.startConnection failed in onBillingSetupFinished, reconnecting
06-27 19:30:15.161  6751  6751 E GooglePayHelper: GooglePayHelper.initSDK: BillingClient.startConnection failed in onBillingSetupFinished, responseCode[3]
06-27 19:30:15.661  6751  6751 D GooglePayHelper: GooglePayHelper.initSDK: BillingClient.startConnection failed in onBillingSetupFinished, reconnecting
06-27 19:30:15.661  6751  6751 E GooglePayHelper: GooglePayHelper.initSDK: BillingClient.startConnection failed in onBillingSetupFinished, responseCode[3]
06-27 19:30:16.162  6751  6751 D GooglePayHelper: GooglePayHelper.initSDK: BillingClient.startConnection failed in onBillingSetupFinished, reconnecting
06-27 19:30:16.162  6751  6751 E GooglePayHelper: GooglePayHelper.initSDK: BillingClient.startConnection failed in onBillingSetupFinished, responseCode[3]
06-27 19:30:16.663  6751  6751 D GooglePayHelper: GooglePayHelper.initSDK: BillingClient.startConnection failed in onBillingSetupFinished, reconnecting
06-27 19:30:16.663  6751  6751 E GooglePayHelper: GooglePayHelper.initSDK: BillingClient.startConnection failed in onBillingSetupFinished, responseCode[3]
06-27 19:30:17.163  6751  6751 D GooglePayHelper: GooglePayHelper.initSDK: BillingClient.startConnection failed in onBillingSetupFinished, reconnecting
06-27 19:30:17.164  6751  6751 E GooglePayHelper: GooglePayHelper.initSDK: BillingClient.startConnection failed in onBillingSetupFinished, responseCode[3]
06-27 19:30:17.663  6751  6751 D GooglePayHelper: GooglePayHelper.initSDK: BillingClient.startConnection failed in onBillingSetupFinished, reconnecting
06-27 19:30:17.664  6751  6751 E GooglePayHelper: GooglePayHelper.initSDK: BillingClient.startConnection failed in onBillingSetupFinished, responseCode[3]
06-27 19:30:18.164  6751  6751 D GooglePayHelper: GooglePayHelper.initSDK: BillingClient.startConnection failed in onBillingSetupFinished, reconnecting
06-27 19:30:18.165  6751  6751 E GooglePayHelper: GooglePayHelper.initSDK: BillingClient.startConnection failed in onBillingSetupFinished, responseCode[3]
06-27 19:30:18.665  6751  6751 D GooglePayHelper: GooglePayHelper.initSDK: BillingClient.startConnection failed in onBillingSetupFinished, reconnecting
06-27 19:30:18.665  6751  6751 E GooglePayHelper: GooglePayHelper.initSDK: BillingClient.startConnection failed in onBillingSetupFinished, responseCode[3]
06-27 19:30:19.165  6751  6751 D GooglePayHelper: GooglePayHelper.initSDK: BillingClient.startConnection failed in onBillingSetupFinished, reconnecting
06-27 19:30:19.166  6751  6751 E GooglePayHelper: GooglePayHelper.initSDK: BillingClient.startConnection failed in onBillingSetupFinished, responseCode[3]
06-27 19:30:19.666  6751  6751 D GooglePayHelper: GooglePayHelper.initSDK: BillingClient.startConnection failed in onBillingSetupFinished, reconnecting
06-27 19:30:19.666  6751  6751 E GooglePayHelper: GooglePayHelper.initSDK: BillingClient.startConnection failed in onBillingSetupFinished, responseCode[3]
06-27 19:30:20.167  6751  6751 D GooglePayHelper: GooglePayHelper.initSDK: BillingClient.startConnection failed in onBillingSetupFinished, reconnecting
06-27 19:30:20.167  6751  6751 E GooglePayHelper: GooglePayHelper.initSDK: BillingClient.startConnection failed in onBillingSetupFinished, responseCode[3]
06-27 19:30:20.667  6751  6751 D GooglePayHelper: GooglePayHelper.initSDK: BillingClient.startConnection failed in onBillingSetupFinished, reconnecting
06-27 19:30:20.667  6751  6751 E GooglePayHelper: GooglePayHelper.initSDK: BillingClient.startConnection failed in onBillingSetupFinished, responseCode[3]
06-27 19:30:21.168  6751  6751 D GooglePayHelper: GooglePayHelper.initSDK: BillingClient.startConnection failed in onBillingSetupFinished, reconnecting
06-27 19:30:21.169  6751  6751 E GooglePayHelper: GooglePayHelper.initSDK: BillingClient.startConnection failed in onBillingSetupFinished, responseCode[3]
06-27 19:30:21.670  6751  6751 D GooglePayHelper: GooglePayHelper.initSDK: BillingClient.startConnection failed in onBillingSetupFinished, reconnecting
06-27 19:30:21.670  6751  6751 E GooglePayHelper: GooglePayHelper.initSDK: BillingClient.startConnection failed in onBillingSetupFinished, responseCode[3]
06-27 19:30:22.170  6751  6751 D GooglePayHelper: GooglePayHelper.initSDK: BillingClient.startConnection failed in onBillingSetupFinished, reconnecting
06-27 19:30:22.171  6751  6751 E GooglePayHelper: GooglePayHelper.initSDK: BillingClient.startConnection failed in onBillingSetupFinished, responseCode[3]
06-27 19:30:22.671  6751  6751 D GooglePayHelper: GooglePayHelper.initSDK: BillingClient.startConnection failed in onBillingSetupFinished, reconnecting
06-27 19:30:22.671  6751  6751 E GooglePayHelper: GooglePayHelper.initSDK: BillingClient.startConnection failed in onBillingSetupFinished, responseCode[3]
06-27 19:30:23.171  6751  6751 D GooglePayHelper: GooglePayHelper.initSDK: BillingClient.startConnection failed in onBillingSetupFinished, reconnecting
06-27 19:30:23.171  6751  6751 E GooglePayHelper: GooglePayHelper.initSDK: BillingClient.startConnection failed in onBillingSetupFinished, responseCode[3]
06-27 19:30:23.672  6751  6751 D GooglePayHelper: GooglePayHelper.initSDK: BillingClient.startConnection failed in onBillingSetupFinished, reconnecting
06-27 19:30:23.672  6751  6751 E GooglePayHelper: GooglePayHelper.initSDK: BillingClient.startConnection failed in onBillingSetupFinished, responseCode[3]
06-27 19:30:24.172  6751  6751 D GooglePayHelper: GooglePayHelper.initSDK: BillingClient.startConnection failed in onBillingSetupFinished, reconnecting
06-27 19:30:24.172  6751  6751 E GooglePayHelper: GooglePayHelper.initSDK: BillingClient.startConnection failed in onBillingSetupFinished, responseCode[3]
06-27 19:30:24.679  6751  6751 D GooglePayHelper: GooglePayHelper.initSDK: BillingClient.startConnection failed in onBillingSetupFinished, reconnecting
06-27 19:30:24.679  6751  6751 E GooglePayHelper: GooglePayHelper.initSDK: BillingClient.startConnection failed in onBillingSetupFinished, responseCode[3]
06-27 19:30:25.180  6751  6751 D GooglePayHelper: GooglePayHelper.initSDK: BillingClient.startConnection failed in onBillingSetupFinished, reconnecting
06-27 19:30:25.180  6751  6751 E GooglePayHelper: GooglePayHelper.initSDK: BillingClient.startConnection failed in onBillingSetupFinished, responseCode[3]
06-27 19:30:25.680  6751  6751 D GooglePayHelper: GooglePayHelper.initSDK: BillingClient.startConnection failed in onBillingSetupFinished, reconnecting
06-27 19:30:25.681  6751  6751 E GooglePayHelper: GooglePayHelper.initSDK: BillingClient.startConnection failed in onBillingSetupFinished, responseCode[3]
06-27 19:30:26.181  6751  6751 D GooglePayHelper: GooglePayHelper.initSDK: BillingClient.startConnection failed in onBillingSetupFinished, reconnecting
06-27 19:30:26.181  6751  6751 E GooglePayHelper: GooglePayHelper.initSDK: BillingClient.startConnection failed in onBillingSetupFinished, responseCode[3]
06-27 19:30:26.682  6751  6751 D GooglePayHelper: GooglePayHelper.initSDK: BillingClient.startConnection failed in onBillingSetupFinished, reconnecting
06-27 19:30:26.683  6751  6751 E GooglePayHelper: GooglePayHelper.initSDK: BillingClient.startConnection failed in onBillingSetupFinished, responseCode[3]
06-27 19:30:27.184  6751  6751 D GooglePayHelper: GooglePayHelper.initSDK: BillingClient.startConnection failed in onBillingSetupFinished, reconnecting
06-27 19:30:27.184  6751  6751 E GooglePayHelper: GooglePayHelper.initSDK: BillingClient.startConnection failed in onBillingSetupFinished, responseCode[3]
06-27 19:30:27.688  6751  6751 D GooglePayHelper: GooglePayHelper.initSDK: BillingClient.startConnection failed in onBillingSetupFinished, reconnecting
06-27 19:30:27.690  6751  6751 E GooglePayHelper: GooglePayHelper.initSDK: BillingClient.startConnection failed in onBillingSetupFinished, responseCode[3]
06-27 19:30:28.190  6751  6751 D GooglePayHelper: GooglePayHelper.initSDK: BillingClient.startConnection failed in onBillingSetupFinished, reconnecting
06-27 19:30:28.190  6751  6751 E GooglePayHelper: GooglePayHelper.initSDK: BillingClient.startConnection failed in onBillingSetupFinished, responseCode[3]
06-27 19:30:28.690  6751  6751 D GooglePayHelper: GooglePayHelper.initSDK: BillingClient.startConnection failed in onBillingSetupFinished, reconnecting
06-27 19:30:28.691  6751  6751 E GooglePayHelper: GooglePayHelper.initSDK: BillingClient.startConnection failed in onBillingSetupFinished, responseCode[3]
06-27 19:30:29.191  6751  6751 D GooglePayHelper: GooglePayHelper.initSDK: BillingClient.startConnection failed in onBillingSetupFinished, reconnecting
06-27 19:30:29.191  6751  6751 E GooglePayHelper: GooglePayHelper.initSDK: BillingClient.startConnection failed in onBillingSetupFinished, responseCode[3]
06-27 19:30:29.692  6751  6751 D GooglePayHelper: GooglePayHelper.initSDK: BillingClient.startConnection failed in onBillingSetupFinished, reconnecting
06-27 19:30:29.692  6751  6751 E GooglePayHelper: GooglePayHelper.initSDK: BillingClient.startConnection failed in onBillingSetupFinished, responseCode[3]
06-27 19:30:30.192  6751  6751 D GooglePayHelper: GooglePayHelper.initSDK: BillingClient.startConnection failed in onBillingSetupFinished, reconnecting
06-27 19:30:30.192  6751  6751 E GooglePayHelper: GooglePayHelper.initSDK: BillingClient.startConnection failed in onBillingSetupFinished, responseCode[3]
06-27 19:30:30.692  6751  6751 D GooglePayHelper: GooglePayHelper.initSDK: BillingClient.startConnection failed in onBillingSetupFinished, reconnecting
06-27 19:30:30.692  6751  6751 E GooglePayHelper: GooglePayHelper.initSDK: BillingClient.startConnection failed in onBillingSetupFinished, responseCode[3]
06-27 19:30:31.193  6751  6751 D GooglePayHelper: GooglePayHelper.initSDK: BillingClient.startConnection failed in onBillingSetupFinished, reconnecting
06-27 19:30:31.193  6751  6751 E GooglePayHelper: GooglePayHelper.initSDK: BillingClient.startConnection failed in onBillingSetupFinished, responseCode[3]
06-27 19:30:31.693  6751  6751 D GooglePayHelper: GooglePayHelper.initSDK: BillingClient.startConnection failed in onBillingSetupFinished, reconnecting
06-27 19:30:31.694  6751  6751 E GooglePayHelper: GooglePayHelper.initSDK: BillingClient.startConnection failed in onBillingSetupFinished, responseCode[3]
06-27 19:30:32.194  6751  6751 D GooglePayHelper: GooglePayHelper.initSDK: BillingClient.startConnection failed in onBillingSetupFinished, reconnecting
06-27 19:30:32.195  6751  6751 E GooglePayHelper: GooglePayHelper.initSDK: BillingClient.startConnection failed in onBillingSetupFinished, responseCode[3]
06-27 19:30:32.551  6751  6801 D Cocos   : 19:30:32 [DEBUG]: JS: WebSocket send, MsgID:1
06-27 19:30:32.583  6751  6801 D Cocos   : 19:30:32 [DEBUG]: JS: WebSocket recv, type: string
06-27 19:30:32.584  6751  6801 D Cocos   : 19:30:32 [DEBUG]: JS: WebSocket recv, MsgID: 0
06-27 19:30:32.584  6751  6801 D Cocos   : 19:30:32 [DEBUG]: JS: WebSocket recv error, MsgID: 0
06-27 19:30:32.695  6751  6751 D GooglePayHelper: GooglePayHelper.initSDK: BillingClient.startConnection failed in onBillingSetupFinished, reconnecting
06-27 19:30:32.695  6751  6751 E GooglePayHelper: GooglePayHelper.initSDK: BillingClient.startConnection failed in onBillingSetupFinished, responseCode[3]
06-27 19:30:33.196  6751  6751 D GooglePayHelper: GooglePayHelper.initSDK: BillingClient.startConnection failed in onBillingSetupFinished, reconnecting
06-27 19:30:33.196  6751  6751 E GooglePayHelper: GooglePayHelper.initSDK: BillingClient.startConnection failed in onBillingSetupFinished, responseCode[3]
06-27 19:30:33.697  6751  6751 D GooglePayHelper: GooglePayHelper.initSDK: BillingClient.startConnection failed in onBillingSetupFinished, reconnecting
06-27 19:30:33.697  6751  6751 E GooglePayHelper: GooglePayHelper.initSDK: BillingClient.startConnection failed in onBillingSetupFinished, responseCode[3]
06-27 19:30:33.929  6751  6801 D JniHelper: JniHelper::getJavaVM(), pthread_self() = -1557788400
06-27 19:30:33.967  6751  6801 D JniHelper: JniHelper::getJavaVM(), pthread_self() = -1557788400
06-27 19:30:33.967  6751  6801 D Cocos   : 19:30:33 [DEBUG]: JS: 内存信息检查 Total Private Dirty Memory (KB): 365880
06-27 19:30:33.967  6751  6801 D Cocos   : Total PSS Memory (KB): 421112
06-27 19:30:33.967  6751  6801 D Cocos   : Total Shared Dirty Memory (KB): 11432
06-27 19:30:33.967  6751  6801 D Cocos   : 总内存: 3,544MB
06-27 19:30:33.967  6751  6801 D Cocos   : 可用内存: 2,856MB
06-27 19:30:34.197  6751  6751 D GooglePayHelper: GooglePayHelper.initSDK: BillingClient.startConnection failed in onBillingSetupFinished, reconnecting
06-27 19:30:34.197  6751  6751 E GooglePayHelper: GooglePayHelper.initSDK: BillingClient.startConnection failed in onBillingSetupFinished, responseCode[3]
06-27 19:30:34.698  6751  6751 D GooglePayHelper: GooglePayHelper.initSDK: BillingClient.startConnection failed in onBillingSetupFinished, reconnecting
06-27 19:30:34.699  6751  6751 E GooglePayHelper: GooglePayHelper.initSDK: BillingClient.startConnection failed in onBillingSetupFinished, responseCode[3]
06-27 19:30:35.200  6751  6751 D GooglePayHelper: GooglePayHelper.initSDK: BillingClient.startConnection failed in onBillingSetupFinished, reconnecting
06-27 19:30:35.201  6751  6751 E GooglePayHelper: GooglePayHelper.initSDK: BillingClient.startConnection failed in onBillingSetupFinished, responseCode[3]
06-27 19:30:35.701  6751  6751 D GooglePayHelper: GooglePayHelper.initSDK: BillingClient.startConnection failed in onBillingSetupFinished, reconnecting
06-27 19:30:35.702  6751  6751 E GooglePayHelper: GooglePayHelper.initSDK: BillingClient.startConnection failed in onBillingSetupFinished, responseCode[3]
06-27 19:30:36.202  6751  6751 D GooglePayHelper: GooglePayHelper.initSDK: BillingClient.startConnection failed in onBillingSetupFinished, reconnecting
06-27 19:30:36.202  6751  6751 E GooglePayHelper: GooglePayHelper.initSDK: BillingClient.startConnection failed in onBillingSetupFinished, responseCode[3]
06-27 19:30:36.703  6751  6751 D GooglePayHelper: GooglePayHelper.initSDK: BillingClient.startConnection failed in onBillingSetupFinished, reconnecting
06-27 19:30:36.703  6751  6751 E GooglePayHelper: GooglePayHelper.initSDK: BillingClient.startConnection failed in onBillingSetupFinished, responseCode[3]
06-27 19:30:37.204  6751  6751 D GooglePayHelper: GooglePayHelper.initSDK: BillingClient.startConnection failed in onBillingSetupFinished, reconnecting
06-27 19:30:37.205  6751  6751 E GooglePayHelper: GooglePayHelper.initSDK: BillingClient.startConnection failed in onBillingSetupFinished, responseCode[3]
06-27 19:30:37.706  6751  6751 D GooglePayHelper: GooglePayHelper.initSDK: BillingClient.startConnection failed in onBillingSetupFinished, reconnecting
06-27 19:30:37.707  6751  6751 E GooglePayHelper: GooglePayHelper.initSDK: BillingClient.startConnection failed in onBillingSetupFinished, responseCode[3]
06-27 19:30:38.206  6751  6751 D GooglePayHelper: GooglePayHelper.initSDK: BillingClient.startConnection failed in onBillingSetupFinished, reconnecting
06-27 19:30:38.207  6751  6751 E GooglePayHelper: GooglePayHelper.initSDK: BillingClient.startConnection failed in onBillingSetupFinished, responseCode[3]
06-27 19:30:38.709  6751  6751 D GooglePayHelper: GooglePayHelper.initSDK: BillingClient.startConnection failed in onBillingSetupFinished, reconnecting
06-27 19:30:38.710  6751  6751 E GooglePayHelper: GooglePayHelper.initSDK: BillingClient.startConnection failed in onBillingSetupFinished, responseCode[3]
06-27 19:30:39.211  6751  6751 D GooglePayHelper: GooglePayHelper.initSDK: BillingClient.startConnection failed in onBillingSetupFinished, reconnecting
06-27 19:30:39.211  6751  6751 E GooglePayHelper: GooglePayHelper.initSDK: BillingClient.startConnection failed in onBillingSetupFinished, responseCode[3]
06-27 19:30:39.711  6751  6751 D GooglePayHelper: GooglePayHelper.initSDK: BillingClient.startConnection failed in onBillingSetupFinished, reconnecting
06-27 19:30:39.712  6751  6751 E GooglePayHelper: GooglePayHelper.initSDK: BillingClient.startConnection failed in onBillingSetupFinished, responseCode[3]
06-27 19:30:40.213  6751  6751 D GooglePayHelper: GooglePayHelper.initSDK: BillingClient.startConnection failed in onBillingSetupFinished, reconnecting
06-27 19:30:40.213  6751  6751 E GooglePayHelper: GooglePayHelper.initSDK: BillingClient.startConnection failed in onBillingSetupFinished, responseCode[3]
06-27 19:30:40.714  6751  6751 D GooglePayHelper: GooglePayHelper.initSDK: BillingClient.startConnection failed in onBillingSetupFinished, reconnecting
06-27 19:30:40.715  6751  6751 E GooglePayHelper: GooglePayHelper.initSDK: BillingClient.startConnection failed in onBillingSetupFinished, responseCode[3]
06-27 19:30:41.214  6751  6751 D GooglePayHelper: GooglePayHelper.initSDK: BillingClient.startConnection failed in onBillingSetupFinished, reconnecting
06-27 19:30:41.215  6751  6751 E GooglePayHelper: GooglePayHelper.initSDK: BillingClient.startConnection failed in onBillingSetupFinished, responseCode[3]
06-27 19:30:41.716  6751  6751 D GooglePayHelper: GooglePayHelper.initSDK: BillingClient.startConnection failed in onBillingSetupFinished, reconnecting
06-27 19:30:41.716  6751  6751 E GooglePayHelper: GooglePayHelper.initSDK: BillingClient.startConnection failed in onBillingSetupFinished, responseCode[3]
06-27 19:30:42.216  6751  6751 D GooglePayHelper: GooglePayHelper.initSDK: BillingClient.startConnection failed in onBillingSetupFinished, reconnecting
06-27 19:30:42.216  6751  6751 E GooglePayHelper: GooglePayHelper.initSDK: BillingClient.startConnection failed in onBillingSetupFinished, responseCode[3]
06-27 19:30:42.716  6751  6751 D GooglePayHelper: GooglePayHelper.initSDK: BillingClient.startConnection failed in onBillingSetupFinished, reconnecting
06-27 19:30:42.716  6751  6751 E GooglePayHelper: GooglePayHelper.initSDK: BillingClient.startConnection failed in onBillingSetupFinished, responseCode[3]
06-27 19:30:43.219  6751  6751 D GooglePayHelper: GooglePayHelper.initSDK: BillingClient.startConnection failed in onBillingSetupFinished, reconnecting
06-27 19:30:43.219  6751  6751 E GooglePayHelper: GooglePayHelper.initSDK: BillingClient.startConnection failed in onBillingSetupFinished, responseCode[3]
06-27 19:30:43.719  6751  6751 D GooglePayHelper: GooglePayHelper.initSDK: BillingClient.startConnection failed in onBillingSetupFinished, reconnecting
06-27 19:30:43.719  6751  6751 E GooglePayHelper: GooglePayHelper.initSDK: BillingClient.startConnection failed in onBillingSetupFinished, responseCode[3]
06-27 19:30:44.220  6751  6751 D GooglePayHelper: GooglePayHelper.initSDK: BillingClient.startConnection failed in onBillingSetupFinished, reconnecting
06-27 19:30:44.220  6751  6751 E GooglePayHelper: GooglePayHelper.initSDK: BillingClient.startConnection failed in onBillingSetupFinished, responseCode[3]
06-27 19:30:44.720  6751  6751 D GooglePayHelper: GooglePayHelper.initSDK: BillingClient.startConnection failed in onBillingSetupFinished, reconnecting
06-27 19:30:44.721  6751  6751 E GooglePayHelper: GooglePayHelper.initSDK: BillingClient.startConnection failed in onBillingSetupFinished, responseCode[3]
06-27 19:30:45.222  6751  6751 D GooglePayHelper: GooglePayHelper.initSDK: BillingClient.startConnection failed in onBillingSetupFinished, reconnecting
06-27 19:30:45.223  6751  6751 E GooglePayHelper: GooglePayHelper.initSDK: BillingClient.startConnection failed in onBillingSetupFinished, responseCode[3]
06-27 19:30:45.723  6751  6751 D GooglePayHelper: GooglePayHelper.initSDK: BillingClient.startConnection failed in onBillingSetupFinished, reconnecting
06-27 19:30:45.723  6751  6751 E GooglePayHelper: GooglePayHelper.initSDK: BillingClient.startConnection failed in onBillingSetupFinished, responseCode[3]
06-27 19:30:46.223  6751  6751 D GooglePayHelper: GooglePayHelper.initSDK: BillingClient.startConnection failed in onBillingSetupFinished, reconnecting
06-27 19:30:46.224  6751  6751 E GooglePayHelper: GooglePayHelper.initSDK: BillingClient.startConnection failed in onBillingSetupFinished, responseCode[3]
06-27 19:30:46.724  6751  6751 D GooglePayHelper: GooglePayHelper.initSDK: BillingClient.startConnection failed in onBillingSetupFinished, reconnecting
06-27 19:30:46.725  6751  6751 E GooglePayHelper: GooglePayHelper.initSDK: BillingClient.startConnection failed in onBillingSetupFinished, responseCode[3]
06-27 19:30:47.225  6751  6751 D GooglePayHelper: GooglePayHelper.initSDK: BillingClient.startConnection failed in onBillingSetupFinished, reconnecting
06-27 19:30:47.226  6751  6751 E GooglePayHelper: GooglePayHelper.initSDK: BillingClient.startConnection failed in onBillingSetupFinished, responseCode[3]
06-27 19:30:47.727  6751  6751 D GooglePayHelper: GooglePayHelper.initSDK: BillingClient.startConnection failed in onBillingSetupFinished, reconnecting
06-27 19:30:47.727  6751  6751 E GooglePayHelper: GooglePayHelper.initSDK: BillingClient.startConnection failed in onBillingSetupFinished, responseCode[3]
06-27 19:30:48.227  6751  6751 D GooglePayHelper: GooglePayHelper.initSDK: BillingClient.startConnection failed in onBillingSetupFinished, reconnecting
06-27 19:30:48.227  6751  6751 E GooglePayHelper: GooglePayHelper.initSDK: BillingClient.startConnection failed in onBillingSetupFinished, responseCode[3]
06-27 19:30:48.727  6751  6751 D GooglePayHelper: GooglePayHelper.initSDK: BillingClient.startConnection failed in onBillingSetupFinished, reconnecting
06-27 19:30:48.728  6751  6751 E GooglePayHelper: GooglePayHelper.initSDK: BillingClient.startConnection failed in onBillingSetupFinished, responseCode[3]
06-27 19:30:49.229  6751  6751 D GooglePayHelper: GooglePayHelper.initSDK: BillingClient.startConnection failed in onBillingSetupFinished, reconnecting
06-27 19:30:49.229  6751  6751 E GooglePayHelper: GooglePayHelper.initSDK: BillingClient.startConnection failed in onBillingSetupFinished, responseCode[3]
